SPECTRA PATH: 
/home/letizia/Documents/Dottorato/Programma_new/relax/data600/dati_olio600/29/pdata/1

CALIBRATION: (1.20000:0.88800) ppm
in points
0   0   -1   1   1   1   3   4   5   6   8   9   12   17   34   -35   
in ppm
0.00000   0.00000   -0.00037   0.00037   0.00037   0.00037   0.00110   0.00147   0.00183   0.00220   0.00293   0.00330   0.00440   0.00623   0.01247   -0.01284   

Points:
1	0.004
2	0.013
3	0.053
4	0.083
5	0.103
6	0.153
7	0.253
8	0.353
9	0.453
10	0.553
11	0.703
12	0.903
13	1.203
14	2.003
15	4.003
16	5.003

VCLIST point: 9437.80 T

Selected intervals (ppm):
1	5.4200	5.3460
2	5.5580	5.4250

====================================================================================================

N. interval: 1
Baseline coefficients
A	0.00000e+00
B	0.00000e+00
C	0.00000e+00
D	0.00000e+00
E	0.00000e+00
N. point	Integral
0	11490051.070 +/- 9061.146
1	11414365.859 +/- 7082.592
2	10796626.688 +/- 7935.317
3	10318970.262 +/- 7608.810
4	10076777.457 +/- 7332.428
5	9369194.570 +/- 6701.968
6	8239445.023 +/- 5569.464
7	7162344.016 +/- 6587.707
8	6174655.930 +/- 7979.774
9	5293070.719 +/- 2592.971
10	4207559.910 +/- 2723.227
11	3156530.188 +/- 5923.468
12	1931686.820 +/- 1258.590
13	567783.379 +/- 1012.730
14	-4575.688 +/- 833.648
15	10077.902 +/- 817.484

N. interval: 2
Baseline coefficients
A	0.00000e+00
B	0.00000e+00
C	0.00000e+00
D	0.00000e+00
E	0.00000e+00
N. point	Integral
0	62862203.285 +/- 16238.292
1	61764370.652 +/- 12692.565
2	58890427.641 +/- 14220.717
3	56945743.758 +/- 13635.590
4	55801300.195 +/- 13140.291
5	52485625.727 +/- 12010.458
6	46705987.477 +/- 9980.920
7	41576298.945 +/- 11805.692
8	36975756.562 +/- 14300.386
9	32822858.430 +/- 4646.810
10	27413849.129 +/- 4880.238
11	21482755.273 +/- 10615.324
12	14918613.805 +/- 2255.493
13	5561747.387 +/- 1814.893
14	478889.609 +/- 1493.963
15	50204.660 +/- 1464.996


------------------------------
N. PEAK: 1
------------------------------

Fit Parameters:

Mono
y = a + A exp(-t/T1)
fit: T1=-1.4984e-01, a=-7.833e+04, A=1.173e+07
[[Fit Statistics]]
    # fitting method   = leastsq
    # function evals   = 11
    # data points      = 16
    # variables        = 1
    chi-square         = 7.4462e+10
    reduced chi-square = 4.9641e+09
    Akaike info crit   = 358.175390
    Bayesian info crit = 358.947979
[[Variables]]
    t1: -0.14983762 +/- 0.00495903 (3.31%) (init = 0)

Bi
y = a + A (f exp(-t/T1a)+ (1-f) exp(-t/T1b))
fit: f=8.475e-01, T1a=-1.4984e-01, T1b=-1.4985e-01, a=-7.832e+04, A=1.173e+07
[[Fit Statistics]]
    # fitting method   = leastsq
    # function evals   = 66
    # data points      = 16
    # variables        = 3
    chi-square         = 7.4462e+10
    reduced chi-square = 5.7278e+09
    Akaike info crit   = 362.175390
    Bayesian info crit = 364.493157
[[Variables]]
    f:    0.84754407 +/- 9805407.97 (1156920129.74%) (init = 0.5)
    t1a: -0.14983782 +/- 86.8202322 (57942.80%) (init = 0)
    t1b: -0.14984644 +/- 556.487492 (371371.84%) (init = 0)
[[Correlations]] (unreported correlations are < 0.100)
    C(t1a, t1b) = -0.9338
    C(f, t1b)   = +0.5223
    C(f, t1a)   = -0.1825

------------------------------
N. PEAK: 2
------------------------------

Fit Parameters:

Mono
y = a + A exp(-t/T1)
fit: T1=-7.1251e-02, a=-2.012e+05, A=6.313e+07
[[Fit Statistics]]
    # fitting method   = leastsq
    # function evals   = 9
    # data points      = 16
    # variables        = 1
    chi-square         = 3.2091e+11
    reduced chi-square = 2.1394e+10
    Akaike info crit   = 381.549278
    Bayesian info crit = 382.321867
[[Variables]]
    t1: -0.07125057 +/- 0.00197533 (2.77%) (init = 0)

Bi
y = a + A (f exp(-t/T1a)+ (1-f) exp(-t/T1b))
fit: f=4.843e-01, T1a=-7.1258e-02, T1b=-7.1243e-02, a=-2.012e+05, A=6.313e+07
[[Fit Statistics]]
    # fitting method   = leastsq
    # function evals   = 35
    # data points      = 16
    # variables        = 3
    chi-square         = 3.2091e+11
    reduced chi-square = 2.4685e+10
    Akaike info crit   = 385.549278
    Bayesian info crit = 387.867045
[[Variables]]
    f:    0.48433573 +/- 770449.532 (159073446.31%) (init = 0.5)
    t1a: -0.07125810 +/- 12980.9512 (18216808.18%) (init = 0)
    t1b: -0.07124348 +/- 12192.0558 (17113222.23%) (init = 0)
[[Correlations]] (unreported correlations are < 0.100)
    C(t1a, t1b) = -1.0000
    C(f, t1b)   = -0.2539
    C(f, t1a)   = +0.2539
====================================================================================================