SPECTRA PATH: 
path/to/spectra

CALIBRATION: (1.20000:0.88800) ppm
in points
0   0   0   1   2   2   4   5   5   7   9   9   13   19   -7   -48   
in ppm
0.00000   0.00000   0.00000   0.00037   0.00073   0.00073   0.00147   0.00183   0.00183   0.00257   0.00330   0.00330   0.00477   0.00697   -0.00257   -0.01760   

Points:
1	0.004
2	0.013
3	0.053
4	0.083
5	0.103
6	0.153
7	0.253
8	0.353
9	0.453
10	0.553
11	0.703
12	0.903
13	1.203
14	2.003
15	4.003
16	5.003

VCLIST point: 4278.02 T

Selected intervals (ppm):
1	5.4200	5.3460
2	5.5580	5.4250

====================================================================================================

N. interval: 1
Baseline coefficients
A	0.00000e+00
B	0.00000e+00
C	0.00000e+00
D	0.00000e+00
E	0.00000e+00
N. point	Integral
0	10782231.734 +/- 10295.358
1	10623912.523 +/- 7383.030
2	9479106.594 +/- 5552.455
3	8717724.336 +/- 6223.136
4	8162843.586 +/- 4638.997
5	7113825.203 +/- 5182.431
6	5370990.031 +/- 5609.969
7	4055817.324 +/- 4037.390
8	2995931.344 +/- 3018.239
9	2258755.832 +/- 1629.570
10	1475503.895 +/- 1405.771
11	908979.961 +/- 1625.878
12	379889.281 +/- 1009.294
13	52800.438 +/- 1031.215
14	48119.070 +/- 743.987
15	6728.676 +/- 695.570

N. interval: 2
Baseline coefficients
A	0.00000e+00
B	0.00000e+00
C	0.00000e+00
D	0.00000e+00
E	0.00000e+00
N. point	Integral
0	60421635.566 +/- 18450.096
1	59330358.172 +/- 13230.975
2	54745132.891 +/- 9950.438
3	51606648.000 +/- 11152.352
4	49822436.109 +/- 8313.449
5	44980827.324 +/- 9287.327
6	37055105.336 +/- 10053.509
7	30528086.125 +/- 7235.323
8	25134159.852 +/- 5408.923
9	20722440.672 +/- 2920.318
10	15497085.121 +/- 2519.253
11	10547004.012 +/- 2913.702
12	5960689.227 +/- 1808.735
13	1333349.754 +/- 1848.018
14	304411.395 +/- 1333.283
15	1038.809 +/- 1246.517


------------------------------
N. PEAK: 1
------------------------------

Fit Parameters:

Mono
y = a + A exp(-t/T1)
fit: T1=-4.5495e-01, a=2.421e+04, A=1.096e+07
[[Fit Statistics]]
    # fitting method   = leastsq
    # function evals   = 9
    # data points      = 16
    # variables        = 1
    chi-square         = 1.9110e+10
    reduced chi-square = 1.2740e+09
    Akaike info crit   = 336.414000
    Bayesian info crit = 337.186589
[[Variables]]
    t1: -0.45494533 +/- 0.00265459 (0.58%) (init = 0)

Bi
y = a + A (f exp(-t/T1a)+ (1-f) exp(-t/T1b))
fit: f=5.693e-01, T1a=-4.5494e-01, T1b=-4.5495e-01, a=2.421e+04, A=1.096e+07
[[Fit Statistics]]
    # fitting method   = leastsq
    # function evals   = 54
    # data points      = 16
    # variables        = 3
    chi-square         = 1.9110e+10
    reduced chi-square = 1.4700e+09
    Akaike info crit   = 340.414000
    Bayesian info crit = 342.731767
[[Variables]]
    f:    0.56928718 +/- 1171619.08 (205804578.71%) (init = 0.5)
    t1a: -0.45494190 +/- 198.243701 (43575.61%) (init = 0)
    t1b: -0.45495086 +/- 259.776774 (57099.96%) (init = 0)
[[Correlations]] (unreported correlations are < 0.100)
    C(t1a, t1b) = -0.9957
    C(f, t1a)   = -0.1383

------------------------------
N. PEAK: 2
------------------------------

Fit Parameters:

Mono
y = a + A exp(-t/T1)
fit: T1=-2.9189e-01, a=1.609e+05, A=6.064e+07
[[Fit Statistics]]
    # fitting method   = leastsq
    # function evals   = 9
    # data points      = 16
    # variables        = 1
    chi-square         = 1.0173e+11
    reduced chi-square = 6.7822e+09
    Akaike info crit   = 363.168533
    Bayesian info crit = 363.941121
[[Variables]]
    t1: -0.29188802 +/- 0.00109681 (0.38%) (init = 0)

Bi
y = a + A (f exp(-t/T1a)+ (1-f) exp(-t/T1b))
fit: f=5.948e-03, T1a=-1.0569e+00, T1b=-2.8924e-01, a=1.326e+05, A=6.076e+07
[[Fit Statistics]]
    # fitting method   = leastsq
    # function evals   = 58
    # data points      = 16
    # variables        = 3
    chi-square         = 7.4555e+10
    reduced chi-square = 5.7350e+09
    Akaike info crit   = 362.195487
    Bayesian info crit = 364.513254
[[Variables]]
    f:    0.00594758 +/- 0.00527917 (88.76%) (init = 0.5)
    t1a: -1.05692870 +/- 0.46208173 (43.72%) (init = 0)
    t1b: -0.28924471 +/- 0.00260877 (0.90%) (init = 0)
[[Correlations]] (unreported correlations are < 0.100)
    C(f, t1b)   = +0.9215
    C(f, t1a)   = +0.8570
    C(t1a, t1b) = +0.7957
====================================================================================================
