SPECTRA PATH: 
/home/letizia/Documents/Dottorato/Programma_new/relax/data600/dati_olio600/28

CALIBRATION: (1.20000-0.88800) ppm
in points
0   0   -1   2   2   2   4   5   7   8   10   12   20   42   24   -61   
in ppm
0.00000   0.00000   -0.00037   0.00073   0.00073   0.00073   0.00147   0.00183   0.00257   0.00293   0.00367   0.00440   0.00734   0.01540   0.00880   -0.02237   

Points:
1	0.004
2	0.013
3	0.053
4	0.083
5	0.103
6	0.153
7	0.253
8	0.353
9	0.453
10	0.553
11	0.703
12	0.903
13	1.203
14	2.003
15	4.003
16	5.003

VCLIST point: 395.07 T

SELECTED INTERVALS:


====================================================================================================

N. interval: 1
Baseline coefficients
A	0.00000e+00
B	0.00000e+00
C	0.00000e+00
D	0.00000e+00
E	0.00000e+00
N. point	Integral
0	597978.363 +/- 162.364
1	563089.602 +/- 121.561
2	432569.539 +/- 81.389
3	354427.234 +/- 78.618
4	312946.621 +/- 53.132
5	226132.129 +/- 39.728
6	119490.305 +/- 22.299
7	63655.570 +/- 13.399
8	34455.043 +/- 8.747
9	18771.742 +/- 15.730
10	7473.113 +/- 8.139
11	2115.379 +/- 5.656
12	897.402 +/- 7.307
13	169.582 +/- 8.043
14	650.539 +/- 6.110
15	134.488 +/- 7.565

N. interval: 2
Baseline coefficients
A	0.00000e+00
B	0.00000e+00
C	0.00000e+00
D	0.00000e+00
E	0.00000e+00
N. point	Integral
0	69864.973 +/- 162.364
1	60764.598 +/- 121.561
2	32376.477 +/- 81.389
3	20328.613 +/- 78.618
4	15594.566 +/- 53.132
5	7649.172 +/- 39.728
6	2434.984 +/- 22.299
7	1233.723 +/- 13.399
8	818.996 +/- 8.747
9	535.969 +/- 15.730
10	269.934 +/- 8.139
11	142.656 +/- 5.656
12	134.562 +/- 7.307
13	26.672 +/- 8.043
14	74.785 +/- 6.110
15	22.684 +/- 7.565


------------------------------
N. PEAK: 1
------------------------------

Fit Parameters:

Mono
y = a + A exp(-t/T1)
fit: T1=-8.1469e-01, a=1.118e+03, A=6.112e+05
[[Fit Statistics]]
    # fitting method   = leastsq
    # function evals   = 15
    # data points      = 16
    # variables        = 1
    chi-square         = 18409653.5
    reduced chi-square = 1227310.23
    Akaike info crit   = 225.292752
    Bayesian info crit = 226.065341
[[Variables]]
    t1: -0.81469328 +/- 0.00153085 (0.19%) (init = 0)

Bi
y = a + A (f exp(-t/T1a)+ (1-f) exp(-t/T1b))
fit: f=9.089e-01, T1a=-7.9232e-01, T1b=-1.0597e+00, a=3.422e+02, A=6.137e+05
[[Fit Statistics]]
    # fitting method   = leastsq
    # function evals   = 84
    # data points      = 16
    # variables        = 3
    chi-square         = 2166065.37
    reduced chi-square = 166620.413
    Akaike info crit   = 195.053347
    Bayesian info crit = 197.371113
[[Variables]]
    f:    0.90887135 +/- 0.06210383 (6.83%) (init = 0.5)
    t1a: -0.79231673 +/- 0.00906283 (1.14%) (init = 0)
    t1b: -1.05966605 +/- 0.10039697 (9.47%) (init = 0)
[[Correlations]] (unreported correlations are < 0.100)
    C(f, t1a)   = -0.9911
    C(f, t1b)   = -0.9908
    C(t1a, t1b) = +0.9665

------------------------------
N. PEAK: 2
------------------------------

Fit Parameters:

Mono
y = a + A exp(-t/T1)
fit: T1=-1.1919e+00, a=4.020e+02, A=7.381e+04
[[Fit Statistics]]
    # fitting method   = leastsq
    # function evals   = 13
    # data points      = 16
    # variables        = 1
    chi-square         = 1895919.89
    reduced chi-square = 126394.660
    Akaike info crit   = 188.922016
    Bayesian info crit = 189.694605
[[Variables]]
    t1: -1.19185460 +/- 0.00426032 (0.36%) (init = 0)

Bi
y = a + A (f exp(-t/T1a)+ (1-f) exp(-t/T1b))
fit: f=4.686e-02, T1a=-5.5867e-01, T1b=-1.2197e+00, a=4.336e+01, A=7.452e+04
[[Fit Statistics]]
    # fitting method   = leastsq
    # function evals   = 39
    # data points      = 16
    # variables        = 3
    chi-square         = 175852.920
    reduced chi-square = 13527.1477
    Akaike info crit   = 154.877032
    Bayesian info crit = 157.194798
[[Variables]]
    f:    0.04686271 +/- 0.01052284 (22.45%) (init = 0.5)
    t1a: -0.55866815 +/- 0.08268714 (14.80%) (init = 0)
    t1b: -1.21968665 +/- 0.00519695 (0.43%) (init = 0)
[[Correlations]] (unreported correlations are < 0.100)
    C(f, t1b)   = -0.9500
    C(f, t1a)   = -0.9251
    C(t1a, t1b) = +0.8322
====================================================================================================