SPECTRA PATH: 
/home/letizia/Documents/Dottorato/Programma_new/relax/data600/dati_olio600/41/pdata/1

CALIBRATION: (1.20000:0.88800) ppm
in points
0   -1   -1   1   2   2   3   5   7   7   10   13   17   -21   -24   17   
in ppm
0.00000   -0.00037   -0.00037   0.00037   0.00073   0.00073   0.00110   0.00183   0.00257   0.00257   0.00367   0.00477   0.00623   -0.00770   -0.00880   0.00623   

Points:
1	0.004
2	0.013
3	0.053
4	0.083
5	0.103
6	0.153
7	0.253
8	0.353
9	0.453
10	0.553
11	0.703
12	0.903
13	1.203
14	2.003
15	4.003
16	5.003

VCLIST point: 80.69 T

Selected intervals (ppm):
1	5.4200	5.3460
2	5.5580	5.4250

====================================================================================================

N. interval: 1
Baseline coefficients
A	0.00000e+00
B	0.00000e+00
C	0.00000e+00
D	0.00000e+00
E	0.00000e+00
N. point	Integral
0	3075358.205 +/- 3673.120
1	2306382.885 +/- 2575.134
2	928933.787 +/- 1516.147
3	482555.393 +/- 1056.525
4	385244.166 +/- 1022.185
5	203424.365 +/- 975.293
6	88882.996 +/- 945.837
7	43094.684 +/- 868.485
8	21087.104 +/- 1173.913
9	8981.264 +/- 712.996
10	8078.750 +/- 780.926
11	5337.855 +/- 780.294
12	3094.375 +/- 753.959
13	1739.688 +/- 730.911
14	-663.879 +/- 777.313
15	1691.562 +/- 633.183

N. interval: 2
Baseline coefficients
A	0.00000e+00
B	0.00000e+00
C	0.00000e+00
D	0.00000e+00
E	0.00000e+00
N. point	Integral
0	37902426.029 +/- 6582.522
1	34514259.678 +/- 4614.844
2	22929772.926 +/- 2717.056
3	17081717.162 +/- 1893.376
4	14247436.027 +/- 1831.837
5	8983945.900 +/- 1747.803
6	3736316.057 +/- 1695.015
7	1699816.025 +/- 1556.393
8	822481.100 +/- 2103.746
9	416651.488 +/- 1277.746
10	163627.309 +/- 1399.481
11	49785.438 +/- 1398.349
12	8966.975 +/- 1351.155
13	-26.248 +/- 1309.850
14	-956.611 +/- 1393.006
15	1153.764 +/- 1134.713


------------------------------
N. PEAK: 1
------------------------------

Fit Parameters:

Mono
y = a + A exp(-t/T1)
fit: T1=-1.3766e+00, a=2.921e+04, A=3.255e+06
[[Fit Statistics]]
    # fitting method   = leastsq
    # function evals   = 17
    # data points      = 16
    # variables        = 1
    chi-square         = 4.1523e+10
    reduced chi-square = 2.7682e+09
    Akaike info crit   = 348.830771
    Bayesian info crit = 349.603360
[[Variables]]
    t1: -1.37659389 +/- 0.01706494 (1.24%) (init = 0)

Bi
y = a + A (f exp(-t/T1a)+ (1-f) exp(-t/T1b))
fit: f=6.657e-01, T1a=-1.6250e+00, T1b=-1.0633e+00, a=7.797e+03, A=3.462e+06
[[Fit Statistics]]
    # fitting method   = leastsq
    # function evals   = 139
    # data points      = 16
    # variables        = 3
    chi-square         = 5.6869e+09
    reduced chi-square = 4.3745e+08
    Akaike info crit   = 321.021357
    Bayesian info crit = 323.339123
[[Variables]]
    f:    0.66565716 +/- 0.07364014 (11.06%) (init = 0.5)
    t1a: -1.62496391 +/- 0.04666530 (2.87%) (init = 0)
    t1b: -1.06333049 +/- 0.06694863 (6.30%) (init = 0)
[[Correlations]] (unreported correlations are < 0.100)
    C(f, t1b)   = +0.9692
    C(f, t1a)   = +0.9098
    C(t1a, t1b) = +0.8296

------------------------------
N. PEAK: 2
------------------------------

Fit Parameters:

Mono
y = a + A exp(-t/T1)
fit: T1=-9.9516e-01, a=1.702e+05, A=3.903e+07
[[Fit Statistics]]
    # fitting method   = leastsq
    # function evals   = 13
    # data points      = 16
    # variables        = 1
    chi-square         = 7.1974e+11
    reduced chi-square = 4.7983e+10
    Akaike info crit   = 394.473165
    Bayesian info crit = 395.245754
[[Variables]]
    t1: -0.99515505 +/- 0.00471563 (0.47%) (init = 0)

Bi
y = a + A (f exp(-t/T1a)+ (1-f) exp(-t/T1b))
fit: f=5.457e-01, T1a=-8.6940e-01, T1b=-1.1574e+00, a=1.604e+04, A=3.952e+07
[[Fit Statistics]]
    # fitting method   = leastsq
    # function evals   = 66
    # data points      = 16
    # variables        = 3
    chi-square         = 1.9905e+10
    reduced chi-square = 1.5311e+09
    Akaike info crit   = 341.066151
    Bayesian info crit = 343.383917
[[Variables]]
    f:    0.54569541 +/- 0.07626919 (13.98%) (init = 0.5)
    t1a: -0.86940291 +/- 0.01970212 (2.27%) (init = 0)
    t1b: -1.15739333 +/- 0.02761615 (2.39%) (init = 0)
[[Correlations]] (unreported correlations are < 0.100)
    C(f, t1b)   = -0.9886
    C(f, t1a)   = -0.9883
    C(t1a, t1b) = +0.9572
====================================================================================================