SPECTRA PATH: 
path/to/spectra

CALIBRATION: (1.20000:0.88800) ppm
in points
0   0   0   2   3   2   4   5   6   7   9   12   16   38   -50   -80   
in ppm
0.00000   0.00000   0.00000   0.00073   0.00110   0.00073   0.00147   0.00183   0.00220   0.00257   0.00330   0.00440   0.00587   0.01394   -0.01834   -0.02934   

Points:
1	0.004
2	0.013
3	0.053
4	0.083
5	0.103
6	0.153
7	0.253
8	0.353
9	0.453
10	0.553
11	0.703
12	0.903
13	1.203
14	2.003
15	4.003
16	5.003

VCLIST point: 584.10 T

Selected intervals (ppm):
1	5.4200	5.3460
2	5.5580	5.4250

====================================================================================================

N. interval: 1
Baseline coefficients
A	0.00000e+00
B	0.00000e+00
C	0.00000e+00
D	0.00000e+00
E	0.00000e+00
N. point	Integral
0	7050776.879 +/- 5626.963
1	6293801.246 +/- 5530.385
2	3886686.348 +/- 3091.124
3	2748848.906 +/- 2243.068
4	2206237.621 +/- 1901.751
5	1313754.662 +/- 1788.582
6	515736.047 +/- 1042.930
7	222733.629 +/- 887.827
8	107952.338 +/- 791.666
9	69086.043 +/- 811.467
10	28268.174 +/- 776.822
11	10267.066 +/- 887.291
12	4438.090 +/- 801.653
13	3342.881 +/- 779.384
14	-654.643 +/- 803.924
15	4246.621 +/- 679.533

N. interval: 2
Baseline coefficients
A	0.00000e+00
B	0.00000e+00
C	0.00000e+00
D	0.00000e+00
E	0.00000e+00
N. point	Integral
0	50441739.744 +/- 10083.964
1	47912215.631 +/- 9910.888
2	37888244.582 +/- 5539.540
3	32002914.430 +/- 4019.756
4	28772390.635 +/- 3408.088
5	21725272.307 +/- 3205.280
6	12676001.252 +/- 1869.013
7	7521547.662 +/- 1591.057
8	4528360.432 +/- 1418.728
9	2749731.021 +/- 1454.213
10	1317548.357 +/- 1392.126
11	513913.678 +/- 1590.097
12	138619.389 +/- 1436.626
13	6175.043 +/- 1396.718
14	5694.828 +/- 1440.695
15	34448.227 +/- 1217.778


------------------------------
N. PEAK: 1
------------------------------

Fit Parameters:

Mono
y = a + A exp(-t/T1)
fit: T1=-1.0704e+00, a=4.151e+04, A=7.297e+06
[[Fit Statistics]]
    # fitting method   = leastsq
    # function evals   = 19
    # data points      = 16
    # variables        = 1
    chi-square         = 3.6217e+10
    reduced chi-square = 2.4144e+09
    Akaike info crit   = 346.643088
    Bayesian info crit = 347.415677
[[Variables]]
    t1: -1.07039042 +/- 0.00569773 (0.53%) (init = 0)

Bi
y = a + A (f exp(-t/T1a)+ (1-f) exp(-t/T1b))
fit: f=3.239e-01, T1a=-8.4516e-01, T1b=-1.1850e+00, a=5.245e+03, A=7.406e+06
[[Fit Statistics]]
    # fitting method   = leastsq
    # function evals   = 69
    # data points      = 16
    # variables        = 3
    chi-square         = 3.8498e+08
    reduced chi-square = 29614057.1
    Akaike info crit   = 277.937925
    Bayesian info crit = 280.255692
[[Variables]]
    f:    0.32394822 +/- 0.03472089 (10.72%) (init = 0.5)
    t1a: -0.84515757 +/- 0.01803956 (2.13%) (init = 0)
    t1b: -1.18496972 +/- 0.01026685 (0.87%) (init = 0)
[[Correlations]] (unreported correlations are < 0.100)
    C(f, t1b)   = -0.9842
    C(f, t1a)   = -0.9834
    C(t1a, t1b) = +0.9411

------------------------------
N. PEAK: 2
------------------------------

Fit Parameters:

Mono
y = a + A exp(-t/T1)
fit: T1=-7.4903e-01, a=1.982e+05, A=5.113e+07
[[Fit Statistics]]
    # fitting method   = leastsq
    # function evals   = 17
    # data points      = 16
    # variables        = 1
    chi-square         = 6.6832e+11
    reduced chi-square = 4.4555e+10
    Akaike info crit   = 393.287217
    Bayesian info crit = 394.059806
[[Variables]]
    t1: -0.74902628 +/- 0.00348482 (0.47%) (init = 0)

Bi
y = a + A (f exp(-t/T1a)+ (1-f) exp(-t/T1b))
fit: f=2.295e-01, T1a=-9.6218e-01, T1b=-6.9032e-01, a=2.202e+04, A=5.163e+07
[[Fit Statistics]]
    # fitting method   = leastsq
    # function evals   = 84
    # data points      = 16
    # variables        = 3
    chi-square         = 3.3294e+10
    reduced chi-square = 2.5611e+09
    Akaike info crit   = 349.296837
    Bayesian info crit = 351.614603
[[Variables]]
    f:    0.22952280 +/- 0.08429611 (36.73%) (init = 0.5)
    t1a: -0.96217865 +/- 0.05390349 (5.60%) (init = 0)
    t1b: -0.69031673 +/- 0.01503078 (2.18%) (init = 0)
[[Correlations]] (unreported correlations are < 0.100)
    C(f, t1b)   = +0.9914
    C(f, t1a)   = +0.9908
    C(t1a, t1b) = +0.9675
====================================================================================================
