SPECTRA PATH: 
/home/letizia/Documents/Dottorato/Programma_new/relax/data600/dati_olio600/28

CALIBRATION: (1.20000-0.88800) ppm
in points
0   -1   -2   2   2   2   4   6   5   10   17   2   21   -63   40   10   
in ppm
0.00000   -0.00037   -0.00073   0.00073   0.00073   0.00073   0.00147   0.00220   0.00183   0.00367   0.00623   0.00073   0.00770   -0.02311   0.01467   0.00367   

Points:
1	0.004
2	0.013
3	0.053
4	0.083
5	0.103
6	0.153
7	0.253
8	0.353
9	0.453
10	0.553
11	0.703
12	0.903
13	1.203
14	2.003
15	4.003
16	5.003

VCLIST point: 54.37 T

SELECTED INTERVALS:


====================================================================================================

N. interval: 1
Baseline coefficients
A	0.00000e+00
B	0.00000e+00
C	0.00000e+00
D	0.00000e+00
E	0.00000e+00
N. point	Integral
0	441649.836 +/- 105.677
1	399468.539 +/- 109.682
2	257701.902 +/- 45.820
3	185875.098 +/- 33.817
4	152126.863 +/- 28.519
5	90750.121 +/- 16.767
6	34043.707 +/- 7.743
7	14019.527 +/- 8.617
8	6016.121 +/- 11.374
9	2809.688 +/- 6.333
10	1494.035 +/- 14.880
11	1197.047 +/- 6.663
12	362.629 +/- 7.484
13	488.363 +/- 10.902
14	382.980 +/- 7.239
15	130.336 +/- 6.018

N. interval: 2
Baseline coefficients
A	0.00000e+00
B	0.00000e+00
C	0.00000e+00
D	0.00000e+00
E	0.00000e+00
N. point	Integral
0	27913.188 +/- 105.677
1	20771.262 +/- 109.682
2	7061.410 +/- 45.820
3	4042.289 +/- 33.817
4	2515.238 +/- 28.519
5	2256.137 +/- 16.767
6	924.262 +/- 7.743
7	459.824 +/- 8.617
8	209.781 +/- 11.374
9	201.113 +/- 6.333
10	228.844 +/- 14.880
11	125.668 +/- 6.663
12	23.934 +/- 7.484
13	65.387 +/- 10.902
14	67.152 +/- 7.239
15	22.504 +/- 6.018


------------------------------
N. PEAK: 1
------------------------------

Fit Parameters:

Mono
y = a + A exp(-t/T1)
fit: T1=-1.0343e+00, a=1.569e+03, A=4.580e+05
[[Fit Statistics]]
    # fitting method   = leastsq
    # function evals   = 13
    # data points      = 16
    # variables        = 1
    chi-square         = 35428834.3
    reduced chi-square = 2361922.29
    Akaike info crit   = 235.767166
    Bayesian info crit = 236.539754
[[Variables]]
    t1: -1.03432825 +/- 0.00282513 (0.27%) (init = 0)

Bi
y = a + A (f exp(-t/T1a)+ (1-f) exp(-t/T1b))
fit: f=4.442e-01, T1a=-9.1394e-01, T1b=-1.1355e+00, a=5.263e+02, A=4.614e+05
[[Fit Statistics]]
    # fitting method   = leastsq
    # function evals   = 89
    # data points      = 16
    # variables        = 3
    chi-square         = 2155842.73
    reduced chi-square = 165834.056
    Akaike info crit   = 194.977657
    Bayesian info crit = 197.295423
[[Variables]]
    f:    0.44419188 +/- 0.14894508 (33.53%) (init = 0.5)
    t1a: -0.91394469 +/- 0.03631703 (3.97%) (init = 0)
    t1b: -1.13554902 +/- 0.03248795 (2.86%) (init = 0)
[[Correlations]] (unreported correlations are < 0.100)
    C(f, t1b)   = -0.9932
    C(f, t1a)   = -0.9931
    C(t1a, t1b) = +0.9738

------------------------------
N. PEAK: 2
------------------------------

Fit Parameters:

Mono
y = a + A exp(-t/T1)
fit: T1=-1.4353e+00, a=3.941e+02, A=3.006e+04
[[Fit Statistics]]
    # fitting method   = leastsq
    # function evals   = 19
    # data points      = 16
    # variables        = 1
    chi-square         = 4237254.61
    reduced chi-square = 282483.641
    Akaike info crit   = 201.789398
    Bayesian info crit = 202.561987
[[Variables]]
    t1: -1.43532488 +/- 0.02030781 (1.41%) (init = 0)

Bi
y = a + A (f exp(-t/T1a)+ (1-f) exp(-t/T1b))
fit: f=8.522e-01, T1a=-1.5832e+00, T1b=-8.1376e-01, a=6.204e+01, A=3.178e+04
[[Fit Statistics]]
    # fitting method   = leastsq
    # function evals   = 43
    # data points      = 16
    # variables        = 3
    chi-square         = 439901.673
    reduced chi-square = 33838.5902
    Akaike info crit   = 169.547485
    Bayesian info crit = 171.865251
[[Variables]]
    f:    0.85217512 +/- 0.02554243 (3.00%) (init = 0.5)
    t1a: -1.58324569 +/- 0.02227206 (1.41%) (init = 0)
    t1b: -0.81375845 +/- 0.08013707 (9.85%) (init = 0)
[[Correlations]] (unreported correlations are < 0.100)
    C(f, t1b)   = +0.9069
    C(f, t1a)   = +0.8542
    C(t1a, t1b) = +0.6961
====================================================================================================