SPECTRA PATH: 
/home/letizia/Documents/Dottorato/Programma_new/relax/data600/dati_olio600/39/pdata/1

CALIBRATION: (1.20000:0.88800) ppm
in points
0   0   -1   2   2   2   4   6   7   8   10   14   10   -5   32   24   
in ppm
0.00000   0.00000   -0.00037   0.00073   0.00073   0.00073   0.00147   0.00220   0.00257   0.00293   0.00367   0.00513   0.00367   -0.00183   0.01174   0.00880   

Points:
1	0.004
2	0.013
3	0.053
4	0.083
5	0.103
6	0.153
7	0.253
8	0.353
9	0.453
10	0.553
11	0.703
12	0.903
13	1.203
14	2.003
15	4.003
16	5.003

VCLIST point: 178.23 T

Selected intervals (ppm):
1	5.4200	5.3460
2	5.5580	5.4250

====================================================================================================

N. interval: 1
Baseline coefficients
A	0.00000e+00
B	0.00000e+00
C	0.00000e+00
D	0.00000e+00
E	0.00000e+00
N. point	Integral
0	4226612.367 +/- 4542.918
1	3320280.178 +/- 3342.644
2	1480349.830 +/- 1381.029
3	882319.225 +/- 1632.061
4	615396.967 +/- 1139.336
5	362592.387 +/- 1042.222
6	139498.900 +/- 960.471
7	63284.471 +/- 762.137
8	28418.500 +/- 873.989
9	16656.447 +/- 776.999
10	9230.875 +/- 789.596
11	6061.625 +/- 739.596
12	1398.125 +/- 946.615
13	2074.535 +/- 801.270
14	3076.689 +/- 802.761
15	4967.787 +/- 651.408

N. interval: 2
Baseline coefficients
A	0.00000e+00
B	0.00000e+00
C	0.00000e+00
D	0.00000e+00
E	0.00000e+00
N. point	Integral
0	42614050.029 +/- 8141.269
1	39494002.691 +/- 5990.283
2	28019172.744 +/- 2474.913
3	21907635.697 +/- 2924.782
4	18776517.232 +/- 2041.780
5	12523068.670 +/- 1867.744
6	5798707.416 +/- 1721.241
7	2796650.410 +/- 1365.810
8	1386229.199 +/- 1566.258
9	693257.111 +/- 1392.444
10	264791.154 +/- 1415.018
11	77626.268 +/- 1325.414
12	23749.887 +/- 1696.410
13	26703.037 +/- 1435.939
14	28459.822 +/- 1438.611
15	19932.008 +/- 1167.374


------------------------------
N. PEAK: 1
------------------------------

Fit Parameters:

Mono
y = a + A exp(-t/T1)
fit: T1=-1.3093e+00, a=3.647e+04, A=4.434e+06
[[Fit Statistics]]
    # fitting method   = leastsq
    # function evals   = 17
    # data points      = 16
    # variables        = 1
    chi-square         = 6.0630e+10
    reduced chi-square = 4.0420e+09
    Akaike info crit   = 354.887475
    Bayesian info crit = 355.660064
[[Variables]]
    t1: -1.30930556 +/- 0.01396288 (1.07%) (init = 0)

Bi
y = a + A (f exp(-t/T1a)+ (1-f) exp(-t/T1b))
fit: f=3.618e-01, T1a=-1.0208e+00, T1b=-1.5439e+00, a=8.183e+03, A=4.652e+06
[[Fit Statistics]]
    # fitting method   = leastsq
    # function evals   = 103
    # data points      = 16
    # variables        = 3
    chi-square         = 6.5201e+09
    reduced chi-square = 5.0155e+08
    Akaike info crit   = 323.209082
    Bayesian info crit = 325.526849
[[Variables]]
    f:    0.36180142 +/- 0.07053030 (19.49%) (init = 0.5)
    t1a: -1.02077907 +/- 0.05448285 (5.34%) (init = 0)
    t1b: -1.54389862 +/- 0.04206998 (2.72%) (init = 0)
[[Correlations]] (unreported correlations are < 0.100)
    C(f, t1a)   = -0.9697
    C(f, t1b)   = -0.9317
    C(t1a, t1b) = +0.8483

------------------------------
N. PEAK: 2
------------------------------

Fit Parameters:

Mono
y = a + A exp(-t/T1)
fit: T1=-9.1802e-01, a=1.524e+05, A=4.371e+07
[[Fit Statistics]]
    # fitting method   = leastsq
    # function evals   = 13
    # data points      = 16
    # variables        = 1
    chi-square         = 4.7958e+11
    reduced chi-square = 3.1972e+10
    Akaike info crit   = 387.977498
    Bayesian info crit = 388.750087
[[Variables]]
    t1: -0.91802440 +/- 0.00344122 (0.37%) (init = 0)

Bi
y = a + A (f exp(-t/T1a)+ (1-f) exp(-t/T1b))
fit: f=2.513e-01, T1a=-1.1297e+00, T1b=-8.5269e-01, a=2.903e+04, A=4.412e+07
[[Fit Statistics]]
    # fitting method   = leastsq
    # function evals   = 87
    # data points      = 16
    # variables        = 3
    chi-square         = 2.9210e+10
    reduced chi-square = 2.2469e+09
    Akaike info crit   = 347.202979
    Bayesian info crit = 349.520745
[[Variables]]
    f:    0.25125585 +/- 0.09214746 (36.67%) (init = 0.5)
    t1a: -1.12974976 +/- 0.05712560 (5.06%) (init = 0)
    t1b: -0.85269426 +/- 0.01679298 (1.97%) (init = 0)
[[Correlations]] (unreported correlations are < 0.100)
    C(f, t1b)   = +0.9897
    C(f, t1a)   = +0.9895
    C(t1a, t1b) = +0.9613
====================================================================================================