SPECTRA PATH: 
/home/letizia/Documents/Dottorato/Programma_new/relax/data600/dati_olio600/28

CALIBRATION: (1.20000-0.88800) ppm
in points
0   0   0   1   2   2   4   5   6   7   10   11   13   18   62   57   
in ppm
0.00000   0.00000   0.00000   0.00037   0.00073   0.00073   0.00147   0.00183   0.00220   0.00257   0.00367   0.00403   0.00477   0.00660   0.02274   0.02090   

Points:
1	0.004
2	0.013
3	0.053
4	0.083
5	0.103
6	0.153
7	0.253
8	0.353
9	0.453
10	0.553
11	0.703
12	0.903
13	1.203
14	2.003
15	4.003
16	5.003

VCLIST point: 2879.67 T

SELECTED INTERVALS:


====================================================================================================

N. interval: 1
Baseline coefficients
A	0.00000e+00
B	0.00000e+00
C	0.00000e+00
D	0.00000e+00
E	0.00000e+00
N. point	Integral
0	733623.367 +/- 221.407
1	717367.000 +/- 206.754
2	651870.211 +/- 205.634
3	605156.922 +/- 165.008
4	577968.977 +/- 152.163
5	511339.773 +/- 144.560
6	399963.938 +/- 99.602
7	313159.328 +/- 68.799
8	245096.344 +/- 65.755
9	191944.844 +/- 53.215
10	132584.414 +/- 52.844
11	82030.344 +/- 29.837
12	39912.414 +/- 13.079
13	6546.766 +/- 23.670
14	1299.258 +/- 9.596
15	267.297 +/- 14.369

N. interval: 2
Baseline coefficients
A	0.00000e+00
B	0.00000e+00
C	0.00000e+00
D	0.00000e+00
E	0.00000e+00
N. point	Integral
0	121981.469 +/- 221.407
1	118692.422 +/- 206.754
2	100415.398 +/- 205.634
3	88523.492 +/- 165.008
4	81911.812 +/- 152.163
5	66340.438 +/- 144.560
6	44864.227 +/- 99.602
7	30367.266 +/- 68.799
8	20353.953 +/- 65.755
9	13917.641 +/- 53.215
10	7598.148 +/- 52.844
11	3708.359 +/- 29.837
12	1374.586 +/- 13.079
13	283.242 +/- 23.670
14	211.977 +/- 9.596
15	15.680 +/- 14.369


------------------------------
N. PEAK: 1
------------------------------

Fit Parameters:

Mono
y = a + A exp(-t/T1)
fit: T1=-3.8821e-01, a=6.458e+02, A=7.409e+05
[[Fit Statistics]]
    # fitting method   = leastsq
    # function evals   = 9
    # data points      = 16
    # variables        = 1
    chi-square         = 6374250.95
    reduced chi-square = 424950.063
    Akaike info crit   = 208.323015
    Bayesian info crit = 209.095603
[[Variables]]
    t1: -0.38821174 +/- 7.1236e-04 (0.18%) (init = 0)

Bi
y = a + A (f exp(-t/T1a)+ (1-f) exp(-t/T1b))
fit: f=4.904e-01, T1a=-3.8821e-01, T1b=-3.8821e-01, a=6.458e+02, A=7.409e+05
[[Fit Statistics]]
    # fitting method   = leastsq
    # function evals   = 40
    # data points      = 16
    # variables        = 3
    chi-square         = 6374250.95
    reduced chi-square = 490326.996
    Akaike info crit   = 212.323015
    Bayesian info crit = 214.640781
[[Variables]]
    f:    0.49043301 +/- 136303.499 (27792480.48%) (init = 0.5)
    t1a: -0.38821148 +/- 1640.87297 (422675.03%) (init = 0)
    t1b: -0.38821199 +/- 1579.23720 (406797.64%) (init = 0)
[[Correlations]] (unreported correlations are < 0.100)
    C(t1a, t1b) = -1.0000
    C(f, t1a)   = -0.1595
    C(f, t1b)   = +0.1594

------------------------------
N. PEAK: 2
------------------------------

Fit Parameters:

Mono
y = a + A exp(-t/T1)
fit: T1=-6.0743e-01, a=3.630e+02, A=1.239e+05
[[Fit Statistics]]
    # fitting method   = leastsq
    # function evals   = 11
    # data points      = 16
    # variables        = 1
    chi-square         = 1813450.16
    reduced chi-square = 120896.677
    Akaike info crit   = 188.210448
    Bayesian info crit = 188.983037
[[Variables]]
    t1: -0.60743314 +/- 0.00233760 (0.38%) (init = 0)

Bi
y = a + A (f exp(-t/T1a)+ (1-f) exp(-t/T1b))
fit: f=5.078e-01, T1a=-3.9964e+00, T1b=-6.0743e-01, a=3.630e+02, A=2.517e+05
[[Fit Statistics]]
    # fitting method   = leastsq
    # function evals   = 34
    # data points      = 16
    # variables        = 3
    chi-square         = 1813450.18
    reduced chi-square = 139496.167
    Akaike info crit   = 192.210449
    Bayesian info crit = 194.528215
##  Warning: uncertainties could not be estimated:
[[Variables]]
    f:    0.50777852 (init = 0.5)
    t1a: -3.99636817 (init = 0)
    t1b: -0.60743417 (init = 0)
====================================================================================================