SPECTRA PATH: 
path/to/spectra

CALIBRATION: (1.90000:1.70000) ppm
in points
0   1   2   3   4   5   
in ppm
0.00000   0.00073   0.00147   0.00220   0.00293   0.00367   

Points:
1	0.003
2	0.172
3	0.371
4	0.614
5	0.924
6	1.353

VCLIST point: 40.01 T

INPUT1: inp1_2
n. peak	name	ppm1	ppm2	v	mult
1	true	7.62200	7.39800	7.48912	3
1	true	7.62200	7.39800	7.50012	3
1	true	7.62200	7.39800	7.51332	3
1	true	7.62200	7.39800	7.52652	3
2	true	8.06300	7.73800	7.86755	2
2	true	8.06300	7.73800	7.87635	2
3	true	8.06300	7.73800	7.92256	1
3	true	8.06300	7.73800	7.93502	1

INPUT2: inp2_2
n. peak	i	ppm1	ppm2	k		fwhm		phi		xg		A		B		C		D		E
1	0	7.6	7.4	7.92099e-08	5.43092e-03	0.00000e+00	2.00000e-01	6.000e-05	0.000e+00	0.000e+00	0.000e+00	0.000e+00
1	1	7.6	7.4	3.92161e-07	5.57384e-03	0.00000e+00	2.00000e-01	6.000e-05	0.000e+00	0.000e+00	0.000e+00	0.000e+00
1	2	7.6	7.4	7.98386e-07	7.57471e-03	0.00000e+00	2.00000e-01	6.000e-05	0.000e+00	0.000e+00	0.000e+00	0.000e+00
1	3	7.6	7.4	2.74846e-07	6.43135e-03	0.00000e+00	2.00000e-01	6.000e-05	0.000e+00	0.000e+00	0.000e+00	0.000e+00
2	0	8.1	7.7	2.16635e-07	6.09701e-03	0.00000e+00	2.00000e-01	6.000e-05	0.000e+00	0.000e+00	0.000e+00	0.000e+00
2	1	8.1	7.7	2.78030e-07	6.82632e-03	0.00000e+00	2.00000e-01	6.000e-05	0.000e+00	0.000e+00	0.000e+00	0.000e+00
3	2	8.1	7.7	4.57947e-07	7.26391e-03	0.00000e+00	2.00000e-01	6.000e-05	0.000e+00	0.000e+00	0.000e+00	0.000e+00
3	3	8.1	7.7	5.87730e-07	7.26391e-03	0.00000e+00	2.00000e-01	6.000e-05	0.000e+00	0.000e+00	0.000e+00	0.000e+00
====================================================================================================
====================================================================================================
(I: fit interval, P: N. point)

------------------------------
FIT RANGE: (7.62:7.40) ppm
I: 1 P: 1
------------------------------

Fit Report: 
[[Fit Statistics]]
    # fitting method   = leastsq
    # function evals   = 10000
    # data points      = 305
    # variables        = 22
    chi-square         = 8.4442e+08
    reduced chi-square = 2983825.01
    Akaike info crit   = 4568.32477
    Bayesian info crit = 4650.17163
##  Warning: uncertainties could not be estimated:
    k_1:      at initial value
    xg_1:     at boundary
    xg_2:     at boundary
    shift_3:  at initial value
    shift_4:  at initial value
    ph_4:     at boundary
    xg_4:     at boundary
[[Variables]]
    shift_1:  7.48936928 (init = 7.48912)
    k_1:      8.5477e-08 (init = 7.92099e-08)
    lw_1:     0.00558796 (init = 0.00543092)
    ph_1:    -0.15704649 (init = 0)
    xg_1:     1.00000000 (init = 0.2)
    shift_2:  7.49965533 (init = 7.50012)
    k_2:      2.4203e-07 (init = 3.92161e-07)
    lw_2:     0.00474245 (init = 0.00557384)
    ph_2:     0.07717530 (init = 0)
    xg_2:     1.00000000 (init = 0.2)
    shift_3:  7.51326933 (init = 7.51332)
    k_3:      5.3700e-07 (init = 7.98386e-07)
    lw_3:     0.00693969 (init = 0.00757471)
    ph_3:     2.4625e-04 (init = 0)
    xg_3:     0.89715516 (init = 0.2)
    shift_4:  7.52649550 (init = 7.52652)
    k_4:      3.9434e-07 (init = 2.74846e-07)
    lw_4:     0.01009279 (init = 0.00643135)
    ph_4:    -0.15707963 (init = 0)
    xg_4:     1.5421e-11 (init = 0.2)
    A:        7.0341e-05 (init = 6e-05)
    B:       -4.4177e-05 (init = 0)
    C:        0 (fixed)
    D:        0 (fixed)
    E:        0 (fixed)

n.peak	Shift	Integral
1    7.489    2138690.946 +/- 170616.075

------------------------------
FIT RANGE: (7.62:7.40) ppm
I: 1 P: 2
------------------------------

Fit Report: 
[[Fit Statistics]]
    # fitting method   = leastsq
    # function evals   = 89
    # data points      = 305
    # variables        = 10
    chi-square         = 7.3362e+08
    reduced chi-square = 2486851.94
    Akaike info crit   = 4501.42349
    Bayesian info crit = 4538.62661
[[Variables]]
    shift_1:  7.48976078 +/- 1.3802e-04 (0.00%) (init = 7.489369)
    k_1:      9.8904e-08 +/- 3.7812e-09 (3.82%) (init = 8.547678e-08)
    lw_1:     0.005587956 (fixed)
    ph_1:    -0.1570465 (fixed)
    xg_1:     1 (fixed)
    shift_2:  7.49967383 +/- 4.8172e-05 (0.00%) (init = 7.499655)
    k_2:      2.3272e-07 +/- 3.5258e-09 (1.52%) (init = 2.42031e-07)
    lw_2:     0.004742448 (fixed)
    ph_2:     0.0771753 (fixed)
    xg_2:     1 (fixed)
    shift_3:  7.51332877 +/- 4.1858e-05 (0.00%) (init = 7.513269)
    k_3:      4.7654e-07 +/- 4.6497e-09 (0.98%) (init = 5.37004e-07)
    lw_3:     0.00693969 (fixed)
    ph_3:     0.0002462488 (fixed)
    xg_3:     0.8971552 (fixed)
    shift_4:  7.52561023 +/- 1.6936e-04 (0.00%) (init = 7.526495)
    k_4:      3.2940e-07 +/- 7.7795e-09 (2.36%) (init = 3.943368e-07)
    lw_4:     0.01009279 (fixed)
    ph_4:    -0.1570796 (fixed)
    xg_4:     1.542139e-11 (fixed)
    A:        7.1808e-05 +/- 1.0290e-06 (1.43%) (init = 7.034091e-05)
    B:       -4.8318e-05 +/- 7.6424e-06 (15.82%) (init = -4.417657e-05)
    C:        0 (fixed)
    D:        0 (fixed)
    E:        0 (fixed)
[[Correlations]] (unreported correlations are < 0.100)
    C(A, B)             = -0.8409
    C(k_3, shift_4)     = +0.2932
    C(k_3, k_4)         = -0.2363
    C(shift_3, shift_4) = +0.2313
    C(k_1, A)           = -0.2026
    C(shift_3, k_4)     = -0.1924
    C(k_4, A)           = -0.1582
    C(k_2, A)           = -0.1215
    C(k_1, k_2)         = +0.1062
    C(shift_3, k_3)     = +0.1030
    C(shift_4, k_4)     = -0.1016

n.peak	Shift	Integral
1    7.490    1716529.088 +/- 153304.521

------------------------------
FIT RANGE: (7.62:7.40) ppm
I: 1 P: 3
------------------------------

Fit Report: 
[[Fit Statistics]]
    # fitting method   = leastsq
    # function evals   = 78
    # data points      = 305
    # variables        = 10
    chi-square         = 5.1149e+08
    reduced chi-square = 1733860.47
    Akaike info crit   = 4391.41999
    Bayesian info crit = 4428.62310
[[Variables]]
    shift_1:  7.48958031 +/- 1.3108e-04 (0.00%) (init = 7.489761)
    k_1:      9.8848e-08 +/- 3.5904e-09 (3.63%) (init = 9.890448e-08)
    lw_1:     0.005587956 (fixed)
    ph_1:    -0.1570465 (fixed)
    xg_1:     1 (fixed)
    shift_2:  7.49955047 +/- 4.9452e-05 (0.00%) (init = 7.499674)
    k_2:      2.1518e-07 +/- 3.3465e-09 (1.56%) (init = 2.327247e-07)
    lw_2:     0.004742448 (fixed)
    ph_2:     0.0771753 (fixed)
    xg_2:     1 (fixed)
    shift_3:  7.51319302 +/- 4.5416e-05 (0.00%) (init = 7.513329)
    k_3:      4.1626e-07 +/- 4.4000e-09 (1.06%) (init = 4.765379e-07)
    lw_3:     0.00693969 (fixed)
    ph_3:     0.0002462488 (fixed)
    xg_3:     0.8971552 (fixed)
    shift_4:  7.52558131 +/- 2.1652e-04 (0.00%) (init = 7.52561)
    k_4:      2.4394e-07 +/- 7.3641e-09 (3.02%) (init = 3.294012e-07)
    lw_4:     0.01009279 (fixed)
    ph_4:    -0.1570796 (fixed)
    xg_4:     1.542139e-11 (fixed)
    A:        6.8790e-05 +/- 9.7729e-07 (1.42%) (init = 7.180782e-05)
    B:       -4.1363e-05 +/- 7.2568e-06 (17.54%) (init = -4.831784e-05)
    C:        0 (fixed)
    D:        0 (fixed)
    E:        0 (fixed)
[[Correlations]] (unreported correlations are < 0.100)
    C(A, B)             = -0.8409
    C(k_3, shift_4)     = +0.2869
    C(k_3, k_4)         = -0.2309
    C(shift_3, shift_4) = +0.2262
    C(k_1, A)           = -0.2032
    C(shift_3, k_4)     = -0.1879
    C(k_4, A)           = -0.1585
    C(k_2, A)           = -0.1220
    C(k_1, k_2)         = +0.1064

n.peak	Shift	Integral
1    7.490    1292780.484 +/- 123241.652

------------------------------
FIT RANGE: (7.62:7.40) ppm
I: 1 P: 4
------------------------------

Fit Report: 
[[Fit Statistics]]
    # fitting method   = leastsq
    # function evals   = 100
    # data points      = 305
    # variables        = 10
    chi-square         = 2.8433e+08
    reduced chi-square = 963818.693
    Akaike info crit   = 4212.32323
    Bayesian info crit = 4249.52635
[[Variables]]
    shift_1:  7.48919138 +/- 1.4278e-04 (0.00%) (init = 7.48958)
    k_1:      8.0725e-08 +/- 3.1932e-09 (3.96%) (init = 9.884835e-08)
    lw_1:     0.005587956 (fixed)
    ph_1:    -0.1570465 (fixed)
    xg_1:     1 (fixed)
    shift_2:  7.49936467 +/- 5.1636e-05 (0.00%) (init = 7.49955)
    k_2:      1.8335e-07 +/- 2.9783e-09 (1.62%) (init = 2.151844e-07)
    lw_2:     0.004742448 (fixed)
    ph_2:     0.0771753 (fixed)
    xg_2:     1 (fixed)
    shift_3:  7.51286838 +/- 4.7336e-05 (0.00%) (init = 7.513193)
    k_3:      3.5662e-07 +/- 3.9328e-09 (1.10%) (init = 4.162569e-07)
    lw_3:     0.00693969 (fixed)
    ph_3:     0.0002462488 (fixed)
    xg_3:     0.8971552 (fixed)
    shift_4:  7.52510323 +/- 2.4547e-04 (0.00%) (init = 7.525581)
    k_4:      1.9239e-07 +/- 6.5689e-09 (3.41%) (init = 2.439391e-07)
    lw_4:     0.01009279 (fixed)
    ph_4:    -0.1570796 (fixed)
    xg_4:     1.542139e-11 (fixed)
    A:        7.2856e-05 +/- 8.7077e-07 (1.20%) (init = 6.878951e-05)
    B:       -3.4958e-05 +/- 6.4622e-06 (18.49%) (init = -4.136332e-05)
    C:        0 (fixed)
    D:        0 (fixed)
    E:        0 (fixed)
[[Correlations]] (unreported correlations are < 0.100)
    C(A, B)             = -0.8413
    C(k_3, shift_4)     = +0.2959
    C(k_3, k_4)         = -0.2388
    C(shift_3, shift_4) = +0.2337
    C(k_1, A)           = -0.2043
    C(shift_3, k_4)     = -0.1946
    C(k_4, A)           = -0.1601
    C(k_2, A)           = -0.1221
    C(k_1, k_2)         = +0.1066
    C(shift_3, k_3)     = +0.1048
    C(shift_4, k_4)     = -0.1038

n.peak	Shift	Integral
1    7.489    903421.778 +/- 92277.247

------------------------------
FIT RANGE: (7.62:7.40) ppm
I: 1 P: 5
------------------------------

Fit Report: 
[[Fit Statistics]]
    # fitting method   = leastsq
    # function evals   = 122
    # data points      = 305
    # variables        = 10
    chi-square         = 1.4615e+08
    reduced chi-square = 495419.215
    Akaike info crit   = 4009.34606
    Bayesian info crit = 4046.54918
[[Variables]]
    shift_1:  7.48836503 +/- 1.5843e-04 (0.00%) (init = 7.489191)
    k_1:      5.9485e-08 +/- 2.6101e-09 (4.39%) (init = 8.0725e-08)
    lw_1:     0.005587956 (fixed)
    ph_1:    -0.1570465 (fixed)
    xg_1:     1 (fixed)
    shift_2:  7.49929697 +/- 5.3932e-05 (0.00%) (init = 7.499365)
    k_2:      1.4354e-07 +/- 2.4362e-09 (1.70%) (init = 1.833529e-07)
    lw_2:     0.004742448 (fixed)
    ph_2:     0.0771753 (fixed)
    xg_2:     1 (fixed)
    shift_3:  7.51282234 +/- 5.1599e-05 (0.00%) (init = 7.512868)
    k_3:      2.6735e-07 +/- 3.2060e-09 (1.20%) (init = 3.566186e-07)
    lw_3:     0.00693969 (fixed)
    ph_3:     0.0002462488 (fixed)
    xg_3:     0.8971552 (fixed)
    shift_4:  7.52518818 +/- 2.2836e-04 (0.00%) (init = 7.525103)
    k_4:      1.6879e-07 +/- 5.3645e-09 (3.18%) (init = 1.923923e-07)
    lw_4:     0.01009279 (fixed)
    ph_4:    -0.1570796 (fixed)
    xg_4:     1.542139e-11 (fixed)
    A:        6.4636e-05 +/- 7.1357e-07 (1.10%) (init = 7.285627e-05)
    B:       -3.6577e-05 +/- 5.2945e-06 (14.47%) (init = -3.495763e-05)
    C:        0 (fixed)
    D:        0 (fixed)
    E:        0 (fixed)
[[Correlations]] (unreported correlations are < 0.100)
    C(A, B)             = -0.8413
    C(k_3, shift_4)     = +0.2881
    C(k_3, k_4)         = -0.2320
    C(shift_3, shift_4) = +0.2274
    C(k_1, A)           = -0.2065
    C(shift_3, k_4)     = -0.1890
    C(k_4, A)           = -0.1603
    C(k_2, A)           = -0.1224
    C(k_1, k_2)         = +0.1055
    C(k_1, B)           = +0.1013

n.peak	Shift	Integral
1    7.488    621614.649 +/- 54796.360

------------------------------
FIT RANGE: (7.62:7.40) ppm
I: 1 P: 6
------------------------------

Fit Report: 
[[Fit Statistics]]
    # fitting method   = leastsq
    # function evals   = 78
    # data points      = 305
    # variables        = 10
    chi-square         = 1.0237e+08
    reduced chi-square = 347026.761
    Akaike info crit   = 3900.76533
    Bayesian info crit = 3937.96845
[[Variables]]
    shift_1:  7.48834746 +/- 2.9922e-04 (0.00%) (init = 7.488365)
    k_1:      3.3462e-08 +/- 2.7584e-09 (8.24%) (init = 5.948496e-08)
    lw_1:     0.005587956 (fixed)
    ph_1:    -0.1570465 (fixed)
    xg_1:     1 (fixed)
    shift_2:  7.49927229 +/- 8.5190e-05 (0.00%) (init = 7.499297)
    k_2:      9.6538e-08 +/- 2.5823e-09 (2.67%) (init = 1.435359e-07)
    lw_2:     0.004742448 (fixed)
    ph_2:     0.0771753 (fixed)
    xg_2:     1 (fixed)
    shift_3:  7.51280517 +/- 7.2102e-05 (0.00%) (init = 7.512822)
    k_3:      2.0311e-07 +/- 3.3984e-09 (1.67%) (init = 2.673473e-07)
    lw_3:     0.00693969 (fixed)
    ph_3:     0.0002462488 (fixed)
    xg_3:     0.8971552 (fixed)
    shift_4:  7.52521308 +/- 3.3806e-04 (0.00%) (init = 7.525188)
    k_4:      1.2099e-07 +/- 5.6852e-09 (4.70%) (init = 1.687903e-07)
    lw_4:     0.01009279 (fixed)
    ph_4:    -0.1570796 (fixed)
    xg_4:     1.542139e-11 (fixed)
    A:        6.6397e-05 +/- 7.5810e-07 (1.14%) (init = 6.463596e-05)
    B:       -1.8876e-05 +/- 5.6248e-06 (29.80%) (init = -3.657691e-05)
    C:        0 (fixed)
    D:        0 (fixed)
    E:        0 (fixed)
[[Correlations]] (unreported correlations are < 0.100)
    C(A, B)             = -0.8413
    C(k_3, shift_4)     = +0.2856
    C(k_3, k_4)         = -0.2299
    C(shift_3, shift_4) = +0.2254
    C(k_1, A)           = -0.2066
    C(shift_3, k_4)     = -0.1873
    C(k_4, A)           = -0.1603
    C(k_2, A)           = -0.1225
    C(k_1, k_2)         = +0.1056
    C(k_1, B)           = +0.1013

n.peak	Shift	Integral
1    7.488    347924.014 +/- 43186.990

------------------------------
FIT RANGE: (8.06:7.74) ppm
I: 2 P: 1
------------------------------

Fit Report: 
[[Fit Statistics]]
    # fitting method   = leastsq
    # function evals   = 1301
    # data points      = 443
    # variables        = 22
    chi-square         = 7.4644e+08
    reduced chi-square = 1773016.25
    Akaike info crit   = 6395.40433
    Bayesian info crit = 6485.46286
##  Warning: uncertainties could not be estimated:
    xg_1:     at boundary
    xg_2:     at boundary
    ph_3:     at boundary
    xg_3:     at boundary
[[Variables]]
    shift_1:  7.86622631 (init = 7.86755)
    k_1:      1.1171e-07 (init = 2.16635e-07)
    lw_1:     0.00446934 (init = 0.00609701)
    ph_1:     0.07252348 (init = 0)
    xg_1:     1.00000000 (init = 0.2)
    shift_2:  7.87561389 (init = 7.87635)
    k_2:      3.6326e-07 (init = 2.7803e-07)
    lw_2:     0.00824158 (init = 0.00682632)
    ph_2:     0.15528669 (init = 0)
    xg_2:     6.9231e-09 (init = 0.2)
    shift_3:  7.92145081 (init = 7.92256)
    k_3:      2.2349e-07 (init = 4.57947e-07)
    lw_3:     0.00639850 (init = 0.00726391)
    ph_3:     0.15707871 (init = 0)
    xg_3:     1.00000000 (init = 0.2)
    shift_4:  7.93471302 (init = 7.93502)
    k_4:      5.6222e-07 (init = 5.8773e-07)
    lw_4:     0.00751636 (init = 0.00726391)
    ph_4:     0.04495144 (init = 0)
    xg_4:     0.07100901 (init = 0.2)
    A:        6.9763e-05 (init = 6e-05)
    B:       -4.3166e-05 (init = 0)
    C:        0 (fixed)
    D:        0 (fixed)
    E:        0 (fixed)

n.peak	Shift	Integral
1    7.866    806931.194 +/- 149298.980
2    7.876    1334875.721 +/- 118634.949

------------------------------
FIT RANGE: (8.06:7.74) ppm
I: 2 P: 2
------------------------------

Fit Report: 
[[Fit Statistics]]
    # fitting method   = leastsq
    # function evals   = 45
    # data points      = 443
    # variables        = 10
    chi-square         = 5.5997e+08
    reduced chi-square = 1293237.87
    Akaike info crit   = 6244.07361
    Bayesian info crit = 6285.00931
[[Variables]]
    shift_1:  7.86628630 +/- 7.8532e-05 (0.00%) (init = 7.866226)
    k_1:      9.8473e-08 +/- 2.5410e-09 (2.58%) (init = 1.117091e-07)
    lw_1:     0.004469342 (fixed)
    ph_1:     0.07252348 (fixed)
    xg_1:     1 (fixed)
    shift_2:  7.87573334 +/- 9.0286e-05 (0.00%) (init = 7.875614)
    k_2:      3.3102e-07 +/- 4.7993e-09 (1.45%) (init = 3.632563e-07)
    lw_2:     0.008241582 (fixed)
    ph_2:     0.1552867 (fixed)
    xg_2:     6.923114e-09 (fixed)
    shift_3:  7.92143537 +/- 5.5665e-05 (0.00%) (init = 7.921451)
    k_3:      2.1158e-07 +/- 2.8951e-09 (1.37%) (init = 2.234949e-07)
    lw_3:     0.006398496 (fixed)
    ph_3:     0.1570787 (fixed)
    xg_3:     1 (fixed)
    shift_4:  7.93467607 +/- 4.9138e-05 (0.00%) (init = 7.934713)
    k_4:      5.0109e-07 +/- 4.4626e-09 (0.89%) (init = 5.622224e-07)
    lw_4:     0.007516363 (fixed)
    ph_4:     0.04495144 (fixed)
    xg_4:     0.07100901 (fixed)
    A:        7.1425e-05 +/- 5.9906e-07 (0.84%) (init = 6.976296e-05)
    B:       -4.6223e-05 +/- 3.1572e-06 (6.83%) (init = -4.316626e-05)
    C:        0 (fixed)
    D:        0 (fixed)
    E:        0 (fixed)
[[Correlations]] (unreported correlations are < 0.100)
    C(A, B)             = -0.8420
    C(k_1, shift_2)     = +0.2417
    C(shift_1, shift_2) = +0.2014
    C(k_2, A)           = -0.1562
    C(k_1, k_2)         = -0.1386
    C(shift_1, k_2)     = -0.1282
    C(k_3, shift_4)     = +0.1251
    C(shift_3, shift_4) = +0.1139
    C(k_4, B)           = -0.1037
    C(k_3, k_4)         = -0.1025

n.peak	Shift	Integral
1    7.866    648083.952 +/- 106082.160
2    7.876    1075370.239 +/- 101609.402

------------------------------
FIT RANGE: (8.06:7.74) ppm
I: 2 P: 3
------------------------------

Fit Report: 
[[Fit Statistics]]
    # fitting method   = leastsq
    # function evals   = 45
    # data points      = 443
    # variables        = 10
    chi-square         = 5.5053e+08
    reduced chi-square = 1271431.47
    Akaike info crit   = 6236.54011
    Bayesian info crit = 6277.47581
##  Warning: uncertainties could not be estimated:
    shift_1:  at initial value
    k_1:      at initial value
    shift_3:  at initial value
[[Variables]]
    shift_1:  7.86628630 (init = 7.866286)
    k_1:      8.9388e-08 (init = 9.847319e-08)
    lw_1:     0.004469342 (fixed)
    ph_1:     0.07252348 (fixed)
    xg_1:     1 (fixed)
    shift_2:  7.87559345 (init = 7.875733)
    k_2:      2.7313e-07 (init = 3.310213e-07)
    lw_2:     0.008241582 (fixed)
    ph_2:     0.1552867 (fixed)
    xg_2:     6.923114e-09 (fixed)
    shift_3:  7.92143537 (init = 7.921435)
    k_3:      1.9634e-07 (init = 2.115752e-07)
    lw_3:     0.006398496 (fixed)
    ph_3:     0.1570787 (fixed)
    xg_3:     1 (fixed)
    shift_4:  7.93444918 (init = 7.934676)
    k_4:      4.1822e-07 (init = 5.010881e-07)
    lw_4:     0.007516363 (fixed)
    ph_4:     0.04495144 (fixed)
    xg_4:     0.07100901 (fixed)
    A:        6.8062e-05 (init = 7.142543e-05)
    B:       -3.6964e-05 (init = -4.62231e-05)
    C:        0 (fixed)
    D:        0 (fixed)
    E:        0 (fixed)

n.peak	Shift	Integral
1    7.866    481057.748 +/- 105532.067
2    7.876    815515.865 +/- 98190.720

------------------------------
FIT RANGE: (8.06:7.74) ppm
I: 2 P: 4
------------------------------

Fit Report: 
[[Fit Statistics]]
    # fitting method   = leastsq
    # function evals   = 56
    # data points      = 443
    # variables        = 10
    chi-square         = 3.4160e+08
    reduced chi-square = 788907.205
    Akaike info crit   = 6025.11837
    Bayesian info crit = 6066.05407
##  Warning: uncertainties could not be estimated:
    shift_1:  at initial value
    k_1:      at initial value
    shift_3:  at initial value
[[Variables]]
    shift_1:  7.86628630 (init = 7.866286)
    k_1:      8.3434e-08 (init = 8.938782e-08)
    lw_1:     0.004469342 (fixed)
    ph_1:     0.07252348 (fixed)
    xg_1:     1 (fixed)
    shift_2:  7.87510126 (init = 7.875593)
    k_2:      2.2475e-07 (init = 2.731333e-07)
    lw_2:     0.008241582 (fixed)
    ph_2:     0.1552867 (fixed)
    xg_2:     6.923114e-09 (fixed)
    shift_3:  7.92143537 (init = 7.921435)
    k_3:      1.7443e-07 (init = 1.963422e-07)
    lw_3:     0.006398496 (fixed)
    ph_3:     0.1570787 (fixed)
    xg_3:     1 (fixed)
    shift_4:  7.93416769 (init = 7.934449)
    k_4:      3.5271e-07 (init = 4.182238e-07)
    lw_4:     0.007516363 (fixed)
    ph_4:     0.04495144 (fixed)
    xg_4:     0.07100901 (fixed)
    A:        7.2883e-05 (init = 6.806203e-05)
    B:       -3.5645e-05 (init = -3.696381e-05)
    C:        0 (fixed)
    D:        0 (fixed)
    E:        0 (fixed)

n.peak	Shift	Integral
1    7.866    342422.548 +/- 82684.963
2    7.875    585696.756 +/- 73552.802

------------------------------
FIT RANGE: (8.06:7.74) ppm
I: 2 P: 5
------------------------------

Fit Report: 
[[Fit Statistics]]
    # fitting method   = leastsq
    # function evals   = 45
    # data points      = 443
    # variables        = 10
    chi-square         = 2.6074e+08
    reduced chi-square = 602177.011
    Akaike info crit   = 5905.46528
    Bayesian info crit = 5946.40098
##  Warning: uncertainties could not be estimated:
    shift_1:  at initial value
    shift_2:  at initial value
    shift_3:  at initial value
    shift_4:  at initial value
[[Variables]]
    shift_1:  7.86628630 (init = 7.866286)
    k_1:      6.8448e-08 (init = 8.343412e-08)
    lw_1:     0.004469342 (fixed)
    ph_1:     0.07252348 (fixed)
    xg_1:     1 (fixed)
    shift_2:  7.87510126 (init = 7.875101)
    k_2:      1.8809e-07 (init = 2.247496e-07)
    lw_2:     0.008241582 (fixed)
    ph_2:     0.1552867 (fixed)
    xg_2:     6.923114e-09 (fixed)
    shift_3:  7.92143537 (init = 7.921435)
    k_3:      1.3586e-07 (init = 1.744251e-07)
    lw_3:     0.006398496 (fixed)
    ph_3:     0.1570787 (fixed)
    xg_3:     1 (fixed)
    shift_4:  7.93416769 (init = 7.934168)
    k_4:      2.6436e-07 (init = 3.527078e-07)
    lw_4:     0.007516363 (fixed)
    ph_4:     0.04495144 (fixed)
    xg_4:     0.07100901 (fixed)
    A:        6.4006e-05 (init = 7.28826e-05)
    B:       -3.1347e-05 (init = -3.564518e-05)
    C:        0 (fixed)
    D:        0 (fixed)
    E:        0 (fixed)

n.peak	Shift	Integral
1    7.866    249493.324 +/- 70238.976
2    7.875    389240.225 +/- 68320.962

------------------------------
FIT RANGE: (8.06:7.74) ppm
I: 2 P: 6
------------------------------

Fit Report: 
[[Fit Statistics]]
    # fitting method   = leastsq
    # function evals   = 45
    # data points      = 443
    # variables        = 10
    chi-square         = 1.3829e+08
    reduced chi-square = 319368.769
    Akaike info crit   = 5624.51247
    Bayesian info crit = 5665.44817
##  Warning: uncertainties could not be estimated:
    shift_1:  at initial value
    shift_2:  at initial value
    shift_3:  at initial value
    shift_4:  at initial value
[[Variables]]
    shift_1:  7.86628630 (init = 7.866286)
    k_1:      4.4497e-08 (init = 6.844772e-08)
    lw_1:     0.004469342 (fixed)
    ph_1:     0.07252348 (fixed)
    xg_1:     1 (fixed)
    shift_2:  7.87510126 (init = 7.875101)
    k_2:      1.3231e-07 (init = 1.880871e-07)
    lw_2:     0.008241582 (fixed)
    ph_2:     0.1552867 (fixed)
    xg_2:     6.923114e-09 (fixed)
    shift_3:  7.92143537 (init = 7.921435)
    k_3:      8.6105e-08 (init = 1.358647e-07)
    lw_3:     0.006398496 (fixed)
    ph_3:     0.1570787 (fixed)
    xg_3:     1 (fixed)
    shift_4:  7.93416769 (init = 7.934168)
    k_4:      1.9477e-07 (init = 2.64361e-07)
    lw_4:     0.007516363 (fixed)
    ph_4:     0.04495144 (fixed)
    xg_4:     0.07100901 (fixed)
    A:        6.5433e-05 (init = 6.400634e-05)
    B:       -1.4605e-05 (init = -3.134716e-05)
    C:        0 (fixed)
    D:        0 (fixed)
    E:        0 (fixed)

n.peak	Shift	Integral
1    7.866    135467.499 +/- 52858.280
2    7.875    215198.320 +/- 35816.206

------------------------------
N. PEAK: 1
------------------------------

Fit Parameters:

Mono
y = a + A exp(-t/T1)
fit: T1=-1.5067e-01, a=3.576e+04, A=2.121e+06
[[Fit Statistics]]
    # fitting method   = leastsq
    # function evals   = 13
    # data points      = 6
    # variables        = 1
    chi-square         = 1.0409e+09
    reduced chi-square = 2.0817e+08
    Akaike info crit   = 115.829290
    Bayesian info crit = 115.621050
[[Variables]]
    t1: -0.15067307 +/- 0.01687397 (11.20%) (init = 0)

Bi
y = a + A (f exp(-t/T1a)+ (1-f) exp(-t/T1b))
fit: f=4.812e-01, T1a=-1.5067e-01, T1b=-1.5067e-01, a=3.576e+04, A=2.121e+06
[[Fit Statistics]]
    # fitting method   = leastsq
    # function evals   = 45
    # data points      = 6
    # variables        = 3
    chi-square         = 1.0409e+09
    reduced chi-square = 3.4695e+08
    Akaike info crit   = 119.829290
    Bayesian info crit = 119.204569
[[Variables]]
    f:    0.48115939 +/- 6725810.99 (1397834294.27%) (init = 0.5)
    t1a: -0.15067307 +/- 195966.958 (130061039.43%) (init = 0)
    t1b: -0.15067306 +/- 181734.579 (120615181.11%) (init = 0)
[[Correlations]] (unreported correlations are < 0.100)
    C(t1a, t1b) = -1.0000
    C(f, t1a)   = +0.4236
    C(f, t1b)   = -0.4236

------------------------------
N. PEAK: 2
------------------------------

Fit Parameters:

Mono
y = a + A exp(-t/T1)
fit: T1=-1.6288e-01, a=3.175e+04, A=7.809e+05
[[Fit Statistics]]
    # fitting method   = leastsq
    # function evals   = 11
    # data points      = 6
    # variables        = 1
    chi-square         = 4.1790e+08
    reduced chi-square = 83580080.1
    Akaike info crit   = 110.353965
    Bayesian info crit = 110.145725
[[Variables]]
    t1: -0.16287733 +/- 0.02816976 (17.30%) (init = 0)

Bi
y = a + A (f exp(-t/T1a)+ (1-f) exp(-t/T1b))
fit: f=3.621e-01, T1a=-2.5850e-01, T1b=1.0000e+00, a=-8.279e+05, A=1.642e+06
[[Fit Statistics]]
    # fitting method   = leastsq
    # function evals   = 102
    # data points      = 6
    # variables        = 3
    chi-square         = 3.8115e+08
    reduced chi-square = 1.2705e+08
    Akaike info crit   = 113.801695
    Bayesian info crit = 113.176973
[[Variables]]
    f:    0.36212550 +/- 40.8066251 (11268.64%) (init = 0.5)
    t1a: -0.25850077 +/- 1.47879023 (572.06%) (init = 0)
    t1b:  1.00000000 +/- 7.77937237 (777.94%) (init = 0)
[[Correlations]] (unreported correlations are < 0.100)
    C(f, t1b)   = +0.9999
    C(t1a, t1b) = -0.9927
    C(f, t1a)   = -0.9912

------------------------------
N. PEAK: 3
------------------------------

Fit Parameters:

Mono
y = a + A exp(-t/T1)
fit: T1=-1.2224e-01, a=-1.067e+04, A=1.354e+06
[[Fit Statistics]]
    # fitting method   = leastsq
    # function evals   = 9
    # data points      = 6
    # variables        = 1
    chi-square         = 95233070.5
    reduced chi-square = 19046614.1
    Akaike info crit   = 101.480470
    Bayesian info crit = 101.272230
[[Variables]]
    t1: -0.12224241 +/- 0.00860073 (7.04%) (init = 0)

Bi
y = a + A (f exp(-t/T1a)+ (1-f) exp(-t/T1b))
fit: f=5.154e-01, T1a=-1.2224e-01, T1b=-1.2224e-01, a=-1.067e+04, A=1.354e+06
[[Fit Statistics]]
    # fitting method   = leastsq
    # function evals   = 38
    # data points      = 6
    # variables        = 3
    chi-square         = 95233070.5
    reduced chi-square = 31744356.8
    Akaike info crit   = 105.480470
    Bayesian info crit = 104.855749
[[Variables]]
    f:    0.51536386 +/- 650173.497 (126158147.13%) (init = 0.5)
    t1a: -0.12224245 +/- 200489.785 (164009950.93%) (init = 0)
    t1b: -0.12224237 +/- 213201.612 (174408932.43%) (init = 0)
[[Correlations]] (unreported correlations are < 0.100)
    C(t1a, t1b) = -1.0000
    C(f, t1a)   = +0.8578
    C(f, t1b)   = -0.8578
====================================================================================================
