SPECTRA PATH: 
/home/letizia/Documents/Dottorato/Programma_new/relax/data600/dati_olio600/40/pdata/1

CALIBRATION: (1.20000:0.88800) ppm
in points
0   0   -1   2   2   2   4   5   6   8   10   13   14   -56   -80   26   
in ppm
0.00000   0.00000   -0.00037   0.00073   0.00073   0.00073   0.00147   0.00183   0.00220   0.00293   0.00367   0.00477   0.00513   -0.02054   -0.02934   0.00954   

Points:
1	0.004
2	0.013
3	0.053
4	0.083
5	0.103
6	0.153
7	0.253
8	0.353
9	0.453
10	0.553
11	0.703
12	0.903
13	1.203
14	2.003
15	4.003
16	5.003

VCLIST point: 120.07 T

Selected intervals (ppm):
1	5.4200	5.3460
2	5.5580	5.4250

====================================================================================================

N. interval: 1
Baseline coefficients
A	0.00000e+00
B	0.00000e+00
C	0.00000e+00
D	0.00000e+00
E	0.00000e+00
N. point	Integral
0	3469571.586 +/- 2906.879
1	2681536.938 +/- 3543.532
2	1124343.457 +/- 2114.069
3	648532.654 +/- 1330.773
4	456082.957 +/- 1002.152
5	277556.543 +/- 981.383
6	112798.652 +/- 941.330
7	53065.533 +/- 1504.765
8	21480.586 +/- 899.794
9	10402.053 +/- 741.881
10	8487.361 +/- 734.647
11	7368.586 +/- 800.186
12	1831.352 +/- 737.753
13	3772.342 +/- 949.627
14	854.707 +/- 785.081
15	3408.355 +/- 626.503

N. interval: 2
Baseline coefficients
A	0.00000e+00
B	0.00000e+00
C	0.00000e+00
D	0.00000e+00
E	0.00000e+00
N. point	Integral
0	39918904.916 +/- 5209.358
1	36624402.584 +/- 6350.290
2	25077338.369 +/- 3788.579
3	19135926.664 +/- 2384.850
4	16151040.131 +/- 1795.935
5	10404545.764 +/- 1758.716
6	4557025.627 +/- 1686.938
7	2101760.572 +/- 2696.658
8	1013823.766 +/- 1612.502
9	500757.705 +/- 1329.510
10	189147.000 +/- 1316.546
11	56666.719 +/- 1433.997
12	7474.447 +/- 1322.111
13	-4910.713 +/- 1701.807
14	-931.832 +/- 1406.927
15	12576.443 +/- 1122.743


------------------------------
N. PEAK: 1
------------------------------

Fit Parameters:

Mono
y = a + A exp(-t/T1)
fit: T1=-1.3421e+00, a=3.292e+04, A=3.659e+06
[[Fit Statistics]]
    # fitting method   = leastsq
    # function evals   = 17
    # data points      = 16
    # variables        = 1
    chi-square         = 4.6686e+10
    reduced chi-square = 3.1124e+09
    Akaike info crit   = 350.705966
    Bayesian info crit = 351.478554
[[Variables]]
    t1: -1.34212459 +/- 0.01540885 (1.15%) (init = 0)

Bi
y = a + A (f exp(-t/T1a)+ (1-f) exp(-t/T1b))
fit: f=7.201e-01, T1a=-1.5462e+00, T1b=-9.7356e-01, a=5.456e+03, A=3.850e+06
[[Fit Statistics]]
    # fitting method   = leastsq
    # function evals   = 75
    # data points      = 16
    # variables        = 3
    chi-square         = 3.8018e+09
    reduced chi-square = 2.9245e+08
    Akaike info crit   = 314.578507
    Bayesian info crit = 316.896273
[[Variables]]
    f:    0.72014768 +/- 0.04893571 (6.80%) (init = 0.5)
    t1a: -1.54620665 +/- 0.02985445 (1.93%) (init = 0)
    t1b: -0.97355725 +/- 0.05465715 (5.61%) (init = 0)
[[Correlations]] (unreported correlations are < 0.100)
    C(f, t1b)   = +0.9606
    C(f, t1a)   = +0.9188
    C(t1a, t1b) = +0.8190

------------------------------
N. PEAK: 2
------------------------------

Fit Parameters:

Mono
y = a + A exp(-t/T1)
fit: T1=-9.6095e-01, a=1.543e+05, A=4.102e+07
[[Fit Statistics]]
    # fitting method   = leastsq
    # function evals   = 13
    # data points      = 16
    # variables        = 1
    chi-square         = 6.0823e+11
    reduced chi-square = 4.0549e+10
    Akaike info crit   = 391.779763
    Bayesian info crit = 392.552352
[[Variables]]
    t1: -0.96095031 +/- 0.00412355 (0.43%) (init = 0)

Bi
y = a + A (f exp(-t/T1a)+ (1-f) exp(-t/T1b))
fit: f=6.563e-01, T1a=-8.6926e-01, T1b=-1.1505e+00, a=1.499e+04, A=4.148e+07
[[Fit Statistics]]
    # fitting method   = leastsq
    # function evals   = 82
    # data points      = 16
    # variables        = 3
    chi-square         = 2.2283e+10
    reduced chi-square = 1.7140e+09
    Akaike info crit   = 342.871663
    Bayesian info crit = 345.189430
[[Variables]]
    f:    0.65633859 +/- 0.08235610 (12.55%) (init = 0.5)
    t1a: -0.86925995 +/- 0.01735882 (2.00%) (init = 0)
    t1b: -1.15052781 +/- 0.03813552 (3.31%) (init = 0)
[[Correlations]] (unreported correlations are < 0.100)
    C(f, t1a)   = -0.9891
    C(f, t1b)   = -0.9890
    C(t1a, t1b) = +0.9592
====================================================================================================