SPECTRA PATH: 
/home/letizia/Documents/Dottorato/Programma_new/relax/data600/dati_olio600/30/pdata/1

CALIBRATION: (1.20000:0.88800) ppm
in points
0   0   0   1   2   2   3   5   6   7   8   10   11   18   15   -14   
in ppm
0.00000   0.00000   0.00000   0.00037   0.00073   0.00073   0.00110   0.00183   0.00220   0.00257   0.00293   0.00367   0.00403   0.00660   0.00550   -0.00513   

Points:
1	0.004
2	0.013
3	0.053
4	0.083
5	0.103
6	0.153
7	0.253
8	0.353
9	0.453
10	0.553
11	0.703
12	0.903
13	1.203
14	2.003
15	4.003
16	5.003

VCLIST point: 6331.66 T

Selected intervals (ppm):
1	5.4200	5.3460
2	5.5580	5.4250

====================================================================================================

N. interval: 1
Baseline coefficients
A	0.00000e+00
B	0.00000e+00
C	0.00000e+00
D	0.00000e+00
E	0.00000e+00
N. point	Integral
0	11118881.531 +/- 8457.072
1	11123548.602 +/- 8092.377
2	10220897.355 +/- 5235.888
3	9694215.684 +/- 7213.859
4	9253771.637 +/- 6916.745
5	8394494.191 +/- 6360.381
6	6880811.953 +/- 5197.277
7	5582494.844 +/- 4149.303
8	4511724.551 +/- 3229.959
9	3688364.688 +/- 2818.301
10	2648990.664 +/- 1410.380
11	1737260.973 +/- 1109.508
12	990292.172 +/- 2152.728
13	177310.688 +/- 830.118
14	9418.137 +/- 837.781
15	1688.270 +/- 640.670

N. interval: 2
Baseline coefficients
A	0.00000e+00
B	0.00000e+00
C	0.00000e+00
D	0.00000e+00
E	0.00000e+00
N. point	Integral
0	61654491.367 +/- 15155.744
1	60588288.520 +/- 14502.181
2	56973058.715 +/- 9383.125
3	54408454.434 +/- 12927.807
4	52994940.492 +/- 12395.356
5	48952887.816 +/- 11398.307
6	42062781.031 +/- 9313.931
7	36092289.914 +/- 7435.879
8	30997725.273 +/- 5788.343
9	26589219.746 +/- 5050.618
10	21101020.656 +/- 2527.512
11	15505539.266 +/- 1988.327
12	9756311.156 +/- 3857.859
13	2872950.336 +/- 1487.637
14	157535.855 +/- 1501.370
15	21093.473 +/- 1148.131


------------------------------
N. PEAK: 1
------------------------------

Fit Parameters:

Mono
y = a + A exp(-t/T1)
fit: T1=-3.0638e-01, a=-2.278e+04, A=1.140e+07
[[Fit Statistics]]
    # fitting method   = leastsq
    # function evals   = 9
    # data points      = 16
    # variables        = 1
    chi-square         = 5.8311e+10
    reduced chi-square = 3.8874e+09
    Akaike info crit   = 354.263409
    Bayesian info crit = 355.035998
[[Variables]]
    t1: -0.30638413 +/- 0.00441364 (1.44%) (init = 0)

Bi
y = a + A (f exp(-t/T1a)+ (1-f) exp(-t/T1b))
fit: f=4.991e-01, T1a=-3.0638e-01, T1b=-3.0639e-01, a=-2.278e+04, A=1.140e+07
[[Fit Statistics]]
    # fitting method   = leastsq
    # function evals   = 34
    # data points      = 16
    # variables        = 3
    chi-square         = 5.8311e+10
    reduced chi-square = 4.4854e+09
    Akaike info crit   = 358.263409
    Bayesian info crit = 360.581175
[[Variables]]
    f:    0.49911021 +/- 50068.4430 (10031540.44%) (init = 0.5)
    t1a: -0.30638315 +/- 734.863327 (239851.09%) (init = 0)
    t1b: -0.30638514 +/- 732.299292 (239012.67%) (init = 0)
[[Correlations]] (unreported correlations are < 0.100)
    C(t1a, t1b) = -1.0000

------------------------------
N. PEAK: 2
------------------------------

Fit Parameters:

Mono
y = a + A exp(-t/T1)
fit: T1=-1.8454e-01, a=-1.360e+04, A=6.191e+07
[[Fit Statistics]]
    # fitting method   = leastsq
    # function evals   = 9
    # data points      = 16
    # variables        = 1
    chi-square         = 7.5667e+10
    reduced chi-square = 5.0445e+09
    Akaike info crit   = 358.432329
    Bayesian info crit = 359.204918
[[Variables]]
    t1: -0.18453664 +/- 9.3834e-04 (0.51%) (init = 0)

Bi
y = a + A (f exp(-t/T1a)+ (1-f) exp(-t/T1b))
fit: f=2.928e-01, T1a=-1.8389e-01, T1b=-3.2246e+00, a=-2.301e+04, A=2.113e+08
[[Fit Statistics]]
    # fitting method   = leastsq
    # function evals   = 160
    # data points      = 16
    # variables        = 3
    chi-square         = 5.0654e+10
    reduced chi-square = 3.8965e+09
    Akaike info crit   = 356.011257
    Bayesian info crit = 358.329023
[[Variables]]
    f:    0.29283740 +/- 21362.7078 (7295075.07%) (init = 0.5)
    t1a: -0.18389352 +/- 8.6526e-04 (0.47%) (init = 0)
    t1b: -3.22462769 +/- 6663.07420 (206630.81%) (init = 0)
[[Correlations]] (unreported correlations are < 0.100)
    C(f, t1b) = +1.0000
====================================================================================================