SPECTRA PATH: 
/home/letizia/Documents/Dottorato/Programma_new/relax/data600/dati_olio600/28

CALIBRATION: (1.20000-0.88800) ppm
in points
0   0   0   2   3   2   4   5   6   7   9   12   16   38   -50   -80   
in ppm
0.00000   0.00000   0.00000   0.00073   0.00110   0.00073   0.00147   0.00183   0.00220   0.00257   0.00330   0.00440   0.00587   0.01394   -0.01834   -0.02934   

Points:
1	0.004
2	0.013
3	0.053
4	0.083
5	0.103
6	0.153
7	0.253
8	0.353
9	0.453
10	0.553
11	0.703
12	0.903
13	1.203
14	2.003
15	4.003
16	5.003

VCLIST point: 584.10 T

SELECTED INTERVALS:


====================================================================================================

N. interval: 1
Baseline coefficients
A	0.00000e+00
B	0.00000e+00
C	0.00000e+00
D	0.00000e+00
E	0.00000e+00
N. point	Integral
0	628637.277 +/- 154.325
1	596944.840 +/- 154.343
2	475642.285 +/- 100.364
3	400758.105 +/- 98.340
4	359929.234 +/- 83.707
5	271706.430 +/- 62.903
6	156107.398 +/- 23.016
7	90561.590 +/- 13.049
8	53240.129 +/- 10.390
9	31301.500 +/- 12.905
10	14146.887 +/- 14.621
11	4943.590 +/- 10.350
12	1304.027 +/- 8.859
13	418.473 +/- 13.947
14	150.953 +/- 7.893
15	249.570 +/- 10.292

N. interval: 2
Baseline coefficients
A	0.00000e+00
B	0.00000e+00
C	0.00000e+00
D	0.00000e+00
E	0.00000e+00
N. point	Integral
0	81695.871 +/- 154.325
1	73328.660 +/- 154.343
2	44158.418 +/- 100.364
3	30395.023 +/- 98.340
4	24433.609 +/- 83.707
5	13605.203 +/- 62.903
6	4895.965 +/- 23.016
7	1948.527 +/- 13.049
8	1051.156 +/- 10.390
9	735.363 +/- 12.905
10	385.461 +/- 14.621
11	156.598 +/- 10.350
12	91.258 +/- 8.859
13	55.863 +/- 13.947
14	17.258 +/- 7.893
15	43.535 +/- 10.292


------------------------------
N. PEAK: 1
------------------------------

Fit Parameters:

Mono
y = a + A exp(-t/T1)
fit: T1=-7.4949e-01, a=1.175e+03, A=6.403e+05
[[Fit Statistics]]
    # fitting method   = leastsq
    # function evals   = 15
    # data points      = 16
    # variables        = 1
    chi-square         = 18394229.9
    reduced chi-square = 1226282.00
    Akaike info crit   = 225.279342
    Bayesian info crit = 226.051931
[[Variables]]
    t1: -0.74948790 +/- 0.00145995 (0.19%) (init = 0)

Bi
y = a + A (f exp(-t/T1a)+ (1-f) exp(-t/T1b))
fit: f=8.090e-01, T1a=-7.1579e-01, T1b=-8.9902e-01, a=2.549e+02, A=6.428e+05
[[Fit Statistics]]
    # fitting method   = leastsq
    # function evals   = 64
    # data points      = 16
    # variables        = 3
    chi-square         = 2023003.86
    reduced chi-square = 155615.681
    Akaike info crit   = 193.960085
    Bayesian info crit = 196.277851
[[Variables]]
    f:    0.80902170 +/- 0.16881283 (20.87%) (init = 0.5)
    t1a: -0.71579171 +/- 0.01913312 (2.67%) (init = 0)
    t1b: -0.89901988 +/- 0.08353503 (9.29%) (init = 0)
[[Correlations]] (unreported correlations are < 0.100)
    C(f, t1a)   = -0.9962
    C(f, t1b)   = -0.9959
    C(t1a, t1b) = +0.9848

------------------------------
N. PEAK: 2
------------------------------

Fit Parameters:

Mono
y = a + A exp(-t/T1)
fit: T1=-1.0932e+00, a=4.079e+02, A=8.535e+04
[[Fit Statistics]]
    # fitting method   = leastsq
    # function evals   = 13
    # data points      = 16
    # variables        = 1
    chi-square         = 2359485.43
    reduced chi-square = 157299.029
    Akaike info crit   = 192.421846
    Bayesian info crit = 193.194435
[[Variables]]
    t1: -1.09318847 +/- 0.00395027 (0.36%) (init = 0)

Bi
y = a + A (f exp(-t/T1a)+ (1-f) exp(-t/T1b))
fit: f=9.151e-01, T1a=-1.1305e+00, T1b=-6.7534e-01, a=5.770e+01, A=8.611e+04
[[Fit Statistics]]
    # fitting method   = leastsq
    # function evals   = 42
    # data points      = 16
    # variables        = 3
    chi-square         = 331342.136
    reduced chi-square = 25487.8566
    Akaike info crit   = 165.013089
    Bayesian info crit = 167.330855
[[Variables]]
    f:    0.91509537 +/- 0.03617515 (3.95%) (init = 0.5)
    t1a: -1.13054548 +/- 0.01102103 (0.97%) (init = 0)
    t1b: -0.67533714 +/- 0.10029333 (14.85%) (init = 0)
[[Correlations]] (unreported correlations are < 0.100)
    C(f, t1a)   = +0.9761
    C(f, t1b)   = +0.9700
    C(t1a, t1b) = +0.9111
====================================================================================================