SPECTRA PATH: 
/home/letizia/Documents/Dottorato/Programma_new/relax/data600/dati_olio600/28

CALIBRATION: (1.20000-0.88800) ppm
in points
0   0   -1   0   0   0   0   0   0   1   1   1   1   2   4   10   
in ppm
0.00000   0.00000   -0.00037   0.00000   0.00000   0.00000   0.00000   0.00000   0.00000   0.00037   0.00037   0.00037   0.00037   0.00073   0.00147   0.00367   

Points:
1	0.004
2	0.013
3	0.053
4	0.083
5	0.103
6	0.153
7	0.253
8	0.353
9	0.453
10	0.553
11	0.703
12	0.903
13	1.203
14	2.003
15	4.003
16	5.003

VCLIST point: 14092.38 T

SELECTED INTERVALS:


====================================================================================================

N. interval: 1
Baseline coefficients
A	0.00000e+00
B	0.00000e+00
C	0.00000e+00
D	0.00000e+00
E	0.00000e+00
N. point	Integral
0	780334.164 +/- 858.701
1	769587.828 +/- 807.343
2	747444.102 +/- 784.383
3	727037.875 +/- 820.941
4	715138.867 +/- 824.183
5	683666.258 +/- 845.288
6	623502.484 +/- 747.299
7	566776.961 +/- 687.964
8	514883.570 +/- 647.726
9	466193.461 +/- 595.482
10	400285.922 +/- 494.979
11	325821.797 +/- 459.756
12	238980.070 +/- 345.741
13	103675.094 +/- 188.276
14	12840.148 +/- 43.281
15	3020.766 +/- 43.025

N. interval: 2
Baseline coefficients
A	0.00000e+00
B	0.00000e+00
C	0.00000e+00
D	0.00000e+00
E	0.00000e+00
N. point	Integral
0	134525.266 +/- 858.701
1	133693.922 +/- 807.343
2	129503.055 +/- 784.383
3	125494.430 +/- 820.941
4	123180.906 +/- 824.183
5	117472.250 +/- 845.288
6	106769.445 +/- 747.299
7	96441.422 +/- 687.964
8	86561.398 +/- 647.726
9	77727.484 +/- 595.482
10	65904.406 +/- 494.979
11	52349.125 +/- 459.756
12	36937.922 +/- 345.741
13	14076.180 +/- 188.276
14	1251.250 +/- 43.281
15	366.227 +/- 43.025


------------------------------
N. PEAK: 1
------------------------------

Fit Parameters:

Mono
y = a + A exp(-t/T1)
fit: T1=2.1982e-02, a=-7.521e+03, A=7.953e+05
[[Fit Statistics]]
    # fitting method   = leastsq
    # function evals   = 9
    # data points      = 16
    # variables        = 1
    chi-square         = 3.5022e+08
    reduced chi-square = 23347847.0
    Akaike info crit   = 272.423629
    Bayesian info crit = 273.196218
[[Variables]]
    t1:  0.02198200 +/- 0.00554003 (25.20%) (init = 0)

Bi
y = a + A (f exp(-t/T1a)+ (1-f) exp(-t/T1b))
fit: f=4.825e-01, T1a=2.1982e-02, T1b=2.1982e-02, a=-7.520e+03, A=7.953e+05
[[Fit Statistics]]
    # fitting method   = leastsq
    # function evals   = 39
    # data points      = 16
    # variables        = 3
    chi-square         = 3.5022e+08
    reduced chi-square = 26939823.5
    Akaike info crit   = 276.423629
    Bayesian info crit = 278.741395
[[Variables]]
    f:    0.48254729 +/- 1149238.48 (238160802.08%) (init = 0.5)
    t1a:  0.02198168 +/- 32483.3612 (147774676.14%) (init = 0)
    t1b:  0.02198163 +/- 30292.1495 (137806626.04%) (init = 0)
[[Correlations]] (unreported correlations are < 0.100)
    C(t1a, t1b) = -1.0000

------------------------------
N. PEAK: 2
------------------------------

Fit Parameters:

Mono
y = a + A exp(-t/T1)
fit: T1=-1.0532e-02, a=-1.670e+03, A=1.385e+05
[[Fit Statistics]]
    # fitting method   = leastsq
    # function evals   = 9
    # data points      = 16
    # variables        = 1
    chi-square         = 22458788.2
    reduced chi-square = 1497252.55
    Akaike info crit   = 228.473661
    Bayesian info crit = 229.246250
[[Variables]]
    t1: -0.01053151 +/- 0.00783492 (74.40%) (init = 0)

Bi
y = a + A (f exp(-t/T1a)+ (1-f) exp(-t/T1b))
fit: f=4.928e-01, T1a=-1.0532e-02, T1b=-1.0532e-02, a=-1.670e+03, A=1.385e+05
[[Fit Statistics]]
    # fitting method   = leastsq
    # function evals   = 33
    # data points      = 16
    # variables        = 3
    chi-square         = 22458788.2
    reduced chi-square = 1727599.10
    Akaike info crit   = 232.473661
    Bayesian info crit = 234.791427
[[Variables]]
    f:    0.49277541 +/- 351252.708 (71280485.90%) (init = 0.5)
    t1a: -0.01053153 +/- 1204.29300 (11435113.88%) (init = 0)
    t1b: -0.01053154 +/- 1170.17061 (11111102.13%) (init = 0)
[[Correlations]] (unreported correlations are < 0.100)
    C(t1a, t1b) = -1.0000
====================================================================================================