SPECTRA PATH: 
/home/letizia/Documents/NMR/19FNMR_Luchinat_27spectra//101/pdata/1

CALIBRATION: (-72.52000--72.94000) ppm
in points
0   -1   0   -4   -4   -5   -2   -2   -5   -5   -6   -3   -5   -7   -7   -4   -6   -7   -5   -4   -7   -8   -8   -6   -7   -6   -7   
in ppm
0.00000   -0.00307   0.00000   -0.01228   -0.01228   -0.01535   -0.00614   -0.00614   -0.01535   -0.01535   -0.01842   -0.00921   -0.01535   -0.02149   -0.02149   -0.01228   -0.01842   -0.02149   -0.01535   -0.01228   -0.02149   -0.02457   -0.02457   -0.01842   -0.02149   -0.01842   -0.02149   

Points:
1	0.000
2	0.038
3	0.077
4	0.115
5	0.154
6	0.192
7	0.231
8	0.269
9	0.308
10	0.346
11	0.385
12	0.423
13	0.462
14	0.500
15	0.538
16	0.577
17	0.615
18	0.654
19	0.692
20	0.731
21	0.769
22	0.808
23	0.846
24	0.885
25	0.923
26	0.962
27	1.000

Selected intervals:
1	-72.5270	-72.9090
2	-72.9340	-73.2420

====================================================================================================

N. interval: 1
Coefficients
A	0.00000e+00
B	0.00000e+00
C	0.00000e+00
D	0.00000e+00
E	0.00000e+00
N. point	Integral
0	13275.768 $\pm$ 1631.149
1	17666.918 $\pm$ 1642.180
2	23099.867 $\pm$ 1552.547
3	24577.590 $\pm$ 1670.062
4	28664.990 $\pm$ 1628.058
5	28576.488 $\pm$ 1674.080
6	30703.622 $\pm$ 1719.064
7	33582.143 $\pm$ 1672.505
8	34936.307 $\pm$ 1710.440
9	33701.509 $\pm$ 1676.393
10	35674.238 $\pm$ 1719.025
11	36073.034 $\pm$ 1628.596
12	35612.064 $\pm$ 1706.863
13	34540.083 $\pm$ 1728.298
14	36069.299 $\pm$ 1629.112
15	35842.642 $\pm$ 1620.387
16	37217.652 $\pm$ 1658.744
17	39180.369 $\pm$ 1639.013
18	38467.181 $\pm$ 1583.981
19	36970.471 $\pm$ 1634.347
20	38376.662 $\pm$ 1618.429
21	39764.283 $\pm$ 1676.960
22	38008.906 $\pm$ 1605.115
23	37773.193 $\pm$ 1560.818
24	37799.984 $\pm$ 1594.089
25	40461.313 $\pm$ 1644.744
26	39641.869 $\pm$ 1565.023

N. interval: 2
Coefficients
A	0.00000e+00
B	0.00000e+00
C	0.00000e+00
D	0.00000e+00
E	0.00000e+00
N. point	Integral
0	7651.536 $\pm$ 1631.149
1	8752.325 $\pm$ 1642.180
2	10304.713 $\pm$ 1552.547
3	8142.570 $\pm$ 1670.062
4	11470.258 $\pm$ 1628.058
5	9560.227 $\pm$ 1674.080
6	11600.902 $\pm$ 1719.064
7	10978.723 $\pm$ 1672.505
8	14865.878 $\pm$ 1710.440
9	13059.313 $\pm$ 1676.393
10	12162.231 $\pm$ 1719.025
11	16569.336 $\pm$ 1628.596
12	15419.902 $\pm$ 1706.863
13	10955.617 $\pm$ 1728.298
14	12679.635 $\pm$ 1629.112
15	12281.546 $\pm$ 1620.387
16	15163.439 $\pm$ 1658.744
17	13715.840 $\pm$ 1639.013
18	13373.354 $\pm$ 1583.981
19	14477.062 $\pm$ 1634.347
20	15486.713 $\pm$ 1618.429
21	14682.968 $\pm$ 1676.960
22	14439.682 $\pm$ 1605.115
23	13442.693 $\pm$ 1560.818
24	13896.782 $\pm$ 1594.089
25	15203.764 $\pm$ 1644.744
26	14700.192 $\pm$ 1565.023

