SPECTRA PATH: 
path/to/spectra

CALIBRATION: (1.20000:0.88800) ppm
in points
0   -1   -2   2   2   2   4   6   5   10   17   2   21   -63   40   10   
in ppm
0.00000   -0.00037   -0.00073   0.00073   0.00073   0.00073   0.00147   0.00220   0.00183   0.00367   0.00623   0.00073   0.00770   -0.02311   0.01467   0.00367   

Points:
1	0.004
2	0.013
3	0.053
4	0.083
5	0.103
6	0.153
7	0.253
8	0.353
9	0.453
10	0.553
11	0.703
12	0.903
13	1.203
14	2.003
15	4.003
16	5.003

VCLIST point: 54.37 T

Selected intervals (ppm):
1	5.4200	5.3460
2	5.5580	5.4250

====================================================================================================

N. interval: 1
Baseline coefficients
A	0.00000e+00
B	0.00000e+00
C	0.00000e+00
D	0.00000e+00
E	0.00000e+00
N. point	Integral
0	2532580.895 +/- 2819.635
1	1942291.641 +/- 1418.011
2	748527.846 +/- 1126.848
3	435197.174 +/- 3855.227
4	317368.555 +/- 1058.151
5	176419.059 +/- 912.805
6	74806.035 +/- 810.751
7	36514.184 +/- 798.426
8	13591.488 +/- 1055.137
9	16095.016 +/- 1047.557
10	29317.504 +/- 3600.662
11	-2511.850 +/- 1181.621
12	-2283.203 +/- 730.466
13	579.432 +/- 751.890
14	3218.234 +/- 669.986
15	1035.250 +/- 626.868

N. interval: 2
Baseline coefficients
A	0.00000e+00
B	0.00000e+00
C	0.00000e+00
D	0.00000e+00
E	0.00000e+00
N. point	Integral
0	35703122.195 +/- 5053.009
1	32267884.633 +/- 2541.188
2	20890882.594 +/- 2019.402
3	15329468.570 +/- 6908.872
4	12706377.492 +/- 1896.290
5	7793890.061 +/- 1635.819
6	3178821.373 +/- 1452.930
7	1456411.762 +/- 1430.843
8	706629.203 +/- 1890.889
9	372302.816 +/- 1877.306
10	181038.809 +/- 6452.672
11	75229.107 +/- 2117.558
12	13846.420 +/- 1309.053
13	-9084.980 +/- 1347.447
14	10673.496 +/- 1200.668
15	12500.469 +/- 1123.397


------------------------------
N. PEAK: 1
------------------------------

Fit Parameters:

Mono
y = a + A exp(-t/T1)
fit: T1=-1.3726e+00, a=2.637e+04, A=2.692e+06
[[Fit Statistics]]
    # fitting method   = leastsq
    # function evals   = 17
    # data points      = 16
    # variables        = 1
    chi-square         = 2.5128e+10
    reduced chi-square = 1.6752e+09
    Akaike info crit   = 340.794323
    Bayesian info crit = 341.566912
[[Variables]]
    t1: -1.37256192 +/- 0.01596482 (1.16%) (init = 0)

Bi
y = a + A (f exp(-t/T1a)+ (1-f) exp(-t/T1b))
fit: f=2.590e-01, T1a=-9.8318e-01, T1b=-1.5716e+00, a=6.170e+03, A=2.841e+06
[[Fit Statistics]]
    # fitting method   = leastsq
    # function evals   = 70
    # data points      = 16
    # variables        = 3
    chi-square         = 1.0873e+09
    reduced chi-square = 83640413.6
    Akaike info crit   = 294.550368
    Bayesian info crit = 296.868134
[[Variables]]
    f:    0.25903721 +/- 0.03299816 (12.74%) (init = 0.5)
    t1a: -0.98317993 +/- 0.04121902 (4.19%) (init = 0)
    t1b: -1.57163897 +/- 0.02041674 (1.30%) (init = 0)
[[Correlations]] (unreported correlations are < 0.100)
    C(f, t1a)   = -0.9597
    C(f, t1b)   = -0.9107
    C(t1a, t1b) = +0.8101

------------------------------
N. PEAK: 2
------------------------------

Fit Parameters:

Mono
y = a + A exp(-t/T1)
fit: T1=-1.0212e+00, a=1.928e+05, A=3.678e+07
[[Fit Statistics]]
    # fitting method   = leastsq
    # function evals   = 19
    # data points      = 16
    # variables        = 1
    chi-square         = 8.1221e+11
    reduced chi-square = 5.4148e+10
    Akaike info crit   = 396.407058
    Bayesian info crit = 397.179647
[[Variables]]
    t1: -1.02116763 +/- 0.00532181 (0.52%) (init = 0)

Bi
y = a + A (f exp(-t/T1a)+ (1-f) exp(-t/T1b))
fit: f=4.752e-01, T1a=-8.6627e-01, T1b=-1.1717e+00, a=2.908e+04, A=3.730e+07
[[Fit Statistics]]
    # fitting method   = leastsq
    # function evals   = 79
    # data points      = 16
    # variables        = 3
    chi-square         = 3.1472e+10
    reduced chi-square = 2.4209e+09
    Akaike info crit   = 348.396456
    Bayesian info crit = 350.714222
[[Variables]]
    f:    0.47523892 +/- 0.08550317 (17.99%) (init = 0.5)
    t1a: -0.86627059 +/- 0.02708387 (3.13%) (init = 0)
    t1b: -1.17173644 +/- 0.02864483 (2.44%) (init = 0)
[[Correlations]] (unreported correlations are < 0.100)
    C(f, t1b)   = -0.9870
    C(f, t1a)   = -0.9868
    C(t1a, t1b) = +0.9517
====================================================================================================
