SPECTRA PATH: 
path/to/spectra

CALIBRATION: (1.90000:1.70000) ppm
in points
0   1   2   3   4   5   
in ppm
0.00000   0.00073   0.00147   0.00220   0.00293   0.00367   

Points:
1	0.003
2	0.178
3	0.385
4	0.636
5	0.958
6	1.403

VCLIST point: 250.59 T

INPUT1: inp1_2
n. peak	name	ppm1	ppm2	v	mult
1	true	7.62200	7.39800	7.48912	3
1	true	7.62200	7.39800	7.50012	3
1	true	7.62200	7.39800	7.51332	3
1	true	7.62200	7.39800	7.52652	3
2	true	8.06300	7.73800	7.86755	2
2	true	8.06300	7.73800	7.87635	2
3	true	8.06300	7.73800	7.92256	1
3	true	8.06300	7.73800	7.93502	1

INPUT2: inp2_2
n. peak	i	ppm1	ppm2	k		fwhm		phi		xg		A		B		C		D		E
1	0	7.6	7.4	7.92099e-08	5.43092e-03	0.00000e+00	2.00000e-01	6.000e-05	0.000e+00	0.000e+00	0.000e+00	0.000e+00
1	1	7.6	7.4	3.92161e-07	5.57384e-03	0.00000e+00	2.00000e-01	6.000e-05	0.000e+00	0.000e+00	0.000e+00	0.000e+00
1	2	7.6	7.4	7.98386e-07	7.57471e-03	0.00000e+00	2.00000e-01	6.000e-05	0.000e+00	0.000e+00	0.000e+00	0.000e+00
1	3	7.6	7.4	2.74846e-07	6.43135e-03	0.00000e+00	2.00000e-01	6.000e-05	0.000e+00	0.000e+00	0.000e+00	0.000e+00
2	0	8.1	7.7	2.16635e-07	6.09701e-03	0.00000e+00	2.00000e-01	6.000e-05	0.000e+00	0.000e+00	0.000e+00	0.000e+00
2	1	8.1	7.7	2.78030e-07	6.82632e-03	0.00000e+00	2.00000e-01	6.000e-05	0.000e+00	0.000e+00	0.000e+00	0.000e+00
3	2	8.1	7.7	4.57947e-07	7.26391e-03	0.00000e+00	2.00000e-01	6.000e-05	0.000e+00	0.000e+00	0.000e+00	0.000e+00
3	3	8.1	7.7	5.87730e-07	7.26391e-03	0.00000e+00	2.00000e-01	6.000e-05	0.000e+00	0.000e+00	0.000e+00	0.000e+00
====================================================================================================
====================================================================================================
(I: fit interval, P: N. point)

------------------------------
FIT RANGE: (7.62:7.40) ppm
I: 1 P: 1
------------------------------

Fit Report: 
[[Fit Statistics]]
    # fitting method   = leastsq
    # function evals   = 4827
    # data points      = 305
    # variables        = 22
    chi-square         = 6.3507e+08
    reduced chi-square = 2244063.45
    Akaike info crit   = 4481.42485
    Bayesian info crit = 4563.27171
##  Warning: uncertainties could not be estimated:
    ph_1:     at boundary
    xg_1:     at boundary
    ph_2:     at boundary
    xg_2:     at boundary
    xg_4:     at boundary
[[Variables]]
    shift_1:  7.48870006 (init = 7.48912)
    k_1:      9.1954e-08 (init = 7.92099e-08)
    lw_1:     0.00591255 (init = 0.00543092)
    ph_1:    -0.15707934 (init = 0)
    xg_1:     1.00000000 (init = 0.2)
    shift_2:  7.49983274 (init = 7.50012)
    k_2:      2.9822e-07 (init = 3.92161e-07)
    lw_2:     0.00528989 (init = 0.00557384)
    ph_2:    -0.15707900 (init = 0)
    xg_2:     1.00000000 (init = 0.2)
    shift_3:  7.51265539 (init = 7.51332)
    k_3:      8.4858e-07 (init = 7.98386e-07)
    lw_3:     0.00725137 (init = 0.00757471)
    ph_3:     0.06725688 (init = 0)
    xg_3:     0.33500626 (init = 0.2)
    shift_4:  7.52604289 (init = 7.52652)
    k_4:      2.3208e-07 (init = 2.74846e-07)
    lw_4:     0.00617858 (init = 0.00643135)
    ph_4:    -0.01316736 (init = 0)
    xg_4:     1.5421e-11 (init = 0.2)
    A:        7.1431e-05 (init = 6e-05)
    B:       -5.9015e-05 (init = 0)
    C:        0 (fixed)
    D:        0 (fixed)
    E:        0 (fixed)

n.peak	Shift	Integral
1    7.489    2344450.558 +/- 124107.294

------------------------------
FIT RANGE: (7.62:7.40) ppm
I: 1 P: 2
------------------------------

Fit Report: 
[[Fit Statistics]]
    # fitting method   = leastsq
    # function evals   = 56
    # data points      = 305
    # variables        = 10
    chi-square         = 5.8895e+08
    reduced chi-square = 1996439.40
    Akaike info crit   = 4434.42953
    Bayesian info crit = 4471.63264
[[Variables]]
    shift_1:  7.48874307 +/- 1.3130e-04 (0.00%) (init = 7.4887)
    k_1:      9.5811e-08 +/- 3.3191e-09 (3.46%) (init = 9.195375e-08)
    lw_1:     0.005912549 (fixed)
    ph_1:    -0.1570793 (fixed)
    xg_1:     1 (fixed)
    shift_2:  7.49999936 +/- 3.9315e-05 (0.00%) (init = 7.499833)
    k_2:      2.7907e-07 +/- 3.1673e-09 (1.13%) (init = 2.982228e-07)
    lw_2:     0.005289891 (fixed)
    ph_2:    -0.157079 (fixed)
    xg_2:     1 (fixed)
    shift_3:  7.51294799 +/- 3.3177e-05 (0.00%) (init = 7.512655)
    k_3:      7.3746e-07 +/- 4.8710e-09 (0.66%) (init = 8.485778e-07)
    lw_3:     0.007251371 (fixed)
    ph_3:     0.06725688 (fixed)
    xg_3:     0.3350063 (fixed)
    shift_4:  7.52590581 +/- 1.2474e-04 (0.00%) (init = 7.526043)
    k_4:      1.9046e-07 +/- 5.0549e-09 (2.65%) (init = 2.320811e-07)
    lw_4:     0.006178577 (fixed)
    ph_4:    -0.01316736 (fixed)
    xg_4:     1.542139e-11 (fixed)
    A:        6.6627e-05 +/- 8.8399e-07 (1.33%) (init = 7.143112e-05)
    B:       -5.0030e-05 +/- 6.5852e-06 (13.16%) (init = -5.901526e-05)
    C:        0 (fixed)
    D:        0 (fixed)
    E:        0 (fixed)
[[Correlations]] (unreported correlations are < 0.100)
    C(A, B)             = -0.8417
    C(k_1, A)           = -0.2058
    C(k_2, A)           = -0.1679
    C(shift_3, k_4)     = -0.1519
    C(k_3, shift_4)     = +0.1463
    C(k_3, k_4)         = -0.1415
    C(shift_3, shift_4) = +0.1342
    C(k_3, A)           = -0.1210

n.peak	Shift	Integral
1    7.489    2051515.425 +/- 137210.780

------------------------------
FIT RANGE: (7.62:7.40) ppm
I: 1 P: 3
------------------------------

Fit Report: 
[[Fit Statistics]]
    # fitting method   = leastsq
    # function evals   = 56
    # data points      = 305
    # variables        = 10
    chi-square         = 4.1444e+08
    reduced chi-square = 1404894.84
    Akaike info crit   = 4327.25166
    Bayesian info crit = 4364.45478
[[Variables]]
    shift_1:  7.48864546 +/- 1.3439e-04 (0.00%) (init = 7.488743)
    k_1:      8.8318e-08 +/- 3.1303e-09 (3.54%) (init = 9.581137e-08)
    lw_1:     0.005912549 (fixed)
    ph_1:    -0.1570793 (fixed)
    xg_1:     1 (fixed)
    shift_2:  7.49992306 +/- 4.0269e-05 (0.00%) (init = 7.499999)
    k_2:      2.5711e-07 +/- 2.9877e-09 (1.16%) (init = 2.790727e-07)
    lw_2:     0.005289891 (fixed)
    ph_2:    -0.157079 (fixed)
    xg_2:     1 (fixed)
    shift_3:  7.51275434 +/- 3.3329e-05 (0.00%) (init = 7.512948)
    k_3:      6.9205e-07 +/- 4.5901e-09 (0.66%) (init = 7.374615e-07)
    lw_3:     0.007251371 (fixed)
    ph_3:     0.06725688 (fixed)
    xg_3:     0.3350063 (fixed)
    shift_4:  7.52584735 +/- 1.3096e-04 (0.00%) (init = 7.525906)
    k_4:      1.7100e-07 +/- 4.7614e-09 (2.78%) (init = 1.904617e-07)
    lw_4:     0.006178577 (fixed)
    ph_4:    -0.01316736 (fixed)
    xg_4:     1.542139e-11 (fixed)
    A:        6.5841e-05 +/- 8.3428e-07 (1.27%) (init = 6.662667e-05)
    B:       -4.7133e-05 +/- 6.2137e-06 (13.18%) (init = -5.003027e-05)
    C:        0 (fixed)
    D:        0 (fixed)
    E:        0 (fixed)
[[Correlations]] (unreported correlations are < 0.100)
    C(A, B)             = -0.8417
    C(k_1, A)           = -0.2061
    C(k_2, A)           = -0.1680
    C(shift_3, k_4)     = -0.1477
    C(k_3, shift_4)     = +0.1424
    C(k_3, k_4)         = -0.1372
    C(shift_3, shift_4) = +0.1301
    C(k_3, A)           = -0.1220

n.peak	Shift	Integral
1    7.489    1691832.812 +/- 109934.164

------------------------------
FIT RANGE: (7.62:7.40) ppm
I: 1 P: 4
------------------------------

Fit Report: 
[[Fit Statistics]]
    # fitting method   = leastsq
    # function evals   = 67
    # data points      = 305
    # variables        = 10
    chi-square         = 3.2962e+08
    reduced chi-square = 1117354.36
    Akaike info crit   = 4257.40704
    Bayesian info crit = 4294.61016
[[Variables]]
    shift_1:  7.48857565 +/- 1.3645e-04 (0.00%) (init = 7.488645)
    k_1:      9.6904e-08 +/- 3.4898e-09 (3.60%) (init = 8.831845e-08)
    lw_1:     0.005912549 (fixed)
    ph_1:    -0.1570793 (fixed)
    xg_1:     1 (fixed)
    shift_2:  7.49988711 +/- 4.3977e-05 (0.00%) (init = 7.499923)
    k_2:      2.6232e-07 +/- 3.3290e-09 (1.27%) (init = 2.571096e-07)
    lw_2:     0.005289891 (fixed)
    ph_2:    -0.157079 (fixed)
    xg_2:     1 (fixed)
    shift_3:  7.51261487 +/- 3.8294e-05 (0.00%) (init = 7.512754)
    k_3:      6.7168e-07 +/- 5.1170e-09 (0.76%) (init = 6.920473e-07)
    lw_3:     0.007251371 (fixed)
    ph_3:     0.06725688 (fixed)
    xg_3:     0.3350063 (fixed)
    shift_4:  7.52562837 +/- 1.7461e-04 (0.00%) (init = 7.525847)
    k_4:      1.4298e-07 +/- 5.3037e-09 (3.71%) (init = 1.709997e-07)
    lw_4:     0.006178577 (fixed)
    ph_4:    -0.01316736 (fixed)
    xg_4:     1.542139e-11 (fixed)
    A:        7.0884e-05 +/- 9.2968e-07 (1.31%) (init = 6.58411e-05)
    B:       -4.7422e-05 +/- 6.9228e-06 (14.60%) (init = -4.713341e-05)
    C:        0 (fixed)
    D:        0 (fixed)
    E:        0 (fixed)
[[Correlations]] (unreported correlations are < 0.100)
    C(A, B)             = -0.8419
    C(k_1, A)           = -0.2064
    C(k_2, A)           = -0.1680
    C(shift_3, k_4)     = -0.1500
    C(k_3, shift_4)     = +0.1446
    C(k_3, k_4)         = -0.1399
    C(shift_3, shift_4) = +0.1326
    C(k_3, A)           = -0.1221

n.peak	Shift	Integral
1    7.489    1315432.549 +/- 93150.833

------------------------------
FIT RANGE: (7.62:7.40) ppm
I: 1 P: 5
------------------------------

Fit Report: 
[[Fit Statistics]]
    # fitting method   = leastsq
    # function evals   = 67
    # data points      = 305
    # variables        = 10
    chi-square         = 2.0109e+08
    reduced chi-square = 681645.851
    Akaike info crit   = 4106.67338
    Bayesian info crit = 4143.87649
[[Variables]]
    shift_1:  7.48836250 +/- 1.4840e-04 (0.00%) (init = 7.488576)
    k_1:      9.1303e-08 +/- 3.5752e-09 (3.92%) (init = 9.690438e-08)
    lw_1:     0.005912549 (fixed)
    ph_1:    -0.1570793 (fixed)
    xg_1:     1 (fixed)
    shift_2:  7.49968396 +/- 4.9489e-05 (0.00%) (init = 7.499887)
    k_2:      2.3886e-07 +/- 3.4103e-09 (1.43%) (init = 2.623244e-07)
    lw_2:     0.005289891 (fixed)
    ph_2:    -0.157079 (fixed)
    xg_2:     1 (fixed)
    shift_3:  7.51245668 +/- 4.0847e-05 (0.00%) (init = 7.512615)
    k_3:      6.4678e-07 +/- 5.2560e-09 (0.81%) (init = 6.7168e-07)
    lw_3:     0.007251371 (fixed)
    ph_3:     0.06725688 (fixed)
    xg_3:     0.3350063 (fixed)
    shift_4:  7.52520489 +/- 1.8221e-04 (0.00%) (init = 7.525628)
    k_4:      1.4072e-07 +/- 5.4477e-09 (3.87%) (init = 1.429779e-07)
    lw_4:     0.006178577 (fixed)
    ph_4:    -0.01316736 (fixed)
    xg_4:     1.542139e-11 (fixed)
    A:        7.7670e-05 +/- 9.5310e-07 (1.23%) (init = 7.088357e-05)
    B:       -4.9591e-05 +/- 7.0943e-06 (14.31%) (init = -4.742202e-05)
    C:        0 (fixed)
    D:        0 (fixed)
    E:        0 (fixed)
[[Correlations]] (unreported correlations are < 0.100)
    C(A, B)             = -0.8421
    C(k_1, A)           = -0.2070
    C(k_2, A)           = -0.1686
    C(shift_3, k_4)     = -0.1584
    C(k_3, shift_4)     = +0.1524
    C(k_3, k_4)         = -0.1490
    C(shift_3, shift_4) = +0.1410
    C(k_3, A)           = -0.1216
    C(k_1, B)           = +0.1007

n.peak	Shift	Integral
1    7.488    954549.041 +/- 62641.627

------------------------------
FIT RANGE: (7.62:7.40) ppm
I: 1 P: 6
------------------------------

Fit Report: 
[[Fit Statistics]]
    # fitting method   = leastsq
    # function evals   = 111
    # data points      = 305
    # variables        = 10
    chi-square         = 1.7040e+08
    reduced chi-square = 577623.539
    Akaike info crit   = 4056.16907
    Bayesian info crit = 4093.37218
[[Variables]]
    shift_1:  7.48905593 +/- 2.0825e-04 (0.00%) (init = 7.488362)
    k_1:      8.0657e-08 +/- 4.4081e-09 (5.47%) (init = 9.130269e-08)
    lw_1:     0.005912549 (fixed)
    ph_1:    -0.1570793 (fixed)
    xg_1:     1 (fixed)
    shift_2:  7.49966135 +/- 6.9032e-05 (0.00%) (init = 7.499684)
    k_2:      2.1224e-07 +/- 4.2080e-09 (1.98%) (init = 2.388642e-07)
    lw_2:     0.005289891 (fixed)
    ph_2:    -0.157079 (fixed)
    xg_2:     1 (fixed)
    shift_3:  7.51242673 +/- 5.7037e-05 (0.00%) (init = 7.512457)
    k_3:      5.6953e-07 +/- 6.4600e-09 (1.13%) (init = 6.467751e-07)
    lw_3:     0.007251371 (fixed)
    ph_3:     0.06725688 (fixed)
    xg_3:     0.3350063 (fixed)
    shift_4:  7.52557928 +/- 2.4140e-04 (0.00%) (init = 7.525205)
    k_4:      1.3063e-07 +/- 6.6950e-09 (5.13%) (init = 1.407243e-07)
    lw_4:     0.006178577 (fixed)
    ph_4:    -0.01316736 (fixed)
    xg_4:     1.542139e-11 (fixed)
    A:        8.4000e-05 +/- 1.1753e-06 (1.40%) (init = 7.766959e-05)
    B:       -7.4803e-05 +/- 8.7522e-06 (11.70%) (init = -4.959096e-05)
    C:        0 (fixed)
    D:        0 (fixed)
    E:        0 (fixed)
[[Correlations]] (unreported correlations are < 0.100)
    C(A, B)             = -0.8418
    C(k_1, A)           = -0.2040
    C(k_2, A)           = -0.1676
    C(shift_3, k_4)     = -0.1459
    C(k_3, shift_4)     = +0.1407
    C(k_3, k_4)         = -0.1355
    C(shift_3, shift_4) = +0.1284
    C(k_3, A)           = -0.1231
    C(shift_1, shift_2) = +0.1154

n.peak	Shift	Integral
1    7.489    632752.529 +/- 64754.408

------------------------------
FIT RANGE: (8.06:7.74) ppm
I: 2 P: 1
------------------------------

Fit Report: 
[[Fit Statistics]]
    # fitting method   = leastsq
    # function evals   = 1024
    # data points      = 443
    # variables        = 22
    chi-square         = 4.7958e+08
    reduced chi-square = 1139146.77
    Akaike info crit   = 6199.41995
    Bayesian info crit = 6289.47848
##  Warning: uncertainties could not be estimated:
    xg_1:     at boundary
    xg_3:     at boundary
[[Variables]]
    shift_1:  7.86609840 (init = 7.86755)
    k_1:      1.3305e-07 (init = 2.16635e-07)
    lw_1:     0.00491407 (init = 0.00609701)
    ph_1:    -0.02938967 (init = 0)
    xg_1:     1.00000000 (init = 0.2)
    shift_2:  7.87543199 (init = 7.87635)
    k_2:      3.9451e-07 (init = 2.7803e-07)
    lw_2:     0.00799931 (init = 0.00682632)
    ph_2:     0.06921685 (init = 0)
    xg_2:     3.6150e-08 (init = 0.2)
    shift_3:  7.92097482 (init = 7.92256)
    k_3:      2.7099e-07 (init = 4.57947e-07)
    lw_3:     0.00671500 (init = 0.00726391)
    ph_3:     0.12233123 (init = 0)
    xg_3:     1.00000000 (init = 0.2)
    shift_4:  7.93445582 (init = 7.93502)
    k_4:      6.2370e-07 (init = 5.8773e-07)
    lw_4:     0.00743939 (init = 0.00726391)
    ph_4:    -0.02691610 (init = 0)
    xg_4:     0.02156226 (init = 0.2)
    A:        6.7838e-05 (init = 6e-05)
    B:       -3.1442e-05 (init = 0)
    C:        0 (fixed)
    D:        0 (fixed)
    E:        0 (fixed)

n.peak	Shift	Integral
1    7.866    840907.115 +/- 105741.551
2    7.875    1426103.507 +/- 103774.753

------------------------------
FIT RANGE: (8.06:7.74) ppm
I: 2 P: 2
------------------------------

Fit Report: 
[[Fit Statistics]]
    # fitting method   = leastsq
    # function evals   = 45
    # data points      = 443
    # variables        = 10
    chi-square         = 3.9782e+08
    reduced chi-square = 918762.776
    Akaike info crit   = 6092.62238
    Bayesian info crit = 6133.55808
##  Warning: uncertainties could not be estimated:
    shift_1:  at initial value
    shift_2:  at initial value
    shift_3:  at initial value
[[Variables]]
    shift_1:  7.86609840 (init = 7.866098)
    k_1:      1.0371e-07 (init = 1.330515e-07)
    lw_1:     0.004914073 (fixed)
    ph_1:    -0.02938967 (fixed)
    xg_1:     1 (fixed)
    shift_2:  7.87543199 (init = 7.875432)
    k_2:      3.3972e-07 (init = 3.945075e-07)
    lw_2:     0.007999312 (fixed)
    ph_2:     0.06921685 (fixed)
    xg_2:     3.615024e-08 (fixed)
    shift_3:  7.92097482 (init = 7.920975)
    k_3:      2.4059e-07 (init = 2.709927e-07)
    lw_3:     0.006715004 (fixed)
    ph_3:     0.1223312 (fixed)
    xg_3:     1 (fixed)
    shift_4:  7.93460268 (init = 7.934456)
    k_4:      5.4102e-07 (init = 6.237004e-07)
    lw_4:     0.007439386 (fixed)
    ph_4:    -0.0269161 (fixed)
    xg_4:     0.02156226 (fixed)
    A:        6.4202e-05 (init = 6.783834e-05)
    B:       -2.6870e-05 (init = -3.144218e-05)
    C:        0 (fixed)
    D:        0 (fixed)
    E:        0 (fixed)

n.peak	Shift	Integral
1    7.866    698263.591 +/- 101178.372
2    7.875    1230799.146 +/- 91407.252

------------------------------
FIT RANGE: (8.06:7.74) ppm
I: 2 P: 3
------------------------------

Fit Report: 
[[Fit Statistics]]
    # fitting method   = leastsq
    # function evals   = 45
    # data points      = 443
    # variables        = 10
    chi-square         = 2.9606e+08
    reduced chi-square = 683750.500
    Akaike info crit   = 5961.74473
    Bayesian info crit = 6002.68043
##  Warning: uncertainties could not be estimated:
    shift_1:  at initial value
    k_1:      at initial value
    shift_2:  at initial value
    shift_3:  at initial value
[[Variables]]
    shift_1:  7.86609840 (init = 7.866098)
    k_1:      1.0358e-07 (init = 1.037109e-07)
    lw_1:     0.004914073 (fixed)
    ph_1:    -0.02938967 (fixed)
    xg_1:     1 (fixed)
    shift_2:  7.87543199 (init = 7.875432)
    k_2:      2.9806e-07 (init = 3.397188e-07)
    lw_2:     0.007999312 (fixed)
    ph_2:     0.06921685 (fixed)
    xg_2:     3.615024e-08 (fixed)
    shift_3:  7.92097482 (init = 7.920975)
    k_3:      2.2440e-07 (init = 2.40593e-07)
    lw_3:     0.006715004 (fixed)
    ph_3:     0.1223312 (fixed)
    xg_3:     1 (fixed)
    shift_4:  7.93452024 (init = 7.934603)
    k_4:      4.9778e-07 (init = 5.410215e-07)
    lw_4:     0.007439386 (fixed)
    ph_4:    -0.0269161 (fixed)
    xg_4:     0.02156226 (fixed)
    A:        6.4549e-05 (init = 6.42024e-05)
    B:       -2.9146e-05 (init = -2.687049e-05)
    C:        0 (fixed)
    D:        0 (fixed)
    E:        0 (fixed)

n.peak	Shift	Integral
1    7.866    562271.634 +/- 75827.540
2    7.875    1011037.922 +/- 68667.958

------------------------------
FIT RANGE: (8.06:7.74) ppm
I: 2 P: 4
------------------------------

Fit Report: 
[[Fit Statistics]]
    # fitting method   = leastsq
    # function evals   = 45
    # data points      = 443
    # variables        = 10
    chi-square         = 2.4018e+08
    reduced chi-square = 554681.122
    Akaike info crit   = 5869.06927
    Bayesian info crit = 5910.00497
##  Warning: uncertainties could not be estimated:
    shift_1:  at initial value
    k_1:      at initial value
    shift_2:  at initial value
    shift_3:  at initial value
    k_3:      at initial value
[[Variables]]
    shift_1:  7.86609840 (init = 7.866098)
    k_1:      1.0583e-07 (init = 1.035753e-07)
    lw_1:     0.004914073 (fixed)
    ph_1:    -0.02938967 (fixed)
    xg_1:     1 (fixed)
    shift_2:  7.87543199 (init = 7.875432)
    k_2:      2.8201e-07 (init = 2.98055e-07)
    lw_2:     0.007999312 (fixed)
    ph_2:     0.06921685 (fixed)
    xg_2:     3.615024e-08 (fixed)
    shift_3:  7.92097482 (init = 7.920975)
    k_3:      2.2801e-07 (init = 2.244015e-07)
    lw_3:     0.006715004 (fixed)
    ph_3:     0.1223312 (fixed)
    xg_3:     1 (fixed)
    shift_4:  7.93436289 (init = 7.93452)
    k_4:      4.6532e-07 (init = 4.977823e-07)
    lw_4:     0.007439386 (fixed)
    ph_4:    -0.0269161 (fixed)
    xg_4:     0.02156226 (fixed)
    A:        6.8162e-05 (init = 6.454881e-05)
    B:       -2.9586e-05 (init = -2.914583e-05)
    C:        0 (fixed)
    D:        0 (fixed)
    E:        0 (fixed)

n.peak	Shift	Integral
1    7.866    434609.086 +/- 62925.346
2    7.875    776927.222 +/- 69624.779

------------------------------
FIT RANGE: (8.06:7.74) ppm
I: 2 P: 5
------------------------------

Fit Report: 
[[Fit Statistics]]
    # fitting method   = leastsq
    # function evals   = 45
    # data points      = 443
    # variables        = 10
    chi-square         = 2.4579e+08
    reduced chi-square = 567634.479
    Akaike info crit   = 5879.29561
    Bayesian info crit = 5920.23131
##  Warning: uncertainties could not be estimated:
    shift_1:  at initial value
    shift_2:  at initial value
    shift_3:  at initial value
    shift_4:  at initial value
    k_4:      at initial value
[[Variables]]
    shift_1:  7.86609840 (init = 7.866098)
    k_1:      9.3834e-08 (init = 1.058325e-07)
    lw_1:     0.004914073 (fixed)
    ph_1:    -0.02938967 (fixed)
    xg_1:     1 (fixed)
    shift_2:  7.87543199 (init = 7.875432)
    k_2:      2.5064e-07 (init = 2.820109e-07)
    lw_2:     0.007999312 (fixed)
    ph_2:     0.06921685 (fixed)
    xg_2:     3.615024e-08 (fixed)
    shift_3:  7.92097482 (init = 7.920975)
    k_3:      2.1397e-07 (init = 2.280107e-07)
    lw_3:     0.006715004 (fixed)
    ph_3:     0.1223312 (fixed)
    xg_3:     1 (fixed)
    shift_4:  7.93436289 (init = 7.934363)
    k_4:      4.5858e-07 (init = 4.653161e-07)
    lw_4:     0.007439386 (fixed)
    ph_4:    -0.0269161 (fixed)
    xg_4:     0.02156226 (fixed)
    A:        7.4647e-05 (init = 6.816171e-05)
    B:       -2.4123e-05 (init = -2.958576e-05)
    C:        0 (fixed)
    D:        0 (fixed)
    E:        0 (fixed)

n.peak	Shift	Integral
1    7.866    294204.021 +/- 55199.317
2    7.875    574394.860 +/- 65923.503

------------------------------
FIT RANGE: (8.06:7.74) ppm
I: 2 P: 6
------------------------------

Fit Report: 
[[Fit Statistics]]
    # fitting method   = leastsq
    # function evals   = 45
    # data points      = 443
    # variables        = 10
    chi-square         = 1.6086e+08
    reduced chi-square = 371494.229
    Akaike info crit   = 5691.48826
    Bayesian info crit = 5732.42396
##  Warning: uncertainties could not be estimated:
    shift_1:  at initial value
    shift_2:  at initial value
    shift_3:  at initial value
    shift_4:  at initial value
[[Variables]]
    shift_1:  7.86609840 (init = 7.866098)
    k_1:      7.2019e-08 (init = 9.383415e-08)
    lw_1:     0.004914073 (fixed)
    ph_1:    -0.02938967 (fixed)
    xg_1:     1 (fixed)
    shift_2:  7.87543199 (init = 7.875432)
    k_2:      2.1708e-07 (init = 2.506447e-07)
    lw_2:     0.007999312 (fixed)
    ph_2:     0.06921685 (fixed)
    xg_2:     3.615024e-08 (fixed)
    shift_3:  7.92097482 (init = 7.920975)
    k_3:      1.9712e-07 (init = 2.139686e-07)
    lw_3:     0.006715004 (fixed)
    ph_3:     0.1223312 (fixed)
    xg_3:     1 (fixed)
    shift_4:  7.93436289 (init = 7.934363)
    k_4:      4.0040e-07 (init = 4.585812e-07)
    lw_4:     0.007439386 (fixed)
    ph_4:    -0.0269161 (fixed)
    xg_4:     0.02156226 (fixed)
    A:        7.8746e-05 (init = 7.464678e-05)
    B:       -2.8388e-05 (init = -2.412307e-05)
    C:        0 (fixed)
    D:        0 (fixed)
    E:        0 (fixed)

n.peak	Shift	Integral
1    7.866    184206.371 +/- 40425.005
2    7.875    380721.852 +/- 58445.604

------------------------------
N. PEAK: 1
------------------------------

Fit Parameters:

Mono
y = a + A exp(-t/T1)
fit: T1=8.5239e-02, a=-1.901e+05, A=2.562e+06
[[Fit Statistics]]
    # fitting method   = leastsq
    # function evals   = 9
    # data points      = 6
    # variables        = 1
    chi-square         = 2.2988e+09
    reduced chi-square = 4.5977e+08
    Akaike info crit   = 120.583440
    Bayesian info crit = 120.375200
[[Variables]]
    t1:  0.08523924 +/- 0.03960889 (46.47%) (init = 0)

Bi
y = a + A (f exp(-t/T1a)+ (1-f) exp(-t/T1b))
fit: f=4.025e-01, T1a=8.5238e-02, T1b=8.5240e-02, a=-1.901e+05, A=2.562e+06
[[Fit Statistics]]
    # fitting method   = leastsq
    # function evals   = 37
    # data points      = 6
    # variables        = 3
    chi-square         = 2.2988e+09
    reduced chi-square = 7.6628e+08
    Akaike info crit   = 124.583440
    Bayesian info crit = 123.958718
[[Variables]]
    f:    0.40253998 +/- 2700781.40 (670934952.39%) (init = 0.5)
    t1a:  0.08523763 +/- 5145.09377 (6036176.79%) (init = 0)
    t1b:  0.08523970 +/- 3458.35491 (4057211.34%) (init = 0)
[[Correlations]] (unreported correlations are < 0.100)
    C(t1a, t1b) = -0.9975

------------------------------
N. PEAK: 2
------------------------------

Fit Parameters:

Mono
y = a + A exp(-t/T1)
fit: T1=-5.4313e-03, a=-2.928e+04, A=8.728e+05
[[Fit Statistics]]
    # fitting method   = leastsq
    # function evals   = 7
    # data points      = 6
    # variables        = 1
    chi-square         = 93553339.0
    reduced chi-square = 18710667.8
    Akaike info crit   = 101.373697
    Bayesian info crit = 101.165456
[[Variables]]
    t1: -0.00543126 +/- 0.01760492 (324.14%) (init = 0)

Bi
y = a + A (f exp(-t/T1a)+ (1-f) exp(-t/T1b))
fit: f=4.952e-01, T1a=-5.4323e-03, T1b=-5.4303e-03, a=-2.928e+04, A=8.728e+05
[[Fit Statistics]]
    # fitting method   = leastsq
    # function evals   = 25
    # data points      = 6
    # variables        = 3
    chi-square         = 93553339.0
    reduced chi-square = 31184446.3
    Akaike info crit   = 105.373697
    Bayesian info crit = 104.748975
[[Variables]]
    f:    0.49517131 +/- 137526.290 (27773476.77%) (init = 0.5)
    t1a: -0.00543229 +/- 40407.1933 (743832928.54%) (init = 0)
    t1b: -0.00543028 +/- 39634.5471 (729880123.27%) (init = 0)
[[Correlations]] (unreported correlations are < 0.100)
    C(t1a, t1b) = -1.0000

------------------------------
N. PEAK: 3
------------------------------

Fit Parameters:

Mono
y = a + A exp(-t/T1)
fit: T1=3.6015e-02, a=-2.827e+04, A=1.468e+06
[[Fit Statistics]]
    # fitting method   = leastsq
    # function evals   = 9
    # data points      = 6
    # variables        = 1
    chi-square         = 5.5334e+08
    reduced chi-square = 1.1067e+08
    Akaike info crit   = 112.038291
    Bayesian info crit = 111.830050
[[Variables]]
    t1:  0.03601516 +/- 0.02892809 (80.32%) (init = 0)

Bi
y = a + A (f exp(-t/T1a)+ (1-f) exp(-t/T1b))
fit: f=4.681e-01, T1a=3.6010e-02, T1b=3.6020e-02, a=-2.827e+04, A=1.468e+06
[[Fit Statistics]]
    # fitting method   = leastsq
    # function evals   = 34
    # data points      = 6
    # variables        = 3
    chi-square         = 5.5334e+08
    reduced chi-square = 1.8445e+08
    Akaike info crit   = 116.038291
    Bayesian info crit = 115.413569
[[Variables]]
    f:    0.46812859 +/- 1377389.53 (294233160.26%) (init = 0.5)
    t1a:  0.03600965 +/- 15038.4217 (41762201.67%) (init = 0)
    t1b:  0.03602000 +/- 13238.4867 (36753154.74%) (init = 0)
[[Correlations]] (unreported correlations are < 0.100)
    C(t1a, t1b) = -1.0000
====================================================================================================
