SPECTRA PATH: 
/home/letizia/Documents/Dottorato/Programma_new/relax/data600/dati_olio600/32/pdata/1

CALIBRATION: (1.20000:0.88800) ppm
in points
0   0   0   1   2   2   4   5   6   7   10   11   13   18   62   57   
in ppm
0.00000   0.00000   0.00000   0.00037   0.00073   0.00073   0.00147   0.00183   0.00220   0.00257   0.00367   0.00403   0.00477   0.00660   0.02274   0.02090   

Points:
1	0.004
2	0.013
3	0.053
4	0.083
5	0.103
6	0.153
7	0.253
8	0.353
9	0.453
10	0.553
11	0.703
12	0.903
13	1.203
14	2.003
15	4.003
16	5.003

VCLIST point: 2879.67 T

Selected intervals (ppm):
1	5.4200	5.3460
2	5.5580	5.4250

====================================================================================================

N. interval: 1
Baseline coefficients
A	0.00000e+00
B	0.00000e+00
C	0.00000e+00
D	0.00000e+00
E	0.00000e+00
N. point	Integral
0	10219945.980 +/- 6119.459
1	10023064.707 +/- 5583.033
2	8483421.062 +/- 5246.309
3	7539591.406 +/- 4751.912
4	6927038.133 +/- 4597.624
5	5658206.918 +/- 4112.285
6	3869174.238 +/- 4335.034
7	2643077.875 +/- 2971.378
8	1777572.164 +/- 1579.245
9	1239284.133 +/- 1104.453
10	654008.574 +/- 877.462
11	330258.676 +/- 1056.210
12	133195.652 +/- 811.817
13	11734.418 +/- 992.005
14	19594.953 +/- 772.454
15	-2137.070 +/- 626.843

N. interval: 2
Baseline coefficients
A	0.00000e+00
B	0.00000e+00
C	0.00000e+00
D	0.00000e+00
E	0.00000e+00
N. point	Integral
0	59060439.543 +/- 10966.556
1	57687144.137 +/- 10005.237
2	52052632.398 +/- 9401.802
3	48294499.609 +/- 8515.803
4	46097439.336 +/- 8239.307
5	40577515.363 +/- 7369.540
6	31713526.109 +/- 7768.725
7	24848457.969 +/- 5324.945
8	19503284.344 +/- 2830.132
9	15321663.668 +/- 1979.268
10	10681579.852 +/- 1572.481
11	6647470.477 +/- 1892.812
12	3294071.996 +/- 1454.840
13	531676.957 +/- 1777.751
14	121757.422 +/- 1384.298
15	5543.250 +/- 1123.352


------------------------------
N. PEAK: 1
------------------------------

Fit Parameters:

Mono
y = a + A exp(-t/T1)
fit: T1=-5.9626e-01, a=2.432e+04, A=1.042e+07
[[Fit Statistics]]
    # fitting method   = leastsq
    # function evals   = 11
    # data points      = 16
    # variables        = 1
    chi-square         = 2.3673e+10
    reduced chi-square = 1.5782e+09
    Akaike info crit   = 339.840260
    Bayesian info crit = 340.612849
[[Variables]]
    t1: -0.59625797 +/- 0.00317075 (0.53%) (init = 0)

Bi
y = a + A (f exp(-t/T1a)+ (1-f) exp(-t/T1b))
fit: f=9.012e-01, T1a=-5.7527e-01, T1b=-8.0214e-01, a=1.038e+04, A=1.046e+07
[[Fit Statistics]]
    # fitting method   = leastsq
    # function evals   = 97
    # data points      = 16
    # variables        = 3
    chi-square         = 2.0401e+10
    reduced chi-square = 1.5693e+09
    Akaike info crit   = 341.460366
    Bayesian info crit = 343.778132
[[Variables]]
    f:    0.90116449 +/- 0.53399232 (59.26%) (init = 0.5)
    t1a: -0.57526795 +/- 0.06882230 (11.96%) (init = 0)
    t1b: -0.80213625 +/- 0.63818357 (79.56%) (init = 0)
[[Correlations]] (unreported correlations are < 0.100)
    C(f, t1a)   = -0.9942
    C(f, t1b)   = -0.9932
    C(t1a, t1b) = +0.9763

------------------------------
N. PEAK: 2
------------------------------

Fit Parameters:

Mono
y = a + A exp(-t/T1)
fit: T1=-3.9388e-01, a=1.668e+05, A=5.928e+07
[[Fit Statistics]]
    # fitting method   = leastsq
    # function evals   = 13
    # data points      = 16
    # variables        = 1
    chi-square         = 2.2074e+11
    reduced chi-square = 1.4716e+10
    Akaike info crit   = 375.562426
    Bayesian info crit = 376.335015
[[Variables]]
    t1: -0.39387748 +/- 0.00165759 (0.42%) (init = 0)

Bi
y = a + A (f exp(-t/T1a)+ (1-f) exp(-t/T1b))
fit: f=9.525e-01, T1a=-3.7797e-01, T1b=-7.6775e-01, a=6.258e+04, A=5.957e+07
[[Fit Statistics]]
    # fitting method   = leastsq
    # function evals   = 60
    # data points      = 16
    # variables        = 3
    chi-square         = 3.1011e+10
    reduced chi-square = 2.3855e+09
    Akaike info crit   = 348.160314
    Bayesian info crit = 350.478080
[[Variables]]
    f:    0.95249942 +/- 0.02351416 (2.47%) (init = 0.5)
    t1a: -0.37797283 +/- 0.00530342 (1.40%) (init = 0)
    t1b: -0.76775460 +/- 0.10537764 (13.73%) (init = 0)
[[Correlations]] (unreported correlations are < 0.100)
    C(f, t1a)   = -0.9835
    C(f, t1b)   = -0.9761
    C(t1a, t1b) = +0.9329
====================================================================================================