SPECTRA PATH: 
path/to/spectra

CALIBRATION: (1.90000:1.70000) ppm
in points
0   1   2   3   4   5   
in ppm
0.00000   0.00073   0.00147   0.00220   0.00293   0.00367   

Points:
1	0.003
2	0.191
3	0.412
4	0.682
5	1.026
6	1.503

VCLIST point: 622.91 T

INPUT1: inp1_2
n. peak	name	ppm1	ppm2	v	mult
1	true	7.62200	7.39800	7.48912	3
1	true	7.62200	7.39800	7.50012	3
1	true	7.62200	7.39800	7.51332	3
1	true	7.62200	7.39800	7.52652	3
2	true	8.06300	7.73800	7.86755	2
2	true	8.06300	7.73800	7.87635	2
3	true	8.06300	7.73800	7.92256	1
3	true	8.06300	7.73800	7.93502	1

INPUT2: inp2_2
n. peak	i	ppm1	ppm2	k		fwhm		phi		xg		A		B		C		D		E
1	0	7.6	7.4	7.92099e-08	5.43092e-03	0.00000e+00	2.00000e-01	6.000e-05	0.000e+00	0.000e+00	0.000e+00	0.000e+00
1	1	7.6	7.4	3.92161e-07	5.57384e-03	0.00000e+00	2.00000e-01	6.000e-05	0.000e+00	0.000e+00	0.000e+00	0.000e+00
1	2	7.6	7.4	7.98386e-07	7.57471e-03	0.00000e+00	2.00000e-01	6.000e-05	0.000e+00	0.000e+00	0.000e+00	0.000e+00
1	3	7.6	7.4	2.74846e-07	6.43135e-03	0.00000e+00	2.00000e-01	6.000e-05	0.000e+00	0.000e+00	0.000e+00	0.000e+00
2	0	8.1	7.7	2.16635e-07	6.09701e-03	0.00000e+00	2.00000e-01	6.000e-05	0.000e+00	0.000e+00	0.000e+00	0.000e+00
2	1	8.1	7.7	2.78030e-07	6.82632e-03	0.00000e+00	2.00000e-01	6.000e-05	0.000e+00	0.000e+00	0.000e+00	0.000e+00
3	2	8.1	7.7	4.57947e-07	7.26391e-03	0.00000e+00	2.00000e-01	6.000e-05	0.000e+00	0.000e+00	0.000e+00	0.000e+00
3	3	8.1	7.7	5.87730e-07	7.26391e-03	0.00000e+00	2.00000e-01	6.000e-05	0.000e+00	0.000e+00	0.000e+00	0.000e+00
====================================================================================================
====================================================================================================
(I: fit interval, P: N. point)

------------------------------
FIT RANGE: (7.62:7.40) ppm
I: 1 P: 1
------------------------------

Fit Report: 
[[Fit Statistics]]
    # fitting method   = leastsq
    # function evals   = 4595
    # data points      = 305
    # variables        = 22
    chi-square         = 6.7761e+08
    reduced chi-square = 2394390.68
    Akaike info crit   = 4501.20121
    Bayesian info crit = 4583.04807
##  Warning: uncertainties could not be estimated:
    ph_1:     at boundary
    xg_1:     at boundary
    ph_2:     at boundary
    xg_2:     at boundary
    xg_4:     at boundary
[[Variables]]
    shift_1:  7.48861572 (init = 7.48912)
    k_1:      9.1261e-08 (init = 7.92099e-08)
    lw_1:     0.00583127 (init = 0.00543092)
    ph_1:    -0.15707949 (init = 0)
    xg_1:     1.00000000 (init = 0.2)
    shift_2:  7.49983322 (init = 7.50012)
    k_2:      2.9200e-07 (init = 3.92161e-07)
    lw_2:     0.00535958 (init = 0.00557384)
    ph_2:    -0.15707963 (init = 0)
    xg_2:     1.00000000 (init = 0.2)
    shift_3:  7.51259073 (init = 7.51332)
    k_3:      8.2784e-07 (init = 7.98386e-07)
    lw_3:     0.00713963 (init = 0.00757471)
    ph_3:     0.08938207 (init = 0)
    xg_3:     0.27875986 (init = 0.2)
    shift_4:  7.52593014 (init = 7.52652)
    k_4:      1.9446e-07 (init = 2.74846e-07)
    lw_4:     0.00554560 (init = 0.00643135)
    ph_4:     0.04050364 (init = 0)
    xg_4:     1.5421e-11 (init = 0.2)
    A:        7.3587e-05 (init = 6e-05)
    B:       -6.2162e-05 (init = 0)
    C:        0 (fixed)
    D:        0 (fixed)
    E:        0 (fixed)

n.peak	Shift	Integral
1    7.489    2307595.117 +/- 128619.719

------------------------------
FIT RANGE: (7.62:7.40) ppm
I: 1 P: 2
------------------------------

Fit Report: 
[[Fit Statistics]]
    # fitting method   = leastsq
    # function evals   = 45
    # data points      = 305
    # variables        = 10
    chi-square         = 4.3164e+08
    reduced chi-square = 1463196.54
    Akaike info crit   = 4339.65326
    Bayesian info crit = 4376.85638
[[Variables]]
    shift_1:  7.48881178 +/- 1.0294e-04 (0.00%) (init = 7.488616)
    k_1:      1.0789e-07 +/- 2.9664e-09 (2.75%) (init = 9.126096e-08)
    lw_1:     0.005831272 (fixed)
    ph_1:    -0.1570795 (fixed)
    xg_1:     1 (fixed)
    shift_2:  7.50000044 +/- 3.3469e-05 (0.00%) (init = 7.499833)
    k_2:      2.9936e-07 +/- 2.8636e-09 (0.96%) (init = 2.919989e-07)
    lw_2:     0.005359583 (fixed)
    ph_2:    -0.1570796 (fixed)
    xg_2:     1 (fixed)
    shift_3:  7.51274929 +/- 2.7763e-05 (0.00%) (init = 7.512591)
    k_3:      7.9551e-07 +/- 4.4020e-09 (0.55%) (init = 8.2784e-07)
    lw_3:     0.007139635 (fixed)
    ph_3:     0.08938207 (fixed)
    xg_3:     0.2787599 (fixed)
    shift_4:  7.52592431 +/- 1.0998e-04 (0.00%) (init = 7.52593)
    k_4:      1.6876e-07 +/- 4.2794e-09 (2.54%) (init = 1.944575e-07)
    lw_4:     0.005545596 (fixed)
    ph_4:     0.04050364 (fixed)
    xg_4:     1.542139e-11 (fixed)
    A:        7.1568e-05 +/- 7.9255e-07 (1.11%) (init = 7.358689e-05)
    B:       -5.6403e-05 +/- 5.9199e-06 (10.50%) (init = -6.216187e-05)
    C:        0 (fixed)
    D:        0 (fixed)
    E:        0 (fixed)
[[Correlations]] (unreported correlations are < 0.100)
    C(A, B)             = -0.8413
    C(k_1, A)           = -0.2043
    C(k_2, A)           = -0.1689
    C(shift_3, k_4)     = -0.1311
    C(k_3, A)           = -0.1237
    C(k_3, shift_4)     = +0.1179
    C(shift_3, shift_4) = +0.1103
    C(k_3, k_4)         = -0.1077

n.peak	Shift	Integral
1    7.489    2058459.283 +/- 124574.159

------------------------------
FIT RANGE: (7.62:7.40) ppm
I: 1 P: 3
------------------------------

Fit Report: 
[[Fit Statistics]]
    # fitting method   = leastsq
    # function evals   = 67
    # data points      = 305
    # variables        = 10
    chi-square         = 4.2621e+08
    reduced chi-square = 1444792.47
    Akaike info crit   = 4335.79265
    Bayesian info crit = 4372.99577
[[Variables]]
    shift_1:  7.48848244 +/- 1.1454e-04 (0.00%) (init = 7.488812)
    k_1:      1.0794e-07 +/- 3.3059e-09 (3.06%) (init = 1.078876e-07)
    lw_1:     0.005831272 (fixed)
    ph_1:    -0.1570795 (fixed)
    xg_1:     1 (fixed)
    shift_2:  7.49989735 +/- 3.7201e-05 (0.00%) (init = 7.5)
    k_2:      2.9988e-07 +/- 3.1910e-09 (1.06%) (init = 2.993639e-07)
    lw_2:     0.005359583 (fixed)
    ph_2:    -0.1570796 (fixed)
    xg_2:     1 (fixed)
    shift_3:  7.51258980 +/- 3.1472e-05 (0.00%) (init = 7.512749)
    k_3:      7.8151e-07 +/- 4.9018e-09 (0.63%) (init = 7.955137e-07)
    lw_3:     0.007139635 (fixed)
    ph_3:     0.08938207 (fixed)
    xg_3:     0.2787599 (fixed)
    shift_4:  7.52588571 +/- 1.4672e-04 (0.00%) (init = 7.525924)
    k_4:      1.4087e-07 +/- 4.7608e-09 (3.38%) (init = 1.687585e-07)
    lw_4:     0.005545596 (fixed)
    ph_4:     0.04050364 (fixed)
    xg_4:     1.542139e-11 (fixed)
    A:        6.7468e-05 +/- 8.8351e-07 (1.31%) (init = 7.156837e-05)
    B:       -5.7092e-05 +/- 6.5975e-06 (11.56%) (init = -5.640256e-05)
    C:        0 (fixed)
    D:        0 (fixed)
    E:        0 (fixed)
[[Correlations]] (unreported correlations are < 0.100)
    C(A, B)             = -0.8414
    C(k_1, A)           = -0.2055
    C(k_2, A)           = -0.1695
    C(shift_3, k_4)     = -0.1279
    C(k_3, A)           = -0.1246
    C(k_3, shift_4)     = +0.1151
    C(shift_3, shift_4) = +0.1071
    C(k_3, k_4)         = -0.1044

n.peak	Shift	Integral
1    7.488    1780274.165 +/- 122078.687

------------------------------
FIT RANGE: (7.62:7.40) ppm
I: 1 P: 4
------------------------------

Fit Report: 
[[Fit Statistics]]
    # fitting method   = leastsq
    # function evals   = 45
    # data points      = 305
    # variables        = 10
    chi-square         = 2.6904e+08
    reduced chi-square = 912000.499
    Akaike info crit   = 4195.46812
    Bayesian info crit = 4232.67123
[[Variables]]
    shift_1:  7.48864141 +/- 1.1078e-04 (0.00%) (init = 7.488482)
    k_1:      1.0423e-07 +/- 3.0854e-09 (2.96%) (init = 1.07943e-07)
    lw_1:     0.005831272 (fixed)
    ph_1:    -0.1570795 (fixed)
    xg_1:     1 (fixed)
    shift_2:  7.49995319 +/- 3.5820e-05 (0.00%) (init = 7.499897)
    k_2:      2.9082e-07 +/- 2.9787e-09 (1.02%) (init = 2.998793e-07)
    lw_2:     0.005359583 (fixed)
    ph_2:    -0.1570796 (fixed)
    xg_2:     1 (fixed)
    shift_3:  7.51271920 +/- 2.9946e-05 (0.00%) (init = 7.51259)
    k_3:      7.6678e-07 +/- 4.5767e-09 (0.60%) (init = 7.815076e-07)
    lw_3:     0.007139635 (fixed)
    ph_3:     0.08938207 (fixed)
    xg_3:     0.2787599 (fixed)
    shift_4:  7.52598500 +/- 1.1938e-04 (0.00%) (init = 7.525886)
    k_4:      1.6166e-07 +/- 4.4485e-09 (2.75%) (init = 1.408678e-07)
    lw_4:     0.005545596 (fixed)
    ph_4:     0.04050364 (fixed)
    xg_4:     1.542139e-11 (fixed)
    A:        7.1067e-05 +/- 8.2463e-07 (1.16%) (init = 6.746771e-05)
    B:       -5.3883e-05 +/- 6.1590e-06 (11.43%) (init = -5.709168e-05)
    C:        0 (fixed)
    D:        0 (fixed)
    E:        0 (fixed)
[[Correlations]] (unreported correlations are < 0.100)
    C(A, B)             = -0.8413
    C(k_1, A)           = -0.2050
    C(k_2, A)           = -0.1692
    C(shift_3, k_4)     = -0.1288
    C(k_3, A)           = -0.1241
    C(k_3, shift_4)     = +0.1158
    C(shift_3, shift_4) = +0.1079
    C(k_3, k_4)         = -0.1051

n.peak	Shift	Integral
1    7.489    1507458.391 +/- 74859.400

------------------------------
FIT RANGE: (7.62:7.40) ppm
I: 1 P: 5
------------------------------

Fit Report: 
[[Fit Statistics]]
    # fitting method   = leastsq
    # function evals   = 67
    # data points      = 305
    # variables        = 10
    chi-square         = 2.4197e+08
    reduced chi-square = 820225.475
    Akaike info crit   = 4163.11943
    Bayesian info crit = 4200.32255
[[Variables]]
    shift_1:  7.48846381 +/- 1.3072e-04 (0.00%) (init = 7.488641)
    k_1:      1.0025e-07 +/- 3.5011e-09 (3.49%) (init = 1.042348e-07)
    lw_1:     0.005831272 (fixed)
    ph_1:    -0.1570795 (fixed)
    xg_1:     1 (fixed)
    shift_2:  7.49979817 +/- 4.1755e-05 (0.00%) (init = 7.499953)
    k_2:      2.8311e-07 +/- 3.3803e-09 (1.19%) (init = 2.908186e-07)
    lw_2:     0.005359583 (fixed)
    ph_2:    -0.1570796 (fixed)
    xg_2:     1 (fixed)
    shift_3:  7.51260375 +/- 3.6068e-05 (0.00%) (init = 7.512719)
    k_3:      7.2385e-07 +/- 5.2026e-09 (0.72%) (init = 7.667759e-07)
    lw_3:     0.007139635 (fixed)
    ph_3:     0.08938207 (fixed)
    xg_3:     0.2787599 (fixed)
    shift_4:  7.52557717 +/- 1.4578e-04 (0.00%) (init = 7.525985)
    k_4:      1.5049e-07 +/- 5.0562e-09 (3.36%) (init = 1.616587e-07)
    lw_4:     0.005545596 (fixed)
    ph_4:     0.04050364 (fixed)
    xg_4:     1.542139e-11 (fixed)
    A:        7.3038e-05 +/- 9.3618e-07 (1.28%) (init = 7.106697e-05)
    B:       -4.8618e-05 +/- 6.9897e-06 (14.38%) (init = -5.388286e-05)
    C:        0 (fixed)
    D:        0 (fixed)
    E:        0 (fixed)
[[Correlations]] (unreported correlations are < 0.100)
    C(A, B)             = -0.8416
    C(k_1, A)           = -0.2055
    C(k_2, A)           = -0.1697
    C(shift_3, k_4)     = -0.1368
    C(k_3, A)           = -0.1237
    C(k_3, shift_4)     = +0.1227
    C(shift_3, shift_4) = +0.1157
    C(k_3, k_4)         = -0.1137

n.peak	Shift	Integral
1    7.488    1197002.578 +/- 81273.909

------------------------------
FIT RANGE: (7.62:7.40) ppm
I: 1 P: 6
------------------------------

Fit Report: 
[[Fit Statistics]]
    # fitting method   = leastsq
    # function evals   = 56
    # data points      = 305
    # variables        = 10
    chi-square         = 1.5575e+08
    reduced chi-square = 527973.940
    Akaike info crit   = 4028.75706
    Bayesian info crit = 4065.96018
[[Variables]]
    shift_1:  7.48845196 +/- 1.4862e-04 (0.00%) (init = 7.488464)
    k_1:      8.8429e-08 +/- 3.5043e-09 (3.96%) (init = 1.002466e-07)
    lw_1:     0.005831272 (fixed)
    ph_1:    -0.1570795 (fixed)
    xg_1:     1 (fixed)
    shift_2:  7.49952151 +/- 4.5690e-05 (0.00%) (init = 7.499798)
    k_2:      2.5948e-07 +/- 3.3852e-09 (1.30%) (init = 2.831077e-07)
    lw_2:     0.005359583 (fixed)
    ph_2:    -0.1570796 (fixed)
    xg_2:     1 (fixed)
    shift_3:  7.51229176 +/- 3.7963e-05 (0.00%) (init = 7.512604)
    k_3:      6.8820e-07 +/- 5.2055e-09 (0.76%) (init = 7.238504e-07)
    lw_3:     0.007139635 (fixed)
    ph_3:     0.08938207 (fixed)
    xg_3:     0.2787599 (fixed)
    shift_4:  7.52541338 +/- 1.7494e-04 (0.00%) (init = 7.525577)
    k_4:      1.2550e-07 +/- 5.0542e-09 (4.03%) (init = 1.504891e-07)
    lw_4:     0.005545596 (fixed)
    ph_4:     0.04050364 (fixed)
    xg_4:     1.542139e-11 (fixed)
    A:        7.1216e-05 +/- 9.3797e-07 (1.32%) (init = 7.303827e-05)
    B:       -4.1148e-05 +/- 7.0008e-06 (17.01%) (init = -4.861799e-05)
    C:        0 (fixed)
    D:        0 (fixed)
    E:        0 (fixed)
[[Correlations]] (unreported correlations are < 0.100)
    C(A, B)             = -0.8416
    C(k_1, A)           = -0.2053
    C(k_2, A)           = -0.1701
    C(shift_3, k_4)     = -0.1326
    C(k_3, A)           = -0.1252
    C(k_3, shift_4)     = +0.1191
    C(shift_3, shift_4) = +0.1117
    C(k_3, k_4)         = -0.1095

n.peak	Shift	Integral
1    7.488    885561.471 +/- 58751.619

------------------------------
FIT RANGE: (8.06:7.74) ppm
I: 2 P: 1
------------------------------

Fit Report: 
[[Fit Statistics]]
    # fitting method   = leastsq
    # function evals   = 699
    # data points      = 443
    # variables        = 22
    chi-square         = 3.5506e+08
    reduced chi-square = 843374.826
    Akaike info crit   = 6066.24382
    Bayesian info crit = 6156.30235
[[Variables]]
    shift_1:  7.86576705 +/- 2.6881e-04 (0.00%) (init = 7.86755)
    k_1:      1.3650e-07 +/- 1.6807e-08 (12.31%) (init = 2.16635e-07)
    lw_1:     0.00520431 +/- 2.4052e-04 (4.62%) (init = 0.00609701)
    ph_1:     0.06608636 +/- 0.11510801 (174.18%) (init = 0)
    xg_1:     1.00000000 +/- 8.18704062 (818.70%) (init = 0.2)
    shift_2:  7.87538786 +/- 2.3674e-04 (0.00%) (init = 7.87635)
    k_2:      3.4296e-07 +/- 2.0705e-08 (6.04%) (init = 2.7803e-07)
    lw_2:     0.00743947 +/- 3.9112e-04 (5.26%) (init = 0.00682632)
    ph_2:     0.06695923 +/- 0.05502271 (82.17%) (init = 0)
    xg_2:     8.0799e-09 +/- 0.14348647 (1775845983.23%) (init = 0.2)
    shift_3:  7.92098541 +/- 1.1444e-04 (0.00%) (init = 7.92256)
    k_3:      2.7122e-07 +/- 6.4247e-09 (2.37%) (init = 4.57947e-07)
    lw_3:     0.00699873 +/- 1.3957e-04 (1.99%) (init = 0.00726391)
    ph_3:     0.15707913 +/- 0.02959093 (18.84%) (init = 0)
    xg_3:     1.00000000 +/- 1982.58379 (198258.38%) (init = 0.2)
    shift_4:  7.93457717 +/- 8.3448e-05 (0.00%) (init = 7.93502)
    k_4:      5.6465e-07 +/- 1.1621e-08 (2.06%) (init = 5.8773e-07)
    lw_4:     0.00757260 +/- 1.5208e-04 (2.01%) (init = 0.00726391)
    ph_4:    -0.02697218 +/- 0.02091881 (77.56%) (init = 0)
    xg_4:     0.10494385 +/- 0.06433259 (61.30%) (init = 0.2)
    A:        7.0757e-05 +/- 6.7146e-07 (0.95%) (init = 6e-05)
    B:       -3.0823e-05 +/- 3.4438e-06 (11.17%) (init = 0)
    C:        0 (fixed)
    D:        0 (fixed)
    E:        0 (fixed)
[[Correlations]] (unreported correlations are < 0.100)
    C(shift_1, ph_1)    = -0.9729
    C(shift_3, ph_3)    = -0.9334
    C(ph_1, shift_2)    = +0.9173
    C(k_1, k_2)         = -0.9143
    C(k_1, xg_1)        = -0.9105
    C(shift_4, ph_4)    = -0.9101
    C(shift_2, ph_2)    = -0.8933
    C(A, B)             = -0.8929
    C(shift_1, shift_2) = -0.8900
    C(shift_1, ph_2)    = +0.8446
    C(ph_1, ph_2)       = -0.8117
    C(xg_1, k_2)        = +0.8037
    C(k_4, xg_4)        = -0.7718
    C(ph_2, xg_2)       = +0.7592
    C(shift_3, ph_4)    = +0.7281
    C(ph_1, xg_1)       = -0.7258
    C(ph_3, ph_4)       = -0.7172
    C(ph_3, shift_4)    = +0.7099
    C(k_3, ph_4)        = +0.6969
    C(k_3, xg_4)        = +0.6968
    C(k_3, k_4)         = -0.6904
    C(shift_3, shift_4) = -0.6875
    C(k_3, lw_3)        = +0.6831
    C(shift_1, xg_2)    = +0.6783
    C(xg_1, lw_2)       = +0.6681
    C(shift_2, xg_2)    = -0.6658
    C(ph_1, xg_2)       = -0.6594
    C(ph_1, lw_2)       = -0.6592
    C(shift_1, lw_1)    = +0.6354
    C(lw_1, ph_1)       = -0.6335
    C(shift_1, xg_1)    = +0.6302
    C(lw_4, xg_4)       = +0.6269
    C(xg_1, shift_2)    = -0.6133
    C(k_1, lw_2)        = -0.6009
    C(lw_3, ph_4)       = +0.5957
    C(lw_1, xg_1)       = +0.5943
    C(ph_4, xg_4)       = +0.5902
    C(lw_1, shift_2)    = -0.5848
    C(lw_1, ph_2)       = +0.5845
    C(shift_2, lw_2)    = -0.5828
    C(shift_1, lw_2)    = +0.5655
    C(lw_2, xg_2)       = +0.5652
    C(k_2, lw_2)        = +0.5536
    C(k_3, shift_4)     = -0.5310
    C(lw_3, k_4)        = -0.5146
    C(lw_3, xg_4)       = +0.4940
    C(shift_4, xg_4)    = -0.4765
    C(k_1, ph_1)        = +0.4635
    C(lw_1, xg_2)       = +0.4552
    C(k_1, A)           = +0.4549
    C(k_4, A)           = -0.4523
    C(k_2, A)           = -0.4515
    C(ph_1, k_2)        = -0.4497
    C(lw_3, shift_4)    = -0.4491
    C(shift_3, xg_4)    = +0.4289
    C(shift_3, lw_3)    = +0.4141
    C(k_1, B)           = -0.4056
    C(ph_3, xg_4)       = -0.3798
    C(shift_3, k_3)     = +0.3752
    C(k_4, ph_4)        = -0.3679
    C(lw_2, ph_2)       = +0.3670
    C(k_4, B)           = +0.3606
    C(ph_3, lw_4)       = -0.3527
    C(shift_3, xg_3)    = -0.3523
    C(shift_1, k_1)     = -0.3422
    C(k_1, shift_2)     = +0.3357
    C(k_3, ph_3)        = -0.3336
    C(shift_1, k_2)     = +0.3315
    C(shift_2, k_2)     = -0.3287
    C(lw_3, ph_3)       = -0.3278
    C(ph_2, A)          = +0.3237
    C(k_2, B)           = +0.3212
    C(ph_2, B)          = -0.3195
    C(lw_3, xg_3)       = -0.3119
    C(xg_1, A)          = -0.3119
    C(xg_1, ph_2)       = +0.3111
    C(k_3, B)           = -0.3002
    C(ph_4, B)          = -0.2916
    C(shift_3, lw_4)    = +0.2916
    C(xg_1, B)          = +0.2826
    C(lw_1, lw_2)       = +0.2816
    C(k_1, lw_1)        = -0.2812
    C(lw_4, ph_4)       = +0.2805
    C(ph_3, xg_3)       = +0.2768
    C(shift_4, lw_4)    = -0.2754
    C(xg_4, A)          = +0.2675
    C(xg_4, B)          = -0.2439
    C(xg_1, xg_2)       = +0.2389
    C(k_3, xg_3)        = +0.2381
    C(shift_4, k_4)     = +0.2226
    C(k_2, xg_2)        = -0.2208
    C(shift_4, B)       = +0.2204
    C(lw_3, B)          = -0.2184
    C(k_3, A)           = +0.2175
    C(k_1, k_4)         = -0.2174
    C(ph_2, k_4)        = -0.2146
    C(k_2, ph_4)        = +0.2142
    C(lw_2, A)          = -0.2138
    C(xg_2, A)          = +0.2131
    C(xg_3, shift_4)    = +0.2066
    C(k_3, lw_4)        = +0.2057
    C(k_2, shift_4)     = -0.1999
    C(lw_1, k_2)        = +0.1943
    C(xg_3, ph_4)       = -0.1843
    C(ph_3, A)          = +0.1774
    C(lw_2, B)          = +0.1768
    C(k_1, ph_3)        = +0.1679
    C(k_2, k_3)         = +0.1676
    C(xg_1, k_4)        = +0.1569
    C(k_2, ph_3)        = -0.1552
    C(lw_3, A)          = +0.1542
    C(ph_4, A)          = +0.1482
    C(k_2, lw_3)        = +0.1449
    C(xg_2, ph_4)       = -0.1439
    C(ph_2, ph_3)       = +0.1433
    C(xg_2, B)          = -0.1353
    C(k_2, shift_3)     = +0.1340
    C(shift_2, B)       = +0.1309
    C(xg_2, k_3)        = -0.1267
    C(xg_2, shift_4)    = +0.1264
    C(k_1, shift_3)     = -0.1253
    C(xg_3, k_4)        = -0.1178
    C(xg_1, ph_3)       = -0.1140
    C(shift_2, A)       = -0.1110
    C(xg_2, lw_3)       = -0.1102
    C(shift_2, k_4)     = +0.1098
    C(k_4, lw_4)        = -0.1065
    C(shift_3, A)       = -0.1017

n.peak	Shift	Integral
1    7.866    787174.925 +/- 65863.534
2    7.875    1372299.600 +/- 78453.822

------------------------------
FIT RANGE: (8.06:7.74) ppm
I: 2 P: 2
------------------------------

Fit Report: 
[[Fit Statistics]]
    # fitting method   = leastsq
    # function evals   = 34
    # data points      = 443
    # variables        = 10
    chi-square         = 3.2543e+08
    reduced chi-square = 751563.944
    Akaike info crit   = 6003.63623
    Bayesian info crit = 6044.57193
##  Warning: uncertainties could not be estimated:
    k_1:      at initial value
    shift_2:  at initial value
    shift_3:  at initial value
    k_3:      at initial value
    shift_4:  at initial value
[[Variables]]
    shift_1:  7.86591885 (init = 7.865767)
    k_1:      1.2753e-07 (init = 1.365038e-07)
    lw_1:     0.005204314 (fixed)
    ph_1:     0.06608636 (fixed)
    xg_1:     1 (fixed)
    shift_2:  7.87538786 (init = 7.875388)
    k_2:      3.1830e-07 (init = 3.429648e-07)
    lw_2:     0.007439466 (fixed)
    ph_2:     0.06695923 (fixed)
    xg_2:     8.079894e-09 (fixed)
    shift_3:  7.92098541 (init = 7.920985)
    k_3:      2.6490e-07 (init = 2.712212e-07)
    lw_3:     0.006998734 (fixed)
    ph_3:     0.1570791 (fixed)
    xg_3:     1 (fixed)
    shift_4:  7.93460304 (init = 7.934577)
    k_4:      5.3441e-07 (init = 5.646472e-07)
    lw_4:     0.007572603 (fixed)
    ph_4:    -0.02697218 (fixed)
    xg_4:     0.1049438 (fixed)
    A:        6.9272e-05 (init = 7.075661e-05)
    B:       -2.9614e-05 (init = -3.082267e-05)
    C:        0 (fixed)
    D:        0 (fixed)
    E:        0 (fixed)

n.peak	Shift	Integral
1    7.866    669138.144 +/- 65423.118
2    7.875    1199657.661 +/- 78029.986

------------------------------
FIT RANGE: (8.06:7.74) ppm
I: 2 P: 3
------------------------------

Fit Report: 
[[Fit Statistics]]
    # fitting method   = leastsq
    # function evals   = 34
    # data points      = 443
    # variables        = 10
    chi-square         = 3.4177e+08
    reduced chi-square = 789305.400
    Akaike info crit   = 6025.34191
    Bayesian info crit = 6066.27761
##  Warning: uncertainties could not be estimated:
    k_1:      at initial value
    shift_2:  at initial value
    shift_3:  at initial value
    k_3:      at initial value
    shift_4:  at initial value
[[Variables]]
    shift_1:  7.86579908 (init = 7.865919)
    k_1:      1.2837e-07 (init = 1.27533e-07)
    lw_1:     0.005204314 (fixed)
    ph_1:     0.06608636 (fixed)
    xg_1:     1 (fixed)
    shift_2:  7.87538786 (init = 7.875388)
    k_2:      3.0197e-07 (init = 3.183047e-07)
    lw_2:     0.007439466 (fixed)
    ph_2:     0.06695923 (fixed)
    xg_2:     8.079894e-09 (fixed)
    shift_3:  7.92098541 (init = 7.920985)
    k_3:      2.7323e-07 (init = 2.649024e-07)
    lw_3:     0.006998734 (fixed)
    ph_3:     0.1570791 (fixed)
    xg_3:     1 (fixed)
    shift_4:  7.93460304 (init = 7.934603)
    k_4:      4.8884e-07 (init = 5.344134e-07)
    lw_4:     0.007572603 (fixed)
    ph_4:    -0.02697218 (fixed)
    xg_4:     0.1049438 (fixed)
    A:        6.6455e-05 (init = 6.927177e-05)
    B:       -3.7791e-05 (init = -2.961361e-05)
    C:        0 (fixed)
    D:        0 (fixed)
    E:        0 (fixed)

n.peak	Shift	Integral
1    7.866    575937.021 +/- 57618.051
2    7.875    1019922.674 +/- 74849.581

------------------------------
FIT RANGE: (8.06:7.74) ppm
I: 2 P: 4
------------------------------

Fit Report: 
[[Fit Statistics]]
    # fitting method   = leastsq
    # function evals   = 34
    # data points      = 443
    # variables        = 10
    chi-square         = 2.6384e+08
    reduced chi-square = 609323.847
    Akaike info crit   = 5910.69200
    Bayesian info crit = 5951.62770
##  Warning: uncertainties could not be estimated:
    shift_1:  at initial value
    k_1:      at initial value
    shift_2:  at initial value
    shift_3:  at initial value
    shift_4:  at initial value
    k_4:      at initial value
[[Variables]]
    shift_1:  7.86579908 (init = 7.865799)
    k_1:      1.2193e-07 (init = 1.283662e-07)
    lw_1:     0.005204314 (fixed)
    ph_1:     0.06608636 (fixed)
    xg_1:     1 (fixed)
    shift_2:  7.87538786 (init = 7.875388)
    k_2:      2.8887e-07 (init = 3.019664e-07)
    lw_2:     0.007439466 (fixed)
    ph_2:     0.06695923 (fixed)
    xg_2:     8.079894e-09 (fixed)
    shift_3:  7.92098541 (init = 7.920985)
    k_3:      2.5269e-07 (init = 2.732301e-07)
    lw_3:     0.006998734 (fixed)
    ph_3:     0.1570791 (fixed)
    xg_3:     1 (fixed)
    shift_4:  7.93460304 (init = 7.934603)
    k_4:      4.9690e-07 (init = 4.888428e-07)
    lw_4:     0.007572603 (fixed)
    ph_4:    -0.02697218 (fixed)
    xg_4:     0.1049438 (fixed)
    A:        6.9422e-05 (init = 6.64546e-05)
    B:       -3.3223e-05 (init = -3.779099e-05)
    C:        0 (fixed)
    D:        0 (fixed)
    E:        0 (fixed)

n.peak	Shift	Integral
1    7.866    467902.350 +/- 65815.204
2    7.875    853786.980 +/- 52902.849

------------------------------
FIT RANGE: (8.06:7.74) ppm
I: 2 P: 5
------------------------------

Fit Report: 
[[Fit Statistics]]
    # fitting method   = leastsq
    # function evals   = 34
    # data points      = 443
    # variables        = 10
    chi-square         = 2.1038e+08
    reduced chi-square = 485856.899
    Akaike info crit   = 5810.38096
    Bayesian info crit = 5851.31665
##  Warning: uncertainties could not be estimated:
    shift_1:  at initial value
    shift_2:  at initial value
    shift_3:  at initial value
    k_3:      at initial value
    shift_4:  at initial value
[[Variables]]
    shift_1:  7.86579908 (init = 7.865799)
    k_1:      1.1161e-07 (init = 1.219325e-07)
    lw_1:     0.005204314 (fixed)
    ph_1:     0.06608636 (fixed)
    xg_1:     1 (fixed)
    shift_2:  7.87538786 (init = 7.875388)
    k_2:      2.7452e-07 (init = 2.88867e-07)
    lw_2:     0.007439466 (fixed)
    ph_2:     0.06695923 (fixed)
    xg_2:     8.079894e-09 (fixed)
    shift_3:  7.92098541 (init = 7.920985)
    k_3:      2.4698e-07 (init = 2.526862e-07)
    lw_3:     0.006998734 (fixed)
    ph_3:     0.1570791 (fixed)
    xg_3:     1 (fixed)
    shift_4:  7.93460304 (init = 7.934603)
    k_4:      4.5813e-07 (init = 4.969046e-07)
    lw_4:     0.007572603 (fixed)
    ph_4:    -0.02697218 (fixed)
    xg_4:     0.1049438 (fixed)
    A:        7.1343e-05 (init = 6.942175e-05)
    B:       -3.1482e-05 (init = -3.322258e-05)
    C:        0 (fixed)
    D:        0 (fixed)
    E:        0 (fixed)

n.peak	Shift	Integral
1    7.866    367489.318 +/- 55847.615
2    7.875    671088.342 +/- 53287.886

------------------------------
FIT RANGE: (8.06:7.74) ppm
I: 2 P: 6
------------------------------

Fit Report: 
[[Fit Statistics]]
    # fitting method   = leastsq
    # function evals   = 45
    # data points      = 443
    # variables        = 10
    chi-square         = 1.6787e+08
    reduced chi-square = 387685.126
    Akaike info crit   = 5710.38671
    Bayesian info crit = 5751.32240
##  Warning: uncertainties could not be estimated:
    shift_1:  at initial value
    k_1:      at initial value
    shift_2:  at initial value
    shift_3:  at initial value
    shift_4:  at initial value
[[Variables]]
    shift_1:  7.86579908 (init = 7.865799)
    k_1:      1.0181e-07 (init = 1.116059e-07)
    lw_1:     0.005204314 (fixed)
    ph_1:     0.06608636 (fixed)
    xg_1:     1 (fixed)
    shift_2:  7.87538786 (init = 7.875388)
    k_2:      2.4297e-07 (init = 2.745162e-07)
    lw_2:     0.007439466 (fixed)
    ph_2:     0.06695923 (fixed)
    xg_2:     8.079894e-09 (fixed)
    shift_3:  7.92098541 (init = 7.920985)
    k_3:      2.1280e-07 (init = 2.469811e-07)
    lw_3:     0.006998734 (fixed)
    ph_3:     0.1570791 (fixed)
    xg_3:     1 (fixed)
    shift_4:  7.93460304 (init = 7.934603)
    k_4:      4.0968e-07 (init = 4.581333e-07)
    lw_4:     0.007572603 (fixed)
    ph_4:    -0.02697218 (fixed)
    xg_4:     0.1049438 (fixed)
    A:        7.0384e-05 (init = 7.134259e-05)
    B:       -2.6750e-05 (init = -3.148178e-05)
    C:        0 (fixed)
    D:        0 (fixed)
    E:        0 (fixed)

n.peak	Shift	Integral
1    7.866    262845.512 +/- 35985.350
2    7.875    474545.467 +/- 55081.791

------------------------------
N. PEAK: 1
------------------------------

Fit Parameters:

Mono
y = a + A exp(-t/T1)
fit: T1=2.1161e-01, a=-6.118e+04, A=2.377e+06
[[Fit Statistics]]
    # fitting method   = leastsq
    # function evals   = 13
    # data points      = 6
    # variables        = 1
    chi-square         = 1.5328e+08
    reduced chi-square = 30655992.4
    Akaike info crit   = 104.336103
    Bayesian info crit = 104.127862
[[Variables]]
    t1:  0.21161477 +/- 0.01535507 (7.26%) (init = 0)

Bi
y = a + A (f exp(-t/T1a)+ (1-f) exp(-t/T1b))
fit: f=6.519e-01, T1a=2.1162e-01, T1b=2.1161e-01, a=-6.119e+04, A=2.377e+06
[[Fit Statistics]]
    # fitting method   = leastsq
    # function evals   = 52
    # data points      = 6
    # variables        = 3
    chi-square         = 1.5328e+08
    reduced chi-square = 51093320.7
    Akaike info crit   = 108.336103
    Bayesian info crit = 107.711381
[[Variables]]
    f:    0.65186887 +/- 2784080.66 (427092131.42%) (init = 0.5)
    t1a:  0.21161947 +/- 6510.55089 (3076536.82%) (init = 0)
    t1b:  0.21160701 +/- 12179.7405 (5755830.36%) (init = 0)
[[Correlations]] (unreported correlations are < 0.100)
    C(t1a, t1b) = -1.0000
    C(f, t1a)   = -0.1090
    C(f, t1b)   = +0.1009

------------------------------
N. PEAK: 2
------------------------------

Fit Parameters:

Mono
y = a + A exp(-t/T1)
fit: T1=7.4136e-02, a=6.011e+04, A=7.249e+05
[[Fit Statistics]]
    # fitting method   = leastsq
    # function evals   = 9
    # data points      = 6
    # variables        = 1
    chi-square         = 1.0082e+08
    reduced chi-square = 20164620.2
    Akaike info crit   = 101.822712
    Bayesian info crit = 101.614471
[[Variables]]
    t1:  0.07413610 +/- 0.02566034 (34.61%) (init = 0)

Bi
y = a + A (f exp(-t/T1a)+ (1-f) exp(-t/T1b))
fit: f=9.693e-01, T1a=1.3074e-01, T1b=-1.9749e+00, a=1.329e+04, A=7.815e+05
[[Fit Statistics]]
    # fitting method   = leastsq
    # function evals   = 118
    # data points      = 6
    # variables        = 3
    chi-square         = 28543161.7
    reduced chi-square = 9514387.24
    Akaike info crit   = 98.2510109
    Bayesian info crit = 97.6262893
[[Variables]]
    f:    0.96927111 +/- 3369.83257 (347666.67%) (init = 0.5)
    t1a:  0.13073918 +/- 0.03306860 (25.29%) (init = 0)
    t1b: -1.97493221 +/- 175122.398 (8867261.21%) (init = 0)
[[Correlations]] (unreported correlations are < 0.100)
    C(f, t1b)   = +1.0000
    C(t1a, t1b) = +0.4346
    C(f, t1a)   = +0.4345

------------------------------
N. PEAK: 3
------------------------------

Fit Parameters:

Mono
y = a + A exp(-t/T1)
fit: T1=1.5241e-01, a=9.598e+02, A=1.372e+06
[[Fit Statistics]]
    # fitting method   = leastsq
    # function evals   = 11
    # data points      = 6
    # variables        = 1
    chi-square         = 1.0066e+08
    reduced chi-square = 20131846.7
    Akaike info crit   = 101.812952
    Bayesian info crit = 101.604711
[[Variables]]
    t1:  0.15240927 +/- 0.01753969 (11.51%) (init = 0)

Bi
y = a + A (f exp(-t/T1a)+ (1-f) exp(-t/T1b))
fit: f=8.649e-01, T1a=1.0000e+00, T1b=-1.3573e-01, a=-2.404e+06, A=3.780e+06
[[Fit Statistics]]
    # fitting method   = leastsq
    # function evals   = 175
    # data points      = 6
    # variables        = 3
    chi-square         = 36209291.9
    reduced chi-square = 12069764.0
    Akaike info crit   = 99.6784011
    Bayesian info crit = 99.0536796
[[Variables]]
    f:    0.86485000 +/- 1.83444527 (212.11%) (init = 0.5)
    t1a:  0.99999994 +/- 11.3188217 (1131.88%) (init = 0)
    t1b: -0.13572795 +/- 0.95009990 (700.00%) (init = 0)
[[Correlations]] (unreported correlations are < 0.100)
    C(f, t1a)   = +0.9995
    C(t1a, t1b) = +0.9952
    C(f, t1b)   = +0.9917
====================================================================================================
