SPECTRA PATH: 
/home/letizia/Documents/Dottorato/Programma_new/relax/data600/dati_olio600/37/pdata/1

CALIBRATION: (1.20000:0.88800) ppm
in points
0   0   -1   2   2   2   4   5   7   8   10   12   20   42   24   -61   
in ppm
0.00000   0.00000   -0.00037   0.00073   0.00073   0.00073   0.00147   0.00183   0.00257   0.00293   0.00367   0.00440   0.00734   0.01540   0.00880   -0.02237   

Points:
1	0.004
2	0.013
3	0.053
4	0.083
5	0.103
6	0.153
7	0.253
8	0.353
9	0.453
10	0.553
11	0.703
12	0.903
13	1.203
14	2.003
15	4.003
16	5.003

VCLIST point: 395.07 T

Selected intervals (ppm):
1	5.4200	5.3460
2	5.5580	5.4250

====================================================================================================

N. interval: 1
Baseline coefficients
A	0.00000e+00
B	0.00000e+00
C	0.00000e+00
D	0.00000e+00
E	0.00000e+00
N. point	Integral
0	6068944.336 +/- 4436.858
1	5246652.879 +/- 4621.210
2	2900040.672 +/- 3193.240
3	1913303.928 +/- 2184.620
4	1462466.078 +/- 2279.565
5	803852.967 +/- 1566.540
6	290057.904 +/- 1035.734
7	122824.104 +/- 795.470
8	61754.588 +/- 764.968
9	42060.863 +/- 794.179
10	18038.436 +/- 803.382
11	8323.625 +/- 813.974
12	6613.828 +/- 771.503
13	791.074 +/- 789.664
14	7698.783 +/- 706.329
15	961.430 +/- 549.246

N. interval: 2
Baseline coefficients
A	0.00000e+00
B	0.00000e+00
C	0.00000e+00
D	0.00000e+00
E	0.00000e+00
N. point	Integral
0	47866771.229 +/- 7951.202
1	45060231.916 +/- 8281.575
2	34380454.934 +/- 5722.539
3	28321553.352 +/- 3915.011
4	25069684.600 +/- 4085.162
5	18198768.744 +/- 2807.365
6	9855184.404 +/- 1856.118
7	5422892.238 +/- 1425.545
8	3056407.859 +/- 1370.884
9	1741633.658 +/- 1423.232
10	764976.801 +/- 1439.724
11	265172.422 +/- 1458.705
12	59487.625 +/- 1382.594
13	435.637 +/- 1415.140
14	55774.250 +/- 1265.797
15	1077.346 +/- 984.292


------------------------------
N. PEAK: 1
------------------------------

Fit Parameters:

Mono
y = a + A exp(-t/T1)
fit: T1=-1.1628e+00, a=3.772e+04, A=6.335e+06
[[Fit Statistics]]
    # fitting method   = leastsq
    # function evals   = 15
    # data points      = 16
    # variables        = 1
    chi-square         = 3.2851e+10
    reduced chi-square = 2.1901e+09
    Akaike info crit   = 345.082465
    Bayesian info crit = 345.855053
[[Variables]]
    t1: -1.16282582 +/- 0.00643526 (0.55%) (init = 0)

Bi
y = a + A (f exp(-t/T1a)+ (1-f) exp(-t/T1b))
fit: f=2.747e-01, T1a=-8.9112e-01, T1b=-1.2768e+00, a=6.823e+03, A=6.446e+06
[[Fit Statistics]]
    # fitting method   = leastsq
    # function evals   = 69
    # data points      = 16
    # variables        = 3
    chi-square         = 7.1814e+08
    reduced chi-square = 55241732.9
    Akaike info crit   = 287.913438
    Bayesian info crit = 290.231204
[[Variables]]
    f:    0.27472397 +/- 0.03825617 (13.93%) (init = 0.5)
    t1a: -0.89111809 +/- 0.02681745 (3.01%) (init = 0)
    t1b: -1.27684975 +/- 0.01260333 (0.99%) (init = 0)
[[Correlations]] (unreported correlations are < 0.100)
    C(f, t1a)   = -0.9775
    C(f, t1b)   = -0.9770
    C(t1a, t1b) = +0.9187

------------------------------
N. PEAK: 2
------------------------------

Fit Parameters:

Mono
y = a + A exp(-t/T1)
fit: T1=-8.1142e-01, a=1.843e+05, A=4.867e+07
[[Fit Statistics]]
    # fitting method   = leastsq
    # function evals   = 13
    # data points      = 16
    # variables        = 1
    chi-square         = 6.5975e+11
    reduced chi-square = 4.3984e+10
    Akaike info crit   = 393.080690
    Bayesian info crit = 393.853279
[[Variables]]
    t1: -0.81142106 +/- 0.00363972 (0.45%) (init = 0)

Bi
y = a + A (f exp(-t/T1a)+ (1-f) exp(-t/T1b))
fit: f=9.670e-01, T1a=-3.2805e+00, T1b=-8.0985e-01, a=1.955e+05, A=1.466e+09
[[Fit Statistics]]
    # fitting method   = leastsq
    # function evals   = 31
    # data points      = 16
    # variables        = 3
    chi-square         = 5.8452e+11
    reduced chi-square = 4.4963e+10
    Akaike info crit   = 395.143430
    Bayesian info crit = 397.461196
[[Variables]]
    f:    0.96700304 +/- 206866.302 (21392518.14%) (init = 0.5)
    t1a: -3.28047335 +/- 2.62349366 (79.97%) (init = 0)
    t1b: -0.80984581 +/- 0.00422295 (0.52%) (init = 0)
[[Correlations]] (unreported correlations are < 0.100)
    C(f, t1a) = -1.0000
====================================================================================================