SPECTRA PATH: 
/home/letizia/Documents/Dottorato/Programma_new/relax/data600/dati_olio600/28

CALIBRATION: (1.20000-0.88800) ppm
in points
0   0   -1   1   1   1   3   4   5   6   8   9   12   17   34   -35   
in ppm
0.00000   0.00000   -0.00037   0.00037   0.00037   0.00037   0.00110   0.00147   0.00183   0.00220   0.00293   0.00330   0.00440   0.00623   0.01247   -0.01284   

Points:
1	0.004
2	0.013
3	0.053
4	0.083
5	0.103
6	0.153
7	0.253
8	0.353
9	0.453
10	0.553
11	0.703
12	0.903
13	1.203
14	2.003
15	4.003
16	5.003

VCLIST point: 9437.80 T

SELECTED INTERVALS:


====================================================================================================

N. interval: 1
Baseline coefficients
A	0.00000e+00
B	0.00000e+00
C	0.00000e+00
D	0.00000e+00
E	0.00000e+00
N. point	Integral
0	777895.242 +/- 202.454
1	770995.945 +/- 223.199
2	735050.594 +/- 224.832
3	709780.102 +/- 244.191
4	695047.625 +/- 196.018
5	656152.312 +/- 196.965
6	583054.891 +/- 157.266
7	517898.852 +/- 126.804
8	459011.539 +/- 105.490
9	405245.039 +/- 94.036
10	336198.758 +/- 94.361
11	261037.914 +/- 69.947
12	179003.289 +/- 43.162
13	64866.500 +/- 17.813
14	5841.852 +/- 43.120
15	1973.102 +/- 32.771

N. interval: 2
Baseline coefficients
A	0.00000e+00
B	0.00000e+00
C	0.00000e+00
D	0.00000e+00
E	0.00000e+00
N. point	Integral
0	137068.734 +/- 202.454
1	135944.328 +/- 223.199
2	128899.477 +/- 224.832
3	123165.617 +/- 244.191
4	120528.945 +/- 196.018
5	112208.633 +/- 196.965
6	98093.383 +/- 157.266
7	85218.898 +/- 126.804
8	73555.414 +/- 105.490
9	63109.148 +/- 94.036
10	50181.250 +/- 94.361
11	37110.516 +/- 69.947
12	22863.008 +/- 43.162
13	6578.078 +/- 17.813
14	365.039 +/- 43.120
15	331.289 +/- 32.771


------------------------------
N. PEAK: 1
------------------------------

Fit Parameters:

Mono
y = a + A exp(-t/T1)
fit: T1=-7.8163e-02, a=-2.864e+03, A=7.882e+05
[[Fit Statistics]]
    # fitting method   = leastsq
    # function evals   = 9
    # data points      = 16
    # variables        = 1
    chi-square         = 1.4263e+08
    reduced chi-square = 9508549.90
    Akaike info crit   = 258.050615
    Bayesian info crit = 258.823203
[[Variables]]
    t1: -0.07816349 +/- 0.00332299 (4.25%) (init = 0)

Bi
y = a + A (f exp(-t/T1a)+ (1-f) exp(-t/T1b))
fit: f=5.236e-01, T1a=-7.8164e-02, T1b=-7.8164e-02, a=-2.864e+03, A=7.882e+05
[[Fit Statistics]]
    # fitting method   = leastsq
    # function evals   = 38
    # data points      = 16
    # variables        = 3
    chi-square         = 1.4263e+08
    reduced chi-square = 10971403.7
    Akaike info crit   = 262.050615
    Bayesian info crit = 264.368381
[[Variables]]
    f:    0.52355216 +/- 833519.962 (159204761.90%) (init = 0.5)
    t1a: -0.07816352 +/- 402.458372 (514892.85%) (init = 0)
    t1b: -0.07816351 +/- 441.024143 (564232.74%) (init = 0)
[[Correlations]] (unreported correlations are < 0.100)
    C(t1a, t1b) = -0.9990

------------------------------
N. PEAK: 2
------------------------------

Fit Parameters:

Mono
y = a + A exp(-t/T1)
fit: T1=-1.5285e-01, a=-7.467e+02, A=1.398e+05
[[Fit Statistics]]
    # fitting method   = leastsq
    # function evals   = 11
    # data points      = 16
    # variables        = 1
    chi-square         = 12281925.0
    reduced chi-square = 818794.998
    Akaike info crit   = 218.816808
    Bayesian info crit = 219.589397
[[Variables]]
    t1: -0.15284878 +/- 0.00533527 (3.49%) (init = 0)

Bi
y = a + A (f exp(-t/T1a)+ (1-f) exp(-t/T1b))
fit: f=3.817e-01, T1a=-1.5285e-01, T1b=-1.5285e-01, a=-7.465e+02, A=1.398e+05
[[Fit Statistics]]
    # fitting method   = leastsq
    # function evals   = 41
    # data points      = 16
    # variables        = 3
    chi-square         = 12281925.1
    reduced chi-square = 944763.469
    Akaike info crit   = 222.816808
    Bayesian info crit = 225.134574
[[Variables]]
    f:    0.38172504 +/- 9441088.04 (2473269258.27%) (init = 0.5)
    t1a: -0.15284605 +/- 1336.26066 (874252.69%) (init = 0)
    t1b: -0.15285375 +/- 713.291721 (466649.80%) (init = 0)
[[Correlations]] (unreported correlations are < 0.100)
    C(t1a, t1b) = -0.9988
    C(f, t1a)   = -0.9567
    C(f, t1b)   = +0.9416
====================================================================================================