SPECTRA PATH: 
/home/letizia/Documents/Dottorato/Programma_new/relax/data600/dati_olio600/28/pdata/1

CALIBRATION: (1.20000:0.88800) ppm
in points
0   0   -1   0   0   0   0   0   0   1   1   1   1   2   4   10   
in ppm
0.00000   0.00000   -0.00037   0.00000   0.00000   0.00000   0.00000   0.00000   0.00000   0.00037   0.00037   0.00037   0.00037   0.00073   0.00147   0.00367   

Points:
1	0.004
2	0.013
3	0.053
4	0.083
5	0.103
6	0.153
7	0.253
8	0.353
9	0.453
10	0.553
11	0.703
12	0.903
13	1.203
14	2.003
15	4.003
16	5.003

VCLIST point: 14092.38 T

Selected intervals (ppm):
1	5.4200	5.3460
2	5.5580	5.4250

====================================================================================================

N. interval: 1
Baseline coefficients
A	0.00000e+00
B	0.00000e+00
C	0.00000e+00
D	0.00000e+00
E	0.00000e+00
N. point	Integral
0	10883151.711 +/- 247847.095
1	10842182.793 +/- 221316.031
2	10453531.484 +/- 240856.177
3	10121184.129 +/- 244094.444
4	9861177.082 +/- 246413.179
5	9399847.906 +/- 245201.390
6	8521047.199 +/- 211876.305
7	7678852.941 +/- 191353.523
8	6851356.035 +/- 178254.787
9	6122744.348 +/- 171963.327
10	5184510.312 +/- 140945.652
11	4093542.816 +/- 116844.732
12	2869853.590 +/- 78003.623
13	1045959.492 +/- 36695.294
14	80827.332 +/- 4354.397
15	15026.227 +/- 7535.681

N. interval: 2
Baseline coefficients
A	0.00000e+00
B	0.00000e+00
C	0.00000e+00
D	0.00000e+00
E	0.00000e+00
N. point	Integral
0	64161591.539 +/- 444161.626
1	63026166.023 +/- 396615.858
2	61119717.199 +/- 431633.346
3	59565170.301 +/- 437436.578
4	58689047.344 +/- 441591.934
5	56127886.422 +/- 439420.312
6	51364765.262 +/- 379699.121
7	46921859.371 +/- 342920.670
8	42890940.488 +/- 319446.698
9	39151038.102 +/- 308171.904
10	33974751.348 +/- 252585.772
11	28107159.000 +/- 209395.014
12	21027525.922 +/- 139788.671
13	9598216.477 +/- 65760.873
14	1280816.441 +/- 7803.425
15	326027.543 +/- 13504.537


------------------------------
N. PEAK: 1
------------------------------

Fit Parameters:

Mono
y = a + A exp(-t/T1)
fit: T1=-2.6979e-02, a=-1.259e+05, A=1.118e+07
[[Fit Statistics]]
    # fitting method   = leastsq
    # function evals   = 9
    # data points      = 16
    # variables        = 1
    chi-square         = 1.0485e+11
    reduced chi-square = 6.9898e+09
    Akaike info crit   = 363.650761
    Bayesian info crit = 364.423350
[[Variables]]
    t1: -0.02697852 +/- 0.00655241 (24.29%) (init = 0)

Bi
y = a + A (f exp(-t/T1a)+ (1-f) exp(-t/T1b))
fit: f=5.006e-01, T1a=-2.6979e-02, T1b=-2.6976e-02, a=-1.259e+05, A=1.118e+07
[[Fit Statistics]]
    # fitting method   = leastsq
    # function evals   = 38
    # data points      = 16
    # variables        = 3
    chi-square         = 1.0485e+11
    reduced chi-square = 8.0651e+09
    Akaike info crit   = 367.650761
    Bayesian info crit = 369.968527
[[Variables]]
    f:    0.50064330 +/- 22059.5395 (4406238.81%) (init = 0.5)
    t1a: -0.02697872 +/- 4446.27987 (16480689.99%) (init = 0)
    t1b: -0.02697646 +/- 4457.74644 (16524578.30%) (init = 0)
[[Correlations]] (unreported correlations are < 0.100)
    C(t1a, t1b) = -1.0000

------------------------------
N. PEAK: 2
------------------------------

Fit Parameters:

Mono
y = a + A exp(-t/T1)
fit: T1=4.6071e-02, a=-6.235e+05, A=6.496e+07
[[Fit Statistics]]
    # fitting method   = leastsq
    # function evals   = 11
    # data points      = 16
    # variables        = 1
    chi-square         = 1.1449e+12
    reduced chi-square = 7.6328e+10
    Akaike info crit   = 401.900298
    Bayesian info crit = 402.672887
[[Variables]]
    t1:  0.04607109 +/- 0.00397011 (8.62%) (init = 0)

Bi
y = a + A (f exp(-t/T1a)+ (1-f) exp(-t/T1b))
fit: f=5.051e-01, T1a=4.6071e-02, T1b=4.6071e-02, a=-6.235e+05, A=6.496e+07
[[Fit Statistics]]
    # fitting method   = leastsq
    # function evals   = 47
    # data points      = 16
    # variables        = 3
    chi-square         = 1.1449e+12
    reduced chi-square = 8.8071e+10
    Akaike info crit   = 405.900298
    Bayesian info crit = 408.218065
[[Variables]]
    f:    0.50512397 +/- 283655.021 (56155526.24%) (init = 0.5)
    t1a:  0.04607102 +/- 75170.7217 (163162711.93%) (init = 0)
    t1b:  0.04607099 +/- 76727.3588 (166541600.17%) (init = 0)
[[Correlations]] (unreported correlations are < 0.100)
    C(t1a, t1b) = -1.0000
    C(f, t1a)   = -0.2663
    C(f, t1b)   = +0.2663
====================================================================================================