SPECTRA PATH: 
path/to/spectra

CALIBRATION: (1.20000:0.88800) ppm
in points
0   0   0   2   2   2   4   5   6   7   9   11   14   26   38   -5   
in ppm
0.00000   0.00000   0.00000   0.00073   0.00073   0.00073   0.00147   0.00183   0.00220   0.00257   0.00330   0.00403   0.00513   0.00954   0.01394   -0.00183   

Points:
1	0.004
2	0.013
3	0.053
4	0.083
5	0.103
6	0.153
7	0.253
8	0.353
9	0.453
10	0.553
11	0.703
12	0.903
13	1.203
14	2.003
15	4.003
16	5.003

VCLIST point: 868.59 T

Selected intervals (ppm):
1	5.4200	5.3460
2	5.5580	5.4250

====================================================================================================

N. interval: 1
Baseline coefficients
A	0.00000e+00
B	0.00000e+00
C	0.00000e+00
D	0.00000e+00
E	0.00000e+00
N. point	Integral
0	7995593.525 +/- 6717.315
1	7366013.967 +/- 5582.539
2	4978211.873 +/- 3159.582
3	3796647.850 +/- 2988.290
4	3170458.348 +/- 1933.346
5	2064784.795 +/- 1630.342
6	944416.883 +/- 1252.903
7	447326.467 +/- 1278.335
8	224083.885 +/- 848.865
9	122686.742 +/- 840.004
10	63986.244 +/- 742.826
11	21289.609 +/- 1027.010
12	6831.459 +/- 788.365
13	-373.580 +/- 722.976
14	3807.307 +/- 950.594
15	1875.689 +/- 592.686

N. interval: 2
Baseline coefficients
A	0.00000e+00
B	0.00000e+00
C	0.00000e+00
D	0.00000e+00
E	0.00000e+00
N. point	Integral
0	52929297.209 +/- 12037.960
1	50661275.408 +/- 10004.351
2	41590584.643 +/- 5662.220
3	36056627.842 +/- 5355.252
4	32947792.654 +/- 3464.710
5	25982053.738 +/- 2921.702
6	16449442.877 +/- 2245.301
7	10544682.252 +/- 2290.878
8	6791452.809 +/- 1521.234
9	4405646.473 +/- 1505.354
10	2336738.393 +/- 1331.202
11	1020540.979 +/- 1840.482
12	311261.518 +/- 1412.813
13	22645.076 +/- 1295.630
14	55129.367 +/- 1703.539
15	1816.479 +/- 1062.141


------------------------------
N. PEAK: 1
------------------------------

Fit Parameters:

Mono
y = a + A exp(-t/T1)
fit: T1=-9.6805e-01, a=4.938e+04, A=8.212e+06
[[Fit Statistics]]
    # fitting method   = leastsq
    # function evals   = 19
    # data points      = 16
    # variables        = 1
    chi-square         = 4.8947e+10
    reduced chi-square = 3.2631e+09
    Akaike info crit   = 351.462715
    Bayesian info crit = 352.235304
[[Variables]]
    t1: -0.96804678 +/- 0.00584330 (0.60%) (init = 0)

Bi
y = a + A (f exp(-t/T1a)+ (1-f) exp(-t/T1b))
fit: f=4.564e-01, T1a=-8.0309e-01, T1b=-1.1140e+00, a=5.276e+03, A=8.336e+06
[[Fit Statistics]]
    # fitting method   = leastsq
    # function evals   = 133
    # data points      = 16
    # variables        = 3
    chi-square         = 2.2275e+09
    reduced chi-square = 1.7135e+08
    Akaike info crit   = 306.025065
    Bayesian info crit = 308.342831
[[Variables]]
    f:    0.45637983 +/- 0.08878636 (19.45%) (init = 0.5)
    t1a: -0.80309179 +/- 0.03006343 (3.74%) (init = 0)
    t1b: -1.11395202 +/- 0.02883872 (2.59%) (init = 0)
[[Correlations]] (unreported correlations are < 0.100)
    C(f, t1b)   = -0.9857
    C(f, t1a)   = -0.9852
    C(t1a, t1b) = +0.9468

------------------------------
N. PEAK: 2
------------------------------

Fit Parameters:

Mono
y = a + A exp(-t/T1)
fit: T1=-6.7335e-01, a=2.055e+05, A=5.344e+07
[[Fit Statistics]]
    # fitting method   = leastsq
    # function evals   = 15
    # data points      = 16
    # variables        = 1
    chi-square         = 6.4936e+11
    reduced chi-square = 4.3291e+10
    Akaike info crit   = 392.826728
    Bayesian info crit = 393.599316
[[Variables]]
    t1: -0.67334806 +/- 0.00326908 (0.49%) (init = 0)

Bi
y = a + A (f exp(-t/T1a)+ (1-f) exp(-t/T1b))
fit: f=1.503e-01, T1a=-9.4478e-01, T1b=-6.3055e-01, a=3.124e+04, A=5.395e+07
[[Fit Statistics]]
    # fitting method   = leastsq
    # function evals   = 68
    # data points      = 16
    # variables        = 3
    chi-square         = 2.5382e+10
    reduced chi-square = 1.9524e+09
    Akaike info crit   = 344.955182
    Bayesian info crit = 347.272948
[[Variables]]
    f:    0.15027678 +/- 0.04684680 (31.17%) (init = 0.5)
    t1a: -0.94478455 +/- 0.05115308 (5.41%) (init = 0)
    t1b: -0.63054586 +/- 0.00853088 (1.35%) (init = 0)
[[Correlations]] (unreported correlations are < 0.100)
    C(f, t1b)   = +0.9886
    C(f, t1a)   = +0.9868
    C(t1a, t1b) = +0.9564
====================================================================================================
