SPECTRA PATH: 
/home/letizia/Documents/Dottorato/Programma_new/relax/data600/dati_olio600/28

CALIBRATION: (1.20000-0.88800) ppm
in points
0   -1   -2   1   3   1   4   6   7   9   10   12   13   14   -19   22   
in ppm
0.00000   -0.00037   -0.00073   0.00037   0.00110   0.00037   0.00147   0.00220   0.00257   0.00330   0.00367   0.00440   0.00477   0.00513   -0.00697   0.00807   

Points:
1	0.004
2	0.013
3	0.053
4	0.083
5	0.103
6	0.153
7	0.253
8	0.353
9	0.453
10	0.553
11	0.703
12	0.903
13	1.203
14	2.003
15	4.003
16	5.003

VCLIST point: 36.66 T

SELECTED INTERVALS:


====================================================================================================

N. interval: 1
Baseline coefficients
A	0.00000e+00
B	0.00000e+00
C	0.00000e+00
D	0.00000e+00
E	0.00000e+00
N. point	Integral
0	418681.480 +/- 125.131
1	377819.004 +/- 120.927
2	239071.887 +/- 47.526
3	170405.305 +/- 37.731
4	137843.852 +/- 35.690
5	80926.957 +/- 14.672
6	29681.980 +/- 14.850
7	11963.672 +/- 7.043
8	5202.078 +/- 6.727
9	3040.426 +/- 9.770
10	928.508 +/- 8.213
11	386.996 +/- 12.103
12	757.965 +/- 7.484
13	1053.836 +/- 7.379
14	185.578 +/- 9.497
15	625.797 +/- 5.856

N. interval: 2
Baseline coefficients
A	0.00000e+00
B	0.00000e+00
C	0.00000e+00
D	0.00000e+00
E	0.00000e+00
N. point	Integral
0	24746.938 +/- 125.131
1	18536.930 +/- 120.927
2	6462.035 +/- 47.526
3	2963.410 +/- 37.731
4	2271.371 +/- 35.690
5	1517.102 +/- 14.672
6	694.922 +/- 14.850
7	321.395 +/- 7.043
8	157.762 +/- 6.727
9	302.105 +/- 9.770
10	57.414 +/- 8.213
11	18.137 +/- 12.103
12	103.051 +/- 7.484
13	102.961 +/- 7.379
14	14.477 +/- 9.497
15	62.352 +/- 5.856


------------------------------
N. PEAK: 1
------------------------------

Fit Parameters:

Mono
y = a + A exp(-t/T1)
fit: T1=-1.0523e+00, a=1.632e+03, A=4.352e+05
[[Fit Statistics]]
    # fitting method   = leastsq
    # function evals   = 13
    # data points      = 16
    # variables        = 1
    chi-square         = 33179645.4
    reduced chi-square = 2211976.36
    Akaike info crit   = 234.717735
    Bayesian info crit = 235.490324
[[Variables]]
    t1: -1.05227754 +/- 0.00288321 (0.27%) (init = 0)

Bi
y = a + A (f exp(-t/T1a)+ (1-f) exp(-t/T1b))
fit: f=3.134e-01, T1a=-8.9038e-01, T1b=-1.1294e+00, a=5.746e+02, A=4.384e+05
[[Fit Statistics]]
    # fitting method   = leastsq
    # function evals   = 76
    # data points      = 16
    # variables        = 3
    chi-square         = 1655320.12
    reduced chi-square = 127332.317
    Akaike info crit   = 190.750660
    Bayesian info crit = 193.068426
[[Variables]]
    f:    0.31341772 +/- 0.10905002 (34.79%) (init = 0.5)
    t1a: -0.89037624 +/- 0.04071308 (4.57%) (init = 0)
    t1b: -1.12941850 +/- 0.02092527 (1.85%) (init = 0)
[[Correlations]] (unreported correlations are < 0.100)
    C(f, t1b)   = -0.9923
    C(f, t1a)   = -0.9920
    C(t1a, t1b) = +0.9702

------------------------------
N. PEAK: 2
------------------------------

Fit Parameters:

Mono
y = a + A exp(-t/T1)
fit: T1=-1.4404e+00, a=2.823e+02, A=2.688e+04
[[Fit Statistics]]
    # fitting method   = leastsq
    # function evals   = 17
    # data points      = 16
    # variables        = 1
    chi-square         = 1788846.55
    reduced chi-square = 119256.437
    Akaike info crit   = 187.991886
    Bayesian info crit = 188.764475
[[Variables]]
    t1: -1.44035308 +/- 0.01486916 (1.03%) (init = 0)

Bi
y = a + A (f exp(-t/T1a)+ (1-f) exp(-t/T1b))
fit: f=1.061e-01, T1a=-7.8973e-01, T1b=-1.5391e+00, a=5.836e+01, A=2.790e+04
[[Fit Statistics]]
    # fitting method   = leastsq
    # function evals   = 43
    # data points      = 16
    # variables        = 3
    chi-square         = 271548.416
    reduced chi-square = 20888.3397
    Akaike info crit   = 161.828912
    Bayesian info crit = 164.146678
[[Variables]]
    f:    0.10610014 +/- 0.02466215 (23.24%) (init = 0.5)
    t1a: -0.78972821 +/- 0.10241249 (12.97%) (init = 0)
    t1b: -1.53907328 +/- 0.01925996 (1.25%) (init = 0)
[[Correlations]] (unreported correlations are < 0.100)
    C(f, t1a)   = -0.9053
    C(f, t1b)   = -0.8810
    C(t1a, t1b) = +0.7155
====================================================================================================