SPECTRA PATH: 
/home/letizia/Documents/Dottorato/Programma_new/relax/data600/dati_olio600/33/pdata/1

CALIBRATION: (1.20000:0.88800) ppm
in points
0   0   -1   1   2   2   4   5   6   7   8   10   14   18   33   18   
in ppm
0.00000   0.00000   -0.00037   0.00037   0.00073   0.00073   0.00147   0.00183   0.00220   0.00257   0.00293   0.00367   0.00513   0.00660   0.01210   0.00660   

Points:
1	0.004
2	0.013
3	0.053
4	0.083
5	0.103
6	0.153
7	0.253
8	0.353
9	0.453
10	0.553
11	0.703
12	0.903
13	1.203
14	2.003
15	4.003
16	5.003

VCLIST point: 1917.61 T

Selected intervals (ppm):
1	5.4200	5.3460
2	5.5580	5.4250

====================================================================================================

N. interval: 1
Baseline coefficients
A	0.00000e+00
B	0.00000e+00
C	0.00000e+00
D	0.00000e+00
E	0.00000e+00
N. point	Integral
0	9696946.641 +/- 6605.206
1	9378516.133 +/- 4967.328
2	7387080.291 +/- 5062.694
3	6207264.039 +/- 4205.801
4	5656617.955 +/- 3636.173
5	4242844.381 +/- 2809.872
6	2583292.484 +/- 1896.129
7	1580814.715 +/- 1628.375
8	957921.822 +/- 1416.398
9	597861.115 +/- 832.826
10	315280.752 +/- 914.344
11	139789.002 +/- 763.587
12	41187.396 +/- 818.577
13	6084.078 +/- 909.541
14	787.123 +/- 700.604
15	-982.266 +/- 637.633

N. interval: 2
Baseline coefficients
A	0.00000e+00
B	0.00000e+00
C	0.00000e+00
D	0.00000e+00
E	0.00000e+00
N. point	Integral
0	57580445.924 +/- 11837.053
1	55823239.900 +/- 8901.845
2	49040561.859 +/- 9072.748
3	44627733.340 +/- 7537.129
4	41986873.506 +/- 6516.310
5	35804249.297 +/- 5035.513
6	26299801.518 +/- 3398.013
7	19349054.668 +/- 2918.177
8	14341583.854 +/- 2538.298
9	10634567.035 +/- 1492.490
10	6817186.578 +/- 1638.576
11	3799708.766 +/- 1368.408
12	1613611.471 +/- 1466.954
13	181533.762 +/- 1629.969
14	4754.363 +/- 1255.538
15	-3103.361 +/- 1142.689


------------------------------
N. PEAK: 1
------------------------------

Fit Parameters:

Mono
y = a + A exp(-t/T1)
fit: T1=-7.3767e-01, a=5.740e+04, A=9.860e+06
[[Fit Statistics]]
    # fitting method   = leastsq
    # function evals   = 13
    # data points      = 16
    # variables        = 1
    chi-square         = 7.4710e+10
    reduced chi-square = 4.9807e+09
    Akaike info crit   = 358.228727
    Bayesian info crit = 359.001315
[[Variables]]
    t1: -0.73767051 +/- 0.00603871 (0.82%) (init = 0)

Bi
y = a + A (f exp(-t/T1a)+ (1-f) exp(-t/T1b))
fit: f=6.303e-01, T1a=-6.3716e-01, T1b=-9.2000e-01, a=3.291e+03, A=1.000e+07
[[Fit Statistics]]
    # fitting method   = leastsq
    # function evals   = 50
    # data points      = 16
    # variables        = 3
    chi-square         = 2.4067e+10
    reduced chi-square = 1.8513e+09
    Akaike info crit   = 344.104314
    Bayesian info crit = 346.422080
[[Variables]]
    f:    0.63025134 +/- 0.32357639 (51.34%) (init = 0.5)
    t1a: -0.63716081 +/- 0.07423745 (11.65%) (init = 0)
    t1b: -0.91999900 +/- 0.13298744 (14.46%) (init = 0)
[[Correlations]] (unreported correlations are < 0.100)
    C(f, t1a)   = -0.9908
    C(f, t1b)   = -0.9900
    C(t1a, t1b) = +0.9649

------------------------------
N. PEAK: 2
------------------------------

Fit Parameters:

Mono
y = a + A exp(-t/T1)
fit: T1=-4.9455e-01, a=1.711e+05, A=5.782e+07
[[Fit Statistics]]
    # fitting method   = leastsq
    # function evals   = 11
    # data points      = 16
    # variables        = 1
    chi-square         = 4.2885e+11
    reduced chi-square = 2.8590e+10
    Akaike info crit   = 386.188603
    Bayesian info crit = 386.961192
[[Variables]]
    t1: -0.49454820 +/- 0.00239612 (0.48%) (init = 0)

Bi
y = a + A (f exp(-t/T1a)+ (1-f) exp(-t/T1b))
fit: f=7.807e-01, T1a=-4.9401e-01, T1b=-4.9641e-01, a=1.709e+05, A=5.782e+07
[[Fit Statistics]]
    # fitting method   = leastsq
    # function evals   = 40
    # data points      = 16
    # variables        = 3
    chi-square         = 4.2877e+11
    reduced chi-square = 3.2982e+10
    Akaike info crit   = 390.185458
    Bayesian info crit = 392.503224
[[Variables]]
    f:    0.78072571 +/- 38112.6046 (4881689.43%) (init = 0.5)
    t1a: -0.49401331 +/- 1.26365470 (255.79%) (init = 0)
    t1b: -0.49641146 +/- 4.49681349 (905.86%) (init = 0)
[[Correlations]] (unreported correlations are < 0.100)
    C(f, t1a)   = -0.8327
    C(f, t1b)   = -0.8323
    C(t1a, t1b) = +0.3861
====================================================================================================