SPECTRA PATH: 
/home/letizia/Documents/Dottorato/Programma_new/relax/data600/dati_olio600/28

CALIBRATION: (1.20000-0.88800) ppm
in points
0   0   0   1   2   2   3   5   6   7   8   10   11   18   15   -14   
in ppm
0.00000   0.00000   0.00000   0.00037   0.00073   0.00073   0.00110   0.00183   0.00220   0.00257   0.00293   0.00367   0.00403   0.00660   0.00550   -0.00513   

Points:
1	0.004
2	0.013
3	0.053
4	0.083
5	0.103
6	0.153
7	0.253
8	0.353
9	0.453
10	0.553
11	0.703
12	0.903
13	1.203
14	2.003
15	4.003
16	5.003

VCLIST point: 6331.66 T

SELECTED INTERVALS:


====================================================================================================

N. interval: 1
Baseline coefficients
A	0.00000e+00
B	0.00000e+00
C	0.00000e+00
D	0.00000e+00
E	0.00000e+00
N. point	Integral
0	764565.398 +/- 234.878
1	753685.094 +/- 218.482
2	711494.336 +/- 227.784
3	679804.297 +/- 182.303
4	661673.094 +/- 194.706
5	613868.438 +/- 175.303
6	526760.758 +/- 133.415
7	451509.070 +/- 114.869
8	387465.102 +/- 103.861
9	331475.844 +/- 78.442
10	261029.445 +/- 66.489
11	190470.266 +/- 60.363
12	118894.203 +/- 28.790
13	34200.586 +/- 19.871
14	1884.195 +/- 20.845
15	397.406 +/- 13.579

N. interval: 2
Baseline coefficients
A	0.00000e+00
B	0.00000e+00
C	0.00000e+00
D	0.00000e+00
E	0.00000e+00
N. point	Integral
0	133021.281 +/- 234.878
1	131859.336 +/- 218.482
2	121820.734 +/- 227.784
3	114546.258 +/- 182.303
4	110431.906 +/- 194.706
5	99434.539 +/- 175.303
6	81418.133 +/- 133.415
7	66048.344 +/- 114.869
8	53438.203 +/- 103.861
9	43235.672 +/- 78.442
10	31119.938 +/- 66.489
11	20229.703 +/- 60.363
12	10980.227 +/- 28.790
13	2075.797 +/- 19.871
14	123.781 +/- 20.845
15	68.258 +/- 13.579


------------------------------
N. PEAK: 1
------------------------------

Fit Parameters:

Mono
y = a + A exp(-t/T1)
fit: T1=-1.8367e-01, a=-1.490e+03, A=7.735e+05
[[Fit Statistics]]
    # fitting method   = leastsq
    # function evals   = 11
    # data points      = 16
    # variables        = 1
    chi-square         = 69699469.3
    reduced chi-square = 4646631.29
    Akaike info crit   = 246.593833
    Bayesian info crit = 247.366421
[[Variables]]
    t1: -0.18367178 +/- 0.00227992 (1.24%) (init = 0)

Bi
y = a + A (f exp(-t/T1a)+ (1-f) exp(-t/T1b))
fit: f=6.529e-01, T1a=-1.8367e-01, T1b=-1.8368e-01, a=-1.490e+03, A=7.735e+05
[[Fit Statistics]]
    # fitting method   = leastsq
    # function evals   = 45
    # data points      = 16
    # variables        = 3
    chi-square         = 69699470.1
    reduced chi-square = 5361497.70
    Akaike info crit   = 250.593833
    Bayesian info crit = 252.911599
[[Variables]]
    f:    0.65289571 +/- 2430012.10 (372189934.58%) (init = 0.5)
    t1a: -0.18366977 +/- 143.228709 (77981.65%) (init = 0)
    t1b: -0.18367767 +/- 276.662268 (150623.79%) (init = 0)
[[Correlations]] (unreported correlations are < 0.100)
    C(t1a, t1b) = -0.9798
    C(f, t1b)   = -0.2293

------------------------------
N. PEAK: 2
------------------------------

Fit Parameters:

Mono
y = a + A exp(-t/T1)
fit: T1=-3.1124e-01, a=-3.085e+02, A=1.359e+05
[[Fit Statistics]]
    # fitting method   = leastsq
    # function evals   = 11
    # data points      = 16
    # variables        = 1
    chi-square         = 5411380.59
    reduced chi-square = 360758.706
    Akaike info crit   = 205.702817
    Bayesian info crit = 206.475406
[[Variables]]
    t1: -0.31124442 +/- 0.00356872 (1.15%) (init = 0)

Bi
y = a + A (f exp(-t/T1a)+ (1-f) exp(-t/T1b))
fit: f=5.033e-01, T1a=-3.1124e-01, T1b=-3.1124e-01, a=-3.085e+02, A=1.359e+05
[[Fit Statistics]]
    # fitting method   = leastsq
    # function evals   = 38
    # data points      = 16
    # variables        = 3
    chi-square         = 5411380.59
    reduced chi-square = 416260.046
    Akaike info crit   = 209.702817
    Bayesian info crit = 212.020584
[[Variables]]
    f:    0.50325989 +/- 123639.144 (24567653.06%) (init = 0.5)
    t1a: -0.31124450 +/- 75407.3813 (24227699.57%) (init = 0)
    t1b: -0.31124445 +/- 76397.1141 (24545695.21%) (init = 0)
[[Correlations]] (unreported correlations are < 0.100)
    C(t1a, t1b) = -1.0000
====================================================================================================