SPECTRA PATH: 
/home/letizia/Documents/Dottorato/Programma_new/relax/data600/dati_olio600/28

CALIBRATION: (1.20000-0.88800) ppm
in points
0   0   0   1   2   2   4   5   5   7   9   9   13   19   -7   -48   
in ppm
0.00000   0.00000   0.00000   0.00037   0.00073   0.00073   0.00147   0.00183   0.00183   0.00257   0.00330   0.00330   0.00477   0.00697   -0.00257   -0.01760   

Points:
1	0.004
2	0.013
3	0.053
4	0.083
5	0.103
6	0.153
7	0.253
8	0.353
9	0.453
10	0.553
11	0.703
12	0.903
13	1.203
14	2.003
15	4.003
16	5.003

VCLIST point: 4278.02 T

SELECTED INTERVALS:


====================================================================================================

N. interval: 1
Baseline coefficients
A	0.00000e+00
B	0.00000e+00
C	0.00000e+00
D	0.00000e+00
E	0.00000e+00
N. point	Integral
0	749236.023 +/- 236.585
1	736896.359 +/- 240.442
2	684437.266 +/- 208.872
3	645468.672 +/- 197.579
4	622305.961 +/- 205.840
5	565836.562 +/- 149.814
6	466071.047 +/- 112.897
7	383804.219 +/- 79.205
8	315564.289 +/- 79.518
9	259295.234 +/- 72.735
10	192962.547 +/- 48.673
11	130662.586 +/- 26.246
12	72968.898 +/- 22.994
13	15974.305 +/- 14.430
14	3663.727 +/- 37.555
15	645.336 +/- 18.811

N. interval: 2
Baseline coefficients
A	0.00000e+00
B	0.00000e+00
C	0.00000e+00
D	0.00000e+00
E	0.00000e+00
N. point	Integral
0	128269.711 +/- 236.585
1	126088.375 +/- 240.442
2	112425.766 +/- 208.872
3	102700.547 +/- 197.579
4	97140.586 +/- 205.840
5	83643.406 +/- 149.814
6	63001.852 +/- 112.897
7	47287.367 +/- 79.205
8	34946.617 +/- 79.518
9	26159.930 +/- 72.735
10	16886.984 +/- 48.673
11	9866.719 +/- 26.246
12	4172.242 +/- 22.994
13	669.555 +/- 14.430
14	610.164 +/- 37.555
15	114.305 +/- 18.811


------------------------------
N. PEAK: 1
------------------------------

Fit Parameters:

Mono
y = a + A exp(-t/T1)
fit: T1=-2.8708e-01, a=6.813e+02, A=7.569e+05
[[Fit Statistics]]
    # fitting method   = leastsq
    # function evals   = 9
    # data points      = 16
    # variables        = 1
    chi-square         = 37824874.3
    reduced chi-square = 2521658.29
    Akaike info crit   = 236.814220
    Bayesian info crit = 237.586809
[[Variables]]
    t1: -0.28707542 +/- 0.00169449 (0.59%) (init = 0)

Bi
y = a + A (f exp(-t/T1a)+ (1-f) exp(-t/T1b))
fit: f=5.022e-01, T1a=-2.8708e-01, T1b=-2.8708e-01, a=6.813e+02, A=7.569e+05
[[Fit Statistics]]
    # fitting method   = leastsq
    # function evals   = 43
    # data points      = 16
    # variables        = 3
    chi-square         = 37824874.3
    reduced chi-square = 2909605.72
    Akaike info crit   = 240.814220
    Bayesian info crit = 243.131987
[[Variables]]
    f:    0.50220062 +/- 51310.5434 (10217140.53%) (init = 0.5)
    t1a: -0.28707543 +/- 407.040496 (141788.69%) (init = 0)
    t1b: -0.28707543 +/- 410.641364 (143043.02%) (init = 0)
[[Correlations]] (unreported correlations are < 0.100)
    C(t1a, t1b) = -1.0000

------------------------------
N. PEAK: 2
------------------------------

Fit Parameters:

Mono
y = a + A exp(-t/T1)
fit: T1=-4.6295e-01, a=2.560e+02, A=1.303e+05
[[Fit Statistics]]
    # fitting method   = leastsq
    # function evals   = 13
    # data points      = 16
    # variables        = 1
    chi-square         = 1577835.80
    reduced chi-square = 105189.053
    Akaike info crit   = 185.983616
    Bayesian info crit = 186.756205
[[Variables]]
    t1: -0.46294557 +/- 0.00203047 (0.44%) (init = 0)

Bi
y = a + A (f exp(-t/T1a)+ (1-f) exp(-t/T1b))
fit: f=9.607e-01, T1a=-4.6295e-01, T1b=-4.6294e-01, a=2.561e+02, A=1.303e+05
[[Fit Statistics]]
    # fitting method   = leastsq
    # function evals   = 60
    # data points      = 16
    # variables        = 3
    chi-square         = 1577835.82
    reduced chi-square = 121371.986
    Akaike info crit   = 189.983616
    Bayesian info crit = 192.301382
[[Variables]]
    f:    0.96065904 +/- 179620.917 (18697676.33%) (init = 0.5)
    t1a: -0.46294664 +/- 9.67463962 (2089.80%) (init = 0)
    t1b: -0.46293960 +/- 265.601943 (57372.92%) (init = 0)
[[Correlations]] (unreported correlations are < 0.100)
    C(t1a, t1b) = -0.7317
    C(f, t1b)   = +0.4991
    C(f, t1a)   = +0.2255
====================================================================================================