SPECTRA PATH: 
/home/letizia/Documents/Dottorato/Programma_new/relax/data600/dati_olio600/28

CALIBRATION: (1.20000-0.88800) ppm
in points
0   0   -1   1   3   2   4   5   6   7   9   10   12   21   21   -5   
in ppm
0.00000   0.00000   -0.00037   0.00037   0.00110   0.00073   0.00147   0.00183   0.00220   0.00257   0.00330   0.00367   0.00440   0.00770   0.00770   -0.00183   

Points:
1	0.004
2	0.013
3	0.053
4	0.083
5	0.103
6	0.153
7	0.253
8	0.353
9	0.453
10	0.553
11	0.703
12	0.903
13	1.203
14	2.003
15	4.003
16	5.003

VCLIST point: 1293.54 T

SELECTED INTERVALS:


====================================================================================================

N. interval: 1
Baseline coefficients
A	0.00000e+00
B	0.00000e+00
C	0.00000e+00
D	0.00000e+00
E	0.00000e+00
N. point	Integral
0	690085.176 +/- 161.859
1	666881.473 +/- 174.599
2	571838.383 +/- 146.569
3	508314.207 +/- 135.467
4	471992.758 +/- 105.592
5	389265.281 +/- 79.917
6	265865.582 +/- 52.294
7	181704.688 +/- 33.894
8	125284.383 +/- 46.774
9	86298.645 +/- 14.454
10	49425.059 +/- 9.038
11	23838.621 +/- 8.126
12	8141.223 +/- 13.501
13	671.004 +/- 15.484
14	756.227 +/- 7.575
15	579.035 +/- 11.613

N. interval: 2
Baseline coefficients
A	0.00000e+00
B	0.00000e+00
C	0.00000e+00
D	0.00000e+00
E	0.00000e+00
N. point	Integral
0	105702.367 +/- 161.859
1	98867.156 +/- 174.599
2	72578.867 +/- 146.569
3	56982.902 +/- 135.467
4	49970.223 +/- 105.592
5	34445.566 +/- 79.917
6	17645.188 +/- 52.294
7	9218.258 +/- 33.894
8	4896.023 +/- 46.774
9	2659.176 +/- 14.454
10	1133.984 +/- 9.038
11	505.195 +/- 8.126
12	231.906 +/- 13.501
13	81.941 +/- 15.484
14	63.191 +/- 7.575
15	79.438 +/- 11.613


------------------------------
N. PEAK: 1
------------------------------

Fit Parameters:

Mono
y = a + A exp(-t/T1)
fit: T1=-5.8345e-01, a=1.236e+03, A=6.989e+05
[[Fit Statistics]]
    # fitting method   = leastsq
    # function evals   = 13
    # data points      = 16
    # variables        = 1
    chi-square         = 8546760.88
    reduced chi-square = 569784.058
    Akaike info crit   = 213.015587
    Bayesian info crit = 213.788176
[[Variables]]
    t1: -0.58345143 +/- 8.9664e-04 (0.15%) (init = 0)

Bi
y = a + A (f exp(-t/T1a)+ (1-f) exp(-t/T1b))
fit: f=7.395e-01, T1a=-5.5116e-01, T1b=-6.7736e-01, a=5.077e+02, A=7.006e+05
[[Fit Statistics]]
    # fitting method   = leastsq
    # function evals   = 95
    # data points      = 16
    # variables        = 3
    chi-square         = 1608126.20
    reduced chi-square = 123702.015
    Akaike info crit   = 190.287864
    Bayesian info crit = 192.605630
[[Variables]]
    f:    0.73949356 +/- 0.40829399 (55.21%) (init = 0.5)
    t1a: -0.55115828 +/- 0.03473679 (6.30%) (init = 0)
    t1b: -0.67736057 +/- 0.10126382 (14.95%) (init = 0)
[[Correlations]] (unreported correlations are < 0.100)
    C(f, t1a)   = -0.9981
    C(f, t1b)   = -0.9980
    C(t1a, t1b) = +0.9923

------------------------------
N. PEAK: 2
------------------------------

Fit Parameters:

Mono
y = a + A exp(-t/T1)
fit: T1=-8.7773e-01, a=5.984e+02, A=1.079e+05
[[Fit Statistics]]
    # fitting method   = leastsq
    # function evals   = 13
    # data points      = 16
    # variables        = 1
    chi-square         = 6324667.11
    reduced chi-square = 421644.474
    Akaike info crit   = 208.198068
    Bayesian info crit = 208.970657
[[Variables]]
    t1: -0.87772835 +/- 0.00507210 (0.58%) (init = 0)

Bi
y = a + A (f exp(-t/T1a)+ (1-f) exp(-t/T1b))
fit: f=5.671e-01, T1a=-7.6155e-01, T1b=-1.0380e+00, a=9.315e+01, A=1.093e+05
[[Fit Statistics]]
    # fitting method   = leastsq
    # function evals   = 73
    # data points      = 16
    # variables        = 3
    chi-square         = 774687.931
    reduced chi-square = 59591.3793
    Akaike info crit   = 178.602029
    Bayesian info crit = 180.919796
[[Variables]]
    f:    0.56712121 +/- 0.18734979 (33.04%) (init = 0.5)
    t1a: -0.76154720 +/- 0.04551924 (5.98%) (init = 0)
    t1b: -1.03803730 +/- 0.06584923 (6.34%) (init = 0)
[[Correlations]] (unreported correlations are < 0.100)
    C(f, t1b)   = -0.9906
    C(f, t1a)   = -0.9905
    C(t1a, t1b) = +0.9651
====================================================================================================