SPECTRA PATH: 
path/to/spectra

CALIBRATION: (-72.52000:-72.94000) ppm
in points
0   -1   0   -4   -4   -5   -2   -2   -5   -5   -6   -3   -5   -7   -7   -4   -6   -7   -5   -4   -7   -8   -8   -6   -7   -6   -7   
in ppm
0.00000   -0.00307   0.00000   -0.01228   -0.01228   -0.01535   -0.00614   -0.00614   -0.01535   -0.01535   -0.01842   -0.00921   -0.01535   -0.02149   -0.02149   -0.01228   -0.01842   -0.02149   -0.01535   -0.01228   -0.02149   -0.02457   -0.02457   -0.01842   -0.02149   -0.01842   -0.02149   

Points:
1	0.000
2	0.038
3	0.077
4	0.115
5	0.154
6	0.192
7	0.231
8	0.269
9	0.308
10	0.346
11	0.385
12	0.423
13	0.462
14	0.500
15	0.538
16	0.577
17	0.615
18	0.654
19	0.692
20	0.731
21	0.769
22	0.808
23	0.846
24	0.885
25	0.923
26	0.962
27	1.000

Selected intervals:
1	-72.9740	-73.2620
2	-72.5580	-72.9100

====================================================================================================

N. interval: 1
Coefficients
A	0.00000e+00
B	0.00000e+00
C	0.00000e+00
D	0.00000e+00
E	0.00000e+00
N. point	Integral
0	165985.546 +/- 121902.903
1	345173.870 +/- 121296.881
2	317284.956 +/- 116528.034
3	213759.163 +/- 125611.570
4	341583.156 +/- 119606.831
5	244432.883 +/- 123446.407
6	462923.259 +/- 123916.245
7	359819.559 +/- 122942.927
8	496746.308 +/- 128721.257
9	369831.767 +/- 125325.200
10	307188.018 +/- 128180.112
11	383870.162 +/- 123464.404
12	547830.707 +/- 128261.690
13	360459.458 +/- 130269.551
14	453306.566 +/- 119857.537
15	364775.979 +/- 120367.580
16	446547.264 +/- 122656.430
17	409706.469 +/- 124273.685
18	517661.461 +/- 115579.361
19	473147.565 +/- 121448.076
20	418503.219 +/- 118947.072
21	446486.903 +/- 122518.851
22	411248.529 +/- 116832.207
23	448733.743 +/- 115934.702
24	508997.587 +/- 119867.107
25	458755.576 +/- 119941.677
26	553345.718 +/- 115752.788

N. interval: 2
Coefficients
A	0.00000e+00
B	0.00000e+00
C	0.00000e+00
D	0.00000e+00
E	0.00000e+00
N. point	Integral
0	552970.749 +/- 150740.148
1	807934.473 +/- 149990.767
2	1031435.615 +/- 144093.806
3	1153124.162 +/- 155326.134
4	1262848.945 +/- 147900.920
5	1291019.505 +/- 152648.783
6	1489867.487 +/- 153229.765
7	1450096.096 +/- 152026.200
8	1486294.875 +/- 159171.446
9	1574112.449 +/- 154972.021
10	1629921.066 +/- 158502.289
11	1579737.123 +/- 152671.037
12	1667395.005 +/- 158603.165
13	1429108.013 +/- 161086.004
14	1551804.589 +/- 148210.933
15	1713897.457 +/- 148841.632
16	1806804.722 +/- 151671.930
17	1656301.272 +/- 153671.761
18	1757448.220 +/- 142920.715
19	1675773.427 +/- 150177.729
20	1699829.333 +/- 147085.089
21	1675404.019 +/- 151501.805
22	1703131.560 +/- 144469.934
23	1824859.505 +/- 143360.115
24	1584325.292 +/- 148222.766
25	1745509.078 +/- 148314.976
26	1771370.330 +/- 143135.168

