SPECTRA PATH: 
path/to/spectra

CALIBRATION: (1.20000:0.88800) ppm
in points
0   0   -1   1   3   2   4   5   6   7   9   10   12   21   21   -5   
in ppm
0.00000   0.00000   -0.00037   0.00037   0.00110   0.00073   0.00147   0.00183   0.00220   0.00257   0.00330   0.00367   0.00440   0.00770   0.00770   -0.00183   

Points:
1	0.004
2	0.013
3	0.053
4	0.083
5	0.103
6	0.153
7	0.253
8	0.353
9	0.453
10	0.553
11	0.703
12	0.903
13	1.203
14	2.003
15	4.003
16	5.003

VCLIST point: 1293.54 T

Selected intervals (ppm):
1	5.4200	5.3460
2	5.5580	5.4250

====================================================================================================

N. interval: 1
Baseline coefficients
A	0.00000e+00
B	0.00000e+00
C	0.00000e+00
D	0.00000e+00
E	0.00000e+00
N. point	Integral
0	8964738.938 +/- 7399.506
1	8498263.146 +/- 5894.761
2	6226926.330 +/- 5084.525
3	4932001.760 +/- 3518.753
4	4390086.977 +/- 2827.242
5	3038988.145 +/- 2803.001
6	1618404.777 +/- 1655.197
7	868951.650 +/- 1099.544
8	472038.928 +/- 1189.463
9	276748.438 +/- 809.598
10	127889.137 +/- 999.851
11	56909.791 +/- 795.129
12	18944.051 +/- 822.501
13	6196.352 +/- 771.388
14	-2136.465 +/- 741.524
15	249.227 +/- 616.970

N. interval: 2
Baseline coefficients
A	0.00000e+00
B	0.00000e+00
C	0.00000e+00
D	0.00000e+00
E	0.00000e+00
N. point	Integral
0	55543947.217 +/- 13260.500
1	53525614.598 +/- 10563.878
2	45607395.850 +/- 9111.871
3	40560665.404 +/- 6305.884
4	37598014.314 +/- 5066.641
5	30884247.125 +/- 5023.199
6	21173316.988 +/- 2966.245
7	14568450.600 +/- 1970.470
8	10117365.701 +/- 2131.612
9	7044382.012 +/- 1450.863
10	4112911.531 +/- 1791.813
11	2034599.607 +/- 1424.935
12	731984.174 +/- 1473.987
13	55187.963 +/- 1382.388
14	-1077.836 +/- 1328.870
15	-8609.367 +/- 1105.660


------------------------------
N. PEAK: 1
------------------------------

Fit Parameters:

Mono
y = a + A exp(-t/T1)
fit: T1=-8.6169e-01, a=5.894e+04, A=9.162e+06
[[Fit Statistics]]
    # fitting method   = leastsq
    # function evals   = 13
    # data points      = 16
    # variables        = 1
    chi-square         = 7.7227e+10
    reduced chi-square = 5.1485e+09
    Akaike info crit   = 358.758881
    Bayesian info crit = 359.531470
[[Variables]]
    t1: -0.86168656 +/- 0.00660502 (0.77%) (init = 0)

Bi
y = a + A (f exp(-t/T1a)+ (1-f) exp(-t/T1b))
fit: f=1.257e-03, T1a=-8.6163e-01, T1b=-3.6156e+00, a=5.884e+04, A=7.292e+09
[[Fit Statistics]]
    # fitting method   = leastsq
    # function evals   = 50
    # data points      = 16
    # variables        = 3
    chi-square         = 7.7221e+10
    reduced chi-square = 5.9401e+09
    Akaike info crit   = 362.757657
    Bayesian info crit = 365.075423
[[Variables]]
    f:    0.00125650 +/- 7.7171e+08 (61417637034259.28%) (init = 0.5)
    t1a: -0.86162708 +/- 0.00816549 (0.95%) (init = 0)
    t1b: -3.61560330 +/- 155970.417 (4313814.44%) (init = 0)
[[Correlations]] (unreported correlations are < 0.100)
    C(f, t1b) = -1.0000

------------------------------
N. PEAK: 2
------------------------------

Fit Parameters:

Mono
y = a + A exp(-t/T1)
fit: T1=-5.8688e-01, a=1.856e+05, A=5.592e+07
[[Fit Statistics]]
    # fitting method   = leastsq
    # function evals   = 15
    # data points      = 16
    # variables        = 1
    chi-square         = 5.5893e+11
    reduced chi-square = 3.7262e+10
    Akaike info crit   = 390.427319
    Bayesian info crit = 391.199908
[[Variables]]
    t1: -0.58688154 +/- 0.00286704 (0.49%) (init = 0)

Bi
y = a + A (f exp(-t/T1a)+ (1-f) exp(-t/T1b))
fit: f=8.316e-01, T1a=-5.4295e-01, T1b=-8.2481e-01, a=4.876e+03, A=5.641e+07
[[Fit Statistics]]
    # fitting method   = leastsq
    # function evals   = 60
    # data points      = 16
    # variables        = 3
    chi-square         = 1.2688e+10
    reduced chi-square = 9.7596e+08
    Akaike info crit   = 333.860712
    Bayesian info crit = 336.178478
[[Variables]]
    f:    0.83159550 +/- 0.04097195 (4.93%) (init = 0.5)
    t1a: -0.54295329 +/- 0.00721882 (1.33%) (init = 0)
    t1b: -0.82480959 +/- 0.03631322 (4.40%) (init = 0)
[[Correlations]] (unreported correlations are < 0.100)
    C(f, t1a)   = -0.9910
    C(f, t1b)   = -0.9891
    C(t1a, t1b) = +0.9640
====================================================================================================
