SPECTRA PATH: 
path/to/spectra

CALIBRATION: (1.20000:0.88800) ppm
in points
0   -1   -2   1   3   1   4   6   7   9   10   12   13   14   -19   22   
in ppm
0.00000   -0.00037   -0.00073   0.00037   0.00110   0.00037   0.00147   0.00220   0.00257   0.00330   0.00367   0.00440   0.00477   0.00513   -0.00697   0.00807   

Points:
1	0.004
2	0.013
3	0.053
4	0.083
5	0.103
6	0.153
7	0.253
8	0.353
9	0.453
10	0.553
11	0.703
12	0.903
13	1.203
14	2.003
15	4.003
16	5.003

VCLIST point: 36.66 T

Selected intervals (ppm):
1	5.4200	5.3460
2	5.5580	5.4250

====================================================================================================

N. interval: 1
Baseline coefficients
A	0.00000e+00
B	0.00000e+00
C	0.00000e+00
D	0.00000e+00
E	0.00000e+00
N. point	Integral
0	2201629.135 +/- 2233.805
1	1796190.184 +/- 1565.841
2	694620.148 +/- 1105.103
3	359402.223 +/- 1125.370
4	287536.693 +/- 922.795
5	138249.311 +/- 788.304
6	59684.785 +/- 892.919
7	27277.994 +/- 736.273
8	10082.148 +/- 849.817
9	11795.717 +/- 737.576
10	3052.236 +/- 750.135
11	473.523 +/- 834.789
12	1334.381 +/- 773.443
13	1027.598 +/- 781.528
14	-2103.518 +/- 839.779
15	2112.859 +/- 668.298

N. interval: 2
Baseline coefficients
A	0.00000e+00
B	0.00000e+00
C	0.00000e+00
D	0.00000e+00
E	0.00000e+00
N. point	Integral
0	33953816.268 +/- 4003.155
1	30523674.027 +/- 2806.111
2	19484699.561 +/- 1980.433
3	14160512.842 +/- 2016.753
4	11579129.008 +/- 1653.722
5	7007623.076 +/- 1412.703
6	2833348.098 +/- 1600.181
7	1276747.783 +/- 1319.460
8	628553.002 +/- 1522.940
9	337352.904 +/- 1321.795
10	142056.311 +/- 1344.302
11	47880.482 +/- 1496.008
12	23597.844 +/- 1386.071
13	14971.592 +/- 1400.560
14	295.863 +/- 1504.951
15	7013.561 +/- 1197.643


------------------------------
N. PEAK: 1
------------------------------

Fit Parameters:

Mono
y = a + A exp(-t/T1)
fit: T1=-1.3582e+00, a=1.577e+04, A=2.390e+06
[[Fit Statistics]]
    # fitting method   = leastsq
    # function evals   = 17
    # data points      = 16
    # variables        = 1
    chi-square         = 8.6836e+09
    reduced chi-square = 5.7891e+08
    Akaike info crit   = 323.793854
    Bayesian info crit = 324.566443
[[Variables]]
    t1: -1.35821658 +/- 0.01037809 (0.76%) (init = 0)

Bi
y = a + A (f exp(-t/T1a)+ (1-f) exp(-t/T1b))
fit: f=9.013e-01, T1a=-1.4330e+00, T1b=-7.6442e-01, a=-4.063e+02, A=2.448e+06
[[Fit Statistics]]
    # fitting method   = leastsq
    # function evals   = 59
    # data points      = 16
    # variables        = 3
    chi-square         = 1.6800e+09
    reduced chi-square = 1.2923e+08
    Akaike info crit   = 301.511454
    Bayesian info crit = 303.829220
[[Variables]]
    f:    0.90130643 +/- 0.03069495 (3.41%) (init = 0.5)
    t1a: -1.43298631 +/- 0.01874205 (1.31%) (init = 0)
    t1b: -0.76441962 +/- 0.11516231 (15.07%) (init = 0)
[[Correlations]] (unreported correlations are < 0.100)
    C(f, t1a)   = +0.9255
    C(f, t1b)   = +0.9220
    C(t1a, t1b) = +0.7791

------------------------------
N. PEAK: 2
------------------------------

Fit Parameters:

Mono
y = a + A exp(-t/T1)
fit: T1=-1.0375e+00, a=1.870e+05, A=3.501e+07
[[Fit Statistics]]
    # fitting method   = leastsq
    # function evals   = 19
    # data points      = 16
    # variables        = 1
    chi-square         = 7.5735e+11
    reduced chi-square = 5.0490e+10
    Akaike info crit   = 395.288137
    Bayesian info crit = 396.060726
[[Variables]]
    t1: -1.03750749 +/- 0.00540553 (0.52%) (init = 0)

Bi
y = a + A (f exp(-t/T1a)+ (1-f) exp(-t/T1b))
fit: f=6.082e-01, T1a=-1.1655e+00, T1b=-8.5039e-01, a=2.219e+04, A=3.551e+07
[[Fit Statistics]]
    # fitting method   = leastsq
    # function evals   = 67
    # data points      = 16
    # variables        = 3
    chi-square         = 1.3859e+10
    reduced chi-square = 1.0661e+09
    Akaike info crit   = 335.273620
    Bayesian info crit = 337.591386
[[Variables]]
    f:    0.60821059 +/- 0.05416024 (8.90%) (init = 0.5)
    t1a: -1.16553859 +/- 0.01620926 (1.39%) (init = 0)
    t1b: -0.85038588 +/- 0.02151041 (2.53%) (init = 0)
[[Correlations]] (unreported correlations are < 0.100)
    C(f, t1a)   = +0.9865
    C(f, t1b)   = +0.9860
    C(t1a, t1b) = +0.9494
====================================================================================================
